5ï¿½available for dynamï¿½ets Jul 29 2019 12:21:46

rst:0x1 (POWERON_RESET),boot:0x13 (SPI_FAST_FLASH_BOOT)
configsip: 0, SPIWP:0xee
clk_drv:0x00,q_drv:0x00,d_drv:0x00,cs0_drv:0x00,hd_drv:0x00,wp_drv:0x00
mode:DIO, clock div:2
load:0x3fff0030,len:7172
load:0x40078000,len:15540
load:0x40080400,len:4
ho 8 tail 4 room 4
load:0x40080404,len:3904
entry 0x40080640
[0;32mI (31) boot: ESP-IDF v5.2.1 2nd stage bootloader[0m
[0;32mI (31) boot: compile time May  6 2024 18:07:38[0m
[0;32mI (31) boot: Multicore bootloader[0m
[0;32mI (35) boot: chip revision: v3.1[0m
[0;32mI (39) boot.esp32: SPI Speed      : 40MHz[0m
[0;32mI (44) boot.esp32: SPI Mode       : DIO[0m
[0;32mI (48) boot.esp32: SPI Flash Size : 2MB[0m
[0;32mI (53) boot: Enabling RNG early entropy source...[0m
[0;32mI (58) boot: Partition Table:[0m
[0;32mI (62) boot: ## Label            Usage          Type ST Offset   Length[0m
[0;32mI (69) boot:  0 nvs              WiFi data        01 02 00009000 00006000[0m
[0;32mI (77) boot:  1 phy_init         RF data          01 01 0000f000 00001000[0m
[0;32mI (84) boot:  2 factory          factory app      00 00 00010000 00100000[0m
[0;32mI (92) boot: End of partition table[0m
[0;32mI (96) esp_image: segment 0: paddr=00010020 vaddr=3f400020 size=09c48h ( 40008) map[0m
[0;32mI (118) esp_image: segment 1: paddr=00019c70 vaddr=3ffb0000 size=0220ch (  8716) load[0m
[0;32mI (121) esp_image: segment 2: paddr=0001be84 vaddr=40080000 size=04194h ( 16788) load[0m
[0;32mI (130) esp_image: segment 3: paddr=00020020 vaddr=400d0020 size=142a0h ( 82592) map[0m
[0;32mI (161) esp_image: segment 4: paddr=000342c8 vaddr=40084194 size=08588h ( 34184) load[0m
[0;32mI (180) boot: Loaded app from partition at offset 0x10000[0m
[0;32mI (181) boot: Disabling RNG early entropy source...[0m
[0;32mI (192) cpu_start: Multicore app[0m
[0;32mI (201) cpu_start: Pro cpu start user code[0m
[0;32mI (201) cpu_start: cpu freq: 160000000 Hz[0m
[0;32mI (201) cpu_start: Application information:[0m
[0;32mI (204) cpu_start: Project name:     main[0m
[0;32mI (209) cpu_start: App version:      1[0m
[0;32mI (213) cpu_start: Compile time:     May  6 2024 18:07:22[0m
[0;32mI (219) cpu_start: ELF file SHA256:  c3a3e7ba0...[0m
[0;32mI (224) cpu_start: ESP-IDF:          v5.2.1[0m
[0;32mI (229) cpu_start: Min chip rev:     v0.0[0m
[0;32mI (234) cpu_start: Max chip rev:     v3.99 [0m
[0;32mI (239) cpu_start: Chip rev:         v3.1[0m
[0;32mI (244) heap_init: Initializing. RAM available for dynamic allocation:[0m
[0;32mI (251) heap_init: At 3FFAE6E0 len 00001920 (6 KiB): DRAM[0m
[0;32mI (257) heap_init: At 3FFB2AD8 len 0002D528 (181 KiB): DRAM[0m
[0;32mI (263) heap_init: At 3FFE0440 len 00003AE0 (14 KiB): D/IRAM[0m
[0;32mI (269) heap_init: At 3FFE4350 len 0001BCB0 (111 KiB): D/IRAM[0m
[0;32mI (276) heap_init: At 4008C71C len 000138E4 (78 KiB): IRAM[0m
[0;32mI (283) spi_flash: detected chip: generic[0m
[0;32mI (287) spi_flash: flash io: dio[0m
[0;33mW (291) spi_flash: Detected size(4096k) larger than the size in the binary image header(2048k). Using the size in the binary image header.[0m
[0;33mW (304) ADC: legacy driver is deprecated, please migrate to `esp_adc/adc_oneshot.h`[0m
[0;32mI (313) main_task: Started on CPU0[0m
[0;32mI (323) main_task: Calling app_main()[0m
>>  0 2423
[0;32mI (323) main_task: Returned from app_main()[0m
>>  1 1621
>>  2 1581
>>  3 1557
>>  4 1563
>>  5 1571
>>  6 1568
>>  7 1535
>>  8 1535
>>  9 1570
>>  10 1584
>>  11 1570
>>  12 1568
>>  13 1573
>>  14 1573
>>  15 1557
>>  16 1553
>>  17 1559
>>  18 1569
>>  19 1535
>>  20 1526
>>  21 1535
>>  22 1535
>>  23 1535
>>  24 1555
>>  25 1564
>>  26 1535
>>  27 1535
>>  28 1571
>>  29 1555
>>  30 1557
>>  31 1562
>>  32 1554
>>  33 1535
>>  34 1535
>>  35 1552
>>  36 1535
>>  37 1567
>>  38 1568
>>  39 1535
>>  40 1564
>>  41 1554
>>  42 1568
>>  43 1535
>>  44 1553
>>  45 1535
>>  46 1554
>>  47 1553
>>  48 1557
>>  49 1524
>>  50 1535
>>  51 1567
>>  52 1535
>>  53 1535
>>  54 1511
>>  55 1525
>>  56 1553
>>  57 1531
>>  58 1557
>>  59 1562
>>  60 1571
>>  61 1555
>>  62 1535
>>  63 1535
>>  64 1566
>>  65 1565
>>  66 1553
>>  67 1557
>>  68 1561
>>  69 1533
>>  70 1557
>>  71 1535
>>  72 1555
>>  73 1534
>>  74 1559
>>  75 1552
>>  76 1535
>>  77 1565
>>  78 1535
>>  79 1532
>>  80 1519
>>  81 1535
>>  82 1535
>>  83 1555
>>  84 1535
>>  85 1535
>>  86 1527
>>  87 1535
>>  88 1535
>>  89 1553
>>  90 1558
>>  91 1530
>>  92 1535
>>  93 1554
>>  94 1535
>>  95 1535
>>  96 1562
>>  97 1555
>>  98 1535
>>  99 1554
>>  0 1535
>>  1 1535
>>  2 1535
>>  3 1556
>>  4 1567
>>  5 1563
>>  6 1552
>>  7 1563
>>  8 1535
>>  9 1535
>>  10 1535
>>  11 1522
>>  12 1535
>>  13 1529
>>  14 1555
>>  15 1535
>>  16 1554
>>  17 1529
>>  18 1535
>>  19 1535
>>  20 1535
>>  21 1524
>>  22 1535
>>  23 1534
>>  24 1535
>>  25 1535
>>  26 1535
>>  27 1534
>>  28 1530
>>  29 1520
>>  30 1524
>>  31 1533
>>  32 1552
>>  33 1557
>>  34 1569
>>  35 1535
>>  36 1555
>>  37 1535
>>  38 1555
>>  39 1535
>>  40 1535
>>  41 1535
>>  42 1558
>>  43 1535
>>  44 1535
>>  45 1535
>>  46 1557
>>  47 1554
>>  48 1554
>>  49 1535
>>  50 1533
>>  51 1522
>>  52 1520
>>  53 1533
>>  54 1535
>>  55 1555
>>  56 1535
>>  57 1530
>>  58 1557
>>  59 1535
>>  60 1535
>>  61 1531
>>  62 1526
>>  63 1526
>>  64 1522
>>  65 1535
>>  66 1523
>>  67 1535
>>  68 1552
>>  69 1535
>>  70 1520
>>  71 1519
>>  72 1520
>>  73 1523
>>  74 1517
>>  75 1521
>>  76 1514
>>  77 1530
>>  78 1531
>>  79 1520
>>  80 1525
>>  81 1525
>>  82 1535
>>  83 1522
>>  84 1535
>>  85 1535
>>  86 1535
>>  87 1522
>>  88 1516
>>  89 1523
>>  90 1521
>>  91 1522
>>  92 1531
>>  93 1520
>>  94 1525
>>  95 1535
>>  96 1534
>>  97 1526
>>  98 1535
>>  99 1524
>>  0 1533
>>  1 1520
>>  2 1535
>>  3 1535
>>  4 1535
>>  5 1515
>>  6 1525
>>  7 1523
>>  8 1535
>>  9 1533
>>  10 1523
>>  11 1531
>>  12 1526
>>  13 1526
>>  14 1525
>>  15 1525
>>  16 1529
>>  17 1535
>>  18 1529
>>  19 1535
>>  20 1535
>>  21 1535
>>  22 1535
>>  23 1529
>>  24 1515
>>  25 1520
>>  26 1529
>>  27 1520
>>  28 1535
>>  29 1503
>>  30 1520
>>  31 1535
>>  32 1527
>>  33 1529
>>  34 1531
>>  35 1522
>>  36 1527
>>  37 1531
>>  38 1523
>>  39 1523
>>  40 1519
>>  41 1520
>>  42 1531
>>  43 1520
>>  44 1503
>>  45 1524
>>  46 1515
>>  47 1523
>>  48 1520
>>  49 1499
>>  50 1531
>>  51 1520
>>  52 1529
>>  53 1511
>>  54 1515
>>  55 1535
>>  56 1529
>>  57 1520
>>  58 1535
>>  59 1528
>>  60 1535
>>  61 1521
>>  62 1529
>>  63 1525
>>  64 1534
>>  65 1535
>>  66 1521
>>  67 1520
>>  68 1520
>>  69 1515
>>  70 1513
>>  71 1502
>>  72 1504
>>  73 1515
>>  74 1517
>>  75 1521
>>  76 1518
>>  77 1503
>>  78 1520
>>  79 1513
>>  80 1520
>>  81 1535
>>  82 1520
>>  83 1528
>>  84 1515
>>  85 1502
>>  86 1507
>>  87 1522
>>  88 1497
>>  89 1520
>>  90 1533
>>  91 1525
>>  92 1520
>>  93 1525
>>  94 1535
>>  95 1515
>>  96 1520
>>  97 1521
>>  98 1498
>>  99 1494
>>  0 1503
>>  1 1523
>>  2 1514
>>  3 1518
>>  4 1519
>>  5 1506
>>  6 1535
>>  7 1535
>>  8 1518
>>  9 1503
>>  10 1531
>>  11 1523
>>  12 1525
>>  13 1521
>>  14 1510
>>  15 1527
>>  16 1523
>>  17 1527
>>  18 1525
>>  19 1520
>>  20 1520
>>  21 1535
>>  22 1518
>>  23 1522
>>  24 1525
>>  25 1521
>>  26 1514
>>  27 1510
>>  28 1526
>>  29 1520
>>  30 1495
>>  31 1518
>>  32 1521
>>  33 1519
>>  34 1513
>>  35 1530
>>  36 1515
>>  37 1525
>>  38 1503
>>  39 1493
>>  40 1507
>>  41 1523
>>  42 1535
>>  43 1535
>>  44 1531
>>  45 1529
>>  46 1510
>>  47 1520
>>  48 1521
>>  49 1520
>>  50 1520
>>  51 1511
>>  52 1523
>>  53 1522
>>  54 1519
>>  55 1508
>>  56 1526
>>  57 1527
>>  58 1523
>>  59 1518
>>  60 1521
>>  61 1520
>>  62 1535
>>  63 1523
>>  64 1515
>>  65 1520
>>  66 1518
>>  67 1535
>>  68 1521
>>  69 1518
>>  70 1502
>>  71 1527
>>  72 1526
>>  73 1527
>>  74 1523
>>  75 1531
>>  76 1514
>>  77 1531
>>  78 1526
>>  79 1520
>>  80 1520
>>  81 1527
>>  82 1522
>>  83 1515
>>  84 1520
>>  85 1520
>>  86 1514
>>  87 1533
>>  88 1523
>>  89 1525
>>  90 1515
>>  91 1521
>>  92 1509
>>  93 1521
>>  94 1526
>>  95 1520
>>  96 1518
>>  97 1513
>>  98 1516
>>  99 1517
>>  0 1501
>>  1 1515
>>  2 1519
>>  3 1517
>>  4 1494
>>  5 1501
>>  6 1499
>>  7 1511
>>  8 1510
>>  9 1510
>>  10 1513
>>  11 1520
>>  12 1527
>>  13 1529
>>  14 1527
>>  15 1520
>>  16 1527
>>  17 1526
>>  18 1530
>>  19 1505
>>  20 1520
>>  21 1524
>>  22 1501
>>  23 1498
>>  24 1529
>>  25 1535
>>  26 1520
>>  27 1520
>>  28 1518
>>  29 1530
>>  30 1527
>>  31 1525
>>  32 1520
>>  33 1535
>>  34 1520
>>  35 1532
>>  36 1535
>>  37 1506
>>  38 1518
>>  39 1530
>>  40 1535
>>  41 1531
>>  42 1521
>>  43 1525
>>  44 1535
>>  45 1522
>>  46 1530
>>  47 1533
>>  48 1522
>>  49 1520
>>  50 1518
>>  51 1526
>>  52 1520
>>  53 1535
>>  54 1520
>>  55 1520
>>  56 1490
>>  57 1521
>>  58 1518
>>  59 1517
>>  60 1515
>>  61 1525
>>  62 1535
>>  63 1531
>>  64 1535
>>  65 1515
>>  66 1527
>>  67 1518
>>  68 1522
>>  69 1520
>>  70 1529
>>  71 1499
>>  72 1508
>>  73 1520
>>  74 1521
>>  75 1533
>>  76 1521
>>  77 1523
>>  78 1499
>>  79 1505
>>  80 1518
>>  81 1517
>>  82 1533
>>  83 1520
>>  84 1520
>>  85 1521
>>  86 1491
>>  87 1513
>>  88 1517
>>  89 1515
>>  90 1513
>>  91 1499
>>  92 1518
>>  93 1520
>>  94 1520
>>  95 1523
>>  96 1520
>>  97 1503
>>  98 1499
>>  99 1511
>>  0 1518
>>  1 1520
>>  2 1517
>>  3 1519
>>  4 1520
>>  5 1531
>>  6 1516
>>  7 1514
>>  8 1527
>>  9 1515
>>  10 1511
>>  11 1527
>>  12 1514
>>  13 1531
>>  14 1520
>>  15 1525
>>  16 1519
>>  17 1526
>>  18 1520
>>  19 1515
>>  20 1499
>>  21 1520
>>  22 1514
>>  23 1505
>>  24 1535
>>  25 1515
>>  26 1531
>>  27 1521
>>  28 1517
>>  29 1517
>>  30 1526
>>  31 1520
>>  32 1514
>>  33 1521
>>  34 1514
>>  35 1517
>>  36 1514
>>  37 1493
>>  38 1511
>>  39 1520
>>  40 1511
>>  41 1499
>>  42 1499
>>  43 1501
>>  44 1482
>>  45 1511
>>  46 1511
>>  47 1521
>>  48 1520
>>  49 1531
>>  50 1501
>>  51 1517
>>  52 1507
>>  53 1513
>>  54 1518
>>  55 1525
>>  56 1520
>>  57 1518
>>  58 1505
>>  59 1522
>>  60 1520
>>  61 1534
>>  62 1533
>>  63 1510
>>  64 1526
>>  65 1525
>>  66 1527
>>  67 1523
>>  68 1529
>>  69 1520
>>  70 1519
>>  71 1520
>>  72 1535
>>  73 1519
>>  74 1533
>>  75 1521
>>  76 1499
>>  77 1515
>>  78 1523
>>  79 1535
>>  80 1529
>>  81 1523
>>  82 1526
>>  83 1515
>>  84 1523
>>  85 1520
>>  86 1504
>>  87 1498
>>  88 1499
>>  89 1515
>>  90 1501
>>  91 1517
>>  92 1520
>>  93 1517
>>  94 1495
>>  95 1520
>>  96 1510
>>  97 1517
>>  98 1520
>>  99 1505
>>  0 1515
>>  1 1513
>>  2 1520
>>  3 1502
>>  4 1515
>>  5 1521
>>  6 1520
>>  7 1517
>>  8 1507
>>  9 1509
>>  10 1525
>>  11 1511
>>  12 1520
>>  13 1520
>>  14 1517
>>  15 1509
>>  16 1522
>>  17 1507
>>  18 1520
>>  19 1500
>>  20 1499
>>  21 1519
>>  22 1501
>>  23 1513
>>  24 1511
>>  25 1525
>>  26 1523
>>  27 1514
>>  28 1509
>>  29 1511
>>  30 1517
>>  31 1520
>>  32 1505
>>  33 1530
>>  34 1520
>>  35 1533
>>  36 1507
>>  37 1525
>>  38 1497
>>  39 1503
>>  40 1509
>>  41 1520
>>  42 1520
>>  43 1510
>>  44 1520
>>  45 1518
>>  46 1505
>>  47 1515
>>  48 1507
>>  49 1503
>>  50 1511
>>  51 1526
>>  52 1520
>>  53 1526
>>  54 1527
>>  55 1510
>>  56 1507
>>  57 1514
>>  58 1517
>>  59 1509
>>  60 1525
>>  61 1513
>>  62 1498
>>  63 1508
>>  64 1501
>>  65 1526
>>  66 1504
>>  67 1516
>>  68 1526
>>  69 1527
>>  70 1521
>>  71 1520
>>  72 1507
>>  73 1511
>>  74 1511
>>  75 1513
>>  76 1517
>>  77 1520
>>  78 1525
>>  79 1517
>>  80 1517
>>  81 1508
>>  82 1509
>>  83 1510
>>  84 1509
>>  85 1523
>>  86 1524
>>  87 1506
>>  88 1512
>>  89 1513
>>  90 1534
>>  91 1515
>>  92 1520
>>  93 1520
>>  94 1518
>>  95 1514
>>  96 1510
>>  97 1510
>>  98 1518
>>  99 1510
>>  0 1529
>>  1 1526
>>  2 1521
>>  3 1509
>>  4 1525
>>  5 1513
>>  6 1520
>>  7 1482
>>  8 1487
>>  9 1505
>>  10 1529
>>  11 1511
>>  12 1517
>>  13 1531
>>  14 1517
>>  15 1520
>>  16 1521
>>  17 1519
>>  18 1520
>>  19 1520
>>  20 1525
>>  21 1493
>>  22 1517
>>  23 1523
>>  24 1521
