96k) larger than the size in tï¿½ets Jul 29 2019 12:21:46

rst:0x1 (POWERON_RESET),boot:0x13 (SPI_FAST_FLASH_BOOT)
configsip: 0, SPIWP:0xee
clk_drv:0x00,q_drv:0x00,d_drv:0x00,cs0_drv:0x00,hd_drv:0x00,wp_drv:0x00
mode:DIO, clock div:2
load:0x3fff0030,len:7172
load:0x40078000,len:15540
load:0x40080400,len:4
ho 8 tail 4 room 4
load:0x40080404,len:3904
entry 0x40080640
[0;32mI (31) boot: ESP-IDF v5.2.1 2nd stage bootloader[0m
[0;32mI (31) boot: compile time May  6 2024 18:07:38[0m
[0;32mI (31) boot: Multicore bootloader[0m
[0;32mI (35) boot: chip revision: v3.1[0m
[0;32mI (39) boot.esp32: SPI Speed      : 40MHz[0m
[0;32mI (44) boot.esp32: SPI Mode       : DIO[0m
[0;32mI (48) boot.esp32: SPI Flash Size : 2MB[0m
[0;32mI (53) boot: Enabling RNG early entropy source...[0m
[0;32mI (58) boot: Partition Table:[0m
[0;32mI (62) boot: ## Label            Usage          Type ST Offset   Length[0m
[0;32mI (69) boot:  0 nvs              WiFi data        01 02 00009000 00006000[0m
[0;32mI (77) boot:  1 phy_init         RF data          01 01 0000f000 00001000[0m
[0;32mI (84) boot:  2 factory          factory app      00 00 00010000 00100000[0m
[0;32mI (92) boot: End of partition table[0m
[0;32mI (96) esp_image: segment 0: paddr=00010020 vaddr=3f400020 size=09e98h ( 40600) map[0m
[0;32mI (118) esp_image: segment 1: paddr=00019ec0 vaddr=3ffb0000 size=0220ch (  8716) load[0m
[0;32mI (122) esp_image: segment 2: paddr=0001c0d4 vaddr=40080000 size=03f44h ( 16196) load[0m
[0;32mI (130) esp_image: segment 3: paddr=00020020 vaddr=400d0020 size=176ach ( 95916) map[0m
[0;32mI (165) esp_image: segment 4: paddr=000376d4 vaddr=40083f44 size=087d8h ( 34776) load[0m
[0;32mI (185) boot: Loaded app from partition at offset 0x10000[0m
[0;32mI (186) boot: Disabling RNG early entropy source...[0m
[0;32mI (197) cpu_start: Multicore app[0m
[0;32mI (206) cpu_start: Pro cpu start user code[0m
[0;32mI (206) cpu_start: cpu freq: 160000000 Hz[0m
[0;32mI (206) cpu_start: Application information:[0m
[0;32mI (209) cpu_start: Project name:     main[0m
[0;32mI (214) cpu_start: App version:      1[0m
[0;32mI (218) cpu_start: Compile time:     May  6 2024 18:07:22[0m
[0;32mI (224) cpu_start: ELF file SHA256:  e4909dfeb...[0m
[0;32mI (229) cpu_start: ESP-IDF:          v5.2.1[0m
[0;32mI (234) cpu_start: Min chip rev:     v0.0[0m
[0;32mI (239) cpu_start: Max chip rev:     v3.99 [0m
[0;32mI (244) cpu_start: Chip rev:         v3.1[0m
[0;32mI (249) heap_init: Initializing. RAM available for dynamic allocation:[0m
[0;32mI (256) heap_init: At 3FFAE6E0 len 00001920 (6 KiB): DRAM[0m
[0;32mI (262) heap_init: At 3FFB2AD8 len 0002D528 (181 KiB): DRAM[0m
[0;32mI (268) heap_init: At 3FFE0440 len 00003AE0 (14 KiB): D/IRAM[0m
[0;32mI (274) heap_init: At 3FFE4350 len 0001BCB0 (111 KiB): D/IRAM[0m
[0;32mI (281) heap_init: At 4008C71C len 000138E4 (78 KiB): IRAM[0m
[0;32mI (289) spi_flash: detected chip: generic[0m
[0;32mI (292) spi_flash: flash io: dio[0m
[0;33mW (296) spi_flash: Detected size(4096k) larger than the size in the binary image header(2048k). Using the size in the binary image header.[0m
[0;33mW (309) ADC: legacy driver is deprecated, please migrate to `esp_adc/adc_oneshot.h`[0m
[0;32mI (318) main_task: Started on CPU0[0m
[0;32mI (328) main_task: Calling app_main()[0m
>>  0 2448
[0;32mI (328) main_task: Returned from app_main()[0m
>>  1 1633
>>  2 1577
>>  3 1573
>>  4 1562
>>  5 1535
>>  6 1568
>>  7 1585
>>  8 1566
>>  9 1563
>>  10 1569
>>  11 1567
>>  12 1582
>>  13 1585
>>  14 1553
>>  15 1570
>>  16 1575
>>  17 1569
>>  18 1577
>>  19 1568
>>  20 1582
>>  21 1573
>>  22 1569
>>  23 1558
>>  24 1584
>>  25 1568
>>  26 1583
>>  27 1577
>>  28 1584
>>  29 1573
>>  30 1585
>>  31 1577
>>  32 1589
>>  33 1593
>>  34 1590
>>  35 1577
>>  36 1584
>>  37 1578
>>  38 1535
>>  39 1566
>>  40 1579
>>  41 1581
>>  42 1584
>>  43 1584
>>  44 1582
>>  45 1568
>>  46 1569
>>  47 1573
>>  48 1558
>>  49 1582
>>  50 1584
>>  51 1563
>>  52 1557
>>  53 1561
>>  54 1581
>>  55 1563
>>  56 1566
>>  57 1562
>>  58 1582
>>  59 1575
>>  60 1565
>>  61 1567
>>  62 1565
>>  63 1554
>>  64 1565
>>  65 1578
>>  66 1572
>>  67 1563
>>  68 1572
>>  69 1580
>>  70 1568
>>  71 1583
>>  72 1582
>>  73 1582
>>  74 1577
>>  75 1583
>>  76 1563
>>  77 1572
>>  78 1580
>>  79 1558
>>  80 1559
>>  81 1570
>>  82 1558
>>  83 1589
>>  84 1561
>>  85 1557
>>  86 1555
>>  87 1557
>>  88 1553
>>  89 1535
>>  90 1552
>>  91 1572
>>  92 1573
>>  93 1582
>>  94 1535
>>  95 1535
>>  96 1576
>>  97 1573
>>  98 1564
>>  99 1574
>> A3D9D19C99C698E95D9C99DB96D96A9609AA9D19E19DD9E19C29C09C69E29E09D59DB9D69D99D39D69E39DC9D79E69EE9DF9F19F19DB9D09EE9909B09EA9F09EC9F69F69B09E09D99EF9F59D99DA9CD9D19D09D79CA9E09F19F39F19F39F09F09F29F39E79E09E39F59F79F69FC9F39F99F59F69FA9F19C39D09E69A19F09E99DA98A9C59CB9BB9709CC9F39F79829749EE9F59F19F6_>>  0 1661
>>  1 1535
>>  2 1553
>>  3 1574
>>  4 1573
>>  5 1567
>>  6 1565
>>  7 1563
>>  8 1557
>>  9 1578
>>  10 1570
>>  11 1559
>>  12 1562
>>  13 1568
>>  14 1569
>>  15 1569
>>  16 1566
>>  17 1564
>>  18 1535
>>  19 1557
>>  20 1535
>>  21 1561
>>  22 1563
>>  23 1568
>>  24 1535
>>  25 1562
>>  26 1574
>>  27 1577
>>  28 1535
>>  29 1563
>>  30 1569
>>  31 1568
>>  32 1569
>>  33 1573
>>  34 1571
>>  35 1563
>>  36 1573
>>  37 1561
>>  38 1561
>>  39 1555
>>  40 1561
>>  41 1571
>>  42 1566
>>  43 1567
>>  44 1569
>>  45 1557
>>  46 1559
>>  47 1555
>>  48 1563
>>  49 1535
>>  50 1557
>>  51 1557
>>  52 1569
>>  53 1562
>>  54 1557
>>  55 1568
>>  56 1559
>>  57 1565
>>  58 1569
>>  59 1555
>>  60 1553
>>  61 1535
>>  62 1569
>>  63 1559
>>  64 1575
>>  65 1573
>>  66 1535
>>  67 1589
>>  68 1569
>>  69 1573
>>  70 1569
>>  71 1555
>>  72 1535
>>  73 1557
>>  74 1552
>>  75 1553
>>  76 1557
>>  77 1563
>>  78 1561
>>  79 1561
>>  80 1571
>>  81 1567
>>  82 1559
>>  83 1573
>>  84 1575
>>  85 1568
>>  86 1558
>>  87 1535
>>  88 1535
>>  89 1554
>>  90 1553
>>  91 1557
>>  92 1555
>>  93 1566
>>  94 1563
>>  95 1557
>>  96 1554
>>  97 1573
>>  98 1565
>>  99 1563
>> A499F59F79EF9F69F59F69FA9F69FB9FD9F59FD9FE9FE9FF9F99BB9EF9F69F09EB9EB9DE9D09D09DF9DD98C9D39E69FA9FD9FE9F99FD9FF9FD9FA9FA9FC9FF9FC9FE9FB9F69F79FB9FD9F39C59AD9F19F69F09FA9F09FA9FB9D39B09D19DE9E19DA9ED9E69FF9F39E39F19FA9F09F59DA9CD9E19E39D09DD9DF9DA9C99DB9F09F99F79CA9F19E79D09F19F99FF9FF9FE9DF9FB9FF9FB_>>  0 1651
>>  1 1535
>>  2 1535
>>  3 1535
>>  4 1563
>>  5 1562
>>  6 1562
>>  7 1555
>>  8 1568
>>  9 1561
>>  10 1558
>>  11 1562
>>  12 1562
>>  13 1553
>>  14 1573
>>  15 1559
>>  16 1568
>>  17 1568
>>  18 1558
>>  19 1558
>>  20 1535
>>  21 1557
>>  22 1535
>>  23 1553
>>  24 1535
>>  25 1558
>>  26 1571
>>  27 1557
>>  28 1563
>>  29 1559
>>  30 1535
>>  31 1565
>>  32 1562
>>  33 1573
>>  34 1559
>>  35 1563
>>  36 1567
>>  37 1558
>>  38 1568
>>  39 1563
>>  40 1574
>>  41 1552
>>  42 1555
>>  43 1535
>>  44 1556
>>  45 1531
>>  46 1519
>>  47 1535
>>  48 1555
>>  49 1535
>>  50 1535
>>  51 1535
>>  52 1526
>>  53 1516
>>  54 1533
>>  55 1517
>>  56 1522
>>  57 1535
>>  58 1535
>>  59 1535
>>  60 1535
>>  61 1555
>>  62 1557
>>  63 1554
>>  64 1557
>>  65 1535
>>  66 1535
>>  67 1535
>>  68 1535
>>  69 1554
>>  70 1535
>>  71 1520
>>  72 1531
>>  73 1535
>>  74 1535
>>  75 1535
>>  76 1535
>>  77 1535
>>  78 1553
>>  79 1535
>>  80 1575
>>  81 1535
>>  82 1535
>>  83 1535
>>  84 1561
