350 len 0001BCB0 (111 KiB)ï¿½ets Jul 29 2019 12:21:46

rst:0x1 (POWERON_RESET),boot:0x13 (SPI_FAST_FLASH_BOOT)
configsip: 0, SPIWP:0xee
clk_drv:0x00,q_drv:0x00,d_drv:0x00,cs0_drv:0x00,hd_drv:0x00,wp_drv:0x00
mode:DIO, clock div:2
load:0x3fff0030,len:7172
load:0x40078000,len:15540
load:0x40080400,len:4
ho 8 tail 4 room 4
load:0x40080404,len:3904
entry 0x40080640
[0;32mI (31) boot: ESP-IDF v5.2.1 2nd stage bootloader[0m
[0;32mI (31) boot: compile time May  6 2024 18:07:38[0m
[0;32mI (31) boot: Multicore bootloader[0m
[0;32mI (35) boot: chip revision: v3.1[0m
[0;32mI (39) boot.esp32: SPI Speed      : 40MHz[0m
[0;32mI (44) boot.esp32: SPI Mode       : DIO[0m
[0;32mI (48) boot.esp32: SPI Flash Size : 2MB[0m
[0;32mI (53) boot: Enabling RNG early entropy source...[0m
[0;32mI (58) boot: Partition Table:[0m
[0;32mI (62) boot: ## Label            Usage          Type ST Offset   Length[0m
[0;32mI (69) boot:  0 nvs              WiFi data        01 02 00009000 00006000[0m
[0;32mI (77) boot:  1 phy_init         RF data          01 01 0000f000 00001000[0m
[0;32mI (84) boot:  2 factory          factory app      00 00 00010000 00100000[0m
[0;32mI (92) boot: End of partition table[0m
[0;32mI (96) esp_image: segment 0: paddr=00010020 vaddr=3f400020 size=09e98h ( 40600) map[0m
[0;32mI (118) esp_image: segment 1: paddr=00019ec0 vaddr=3ffb0000 size=0220ch (  8716) load[0m
[0;32mI (122) esp_image: segment 2: paddr=0001c0d4 vaddr=40080000 size=03f44h ( 16196) load[0m
[0;32mI (130) esp_image: segment 3: paddr=00020020 vaddr=400d0020 size=176ach ( 95916) map[0m
[0;32mI (165) esp_image: segment 4: paddr=000376d4 vaddr=40083f44 size=087d8h ( 34776) load[0m
[0;32mI (185) boot: Loaded app from partition at offset 0x10000[0m
[0;32mI (186) boot: Disabling RNG early entropy source...[0m
[0;32mI (197) cpu_start: Multicore app[0m
[0;32mI (206) cpu_start: Pro cpu start user code[0m
[0;32mI (206) cpu_start: cpu freq: 160000000 Hz[0m
[0;32mI (206) cpu_start: Application information:[0m
[0;32mI (209) cpu_start: Project name:     main[0m
[0;32mI (214) cpu_start: App version:      1[0m
[0;32mI (218) cpu_start: Compile time:     May  6 2024 18:07:22[0m
[0;32mI (224) cpu_start: ELF file SHA256:  7a06484dd...[0m
[0;32mI (229) cpu_start: ESP-IDF:          v5.2.1[0m
[0;32mI (234) cpu_start: Min chip rev:     v0.0[0m
[0;32mI (239) cpu_start: Max chip rev:     v3.99 [0m
[0;32mI (244) cpu_start: Chip rev:         v3.1[0m
[0;32mI (249) heap_init: Initializing. RAM available for dynamic allocation:[0m
[0;32mI (256) heap_init: At 3FFAE6E0 len 00001920 (6 KiB): DRAM[0m
[0;32mI (262) heap_init: At 3FFB2AD8 len 0002D528 (181 KiB): DRAM[0m
[0;32mI (268) heap_init: At 3FFE0440 len 00003AE0 (14 KiB): D/IRAM[0m
[0;32mI (274) heap_init: At 3FFE4350 len 0001BCB0 (111 KiB): D/IRAM[0m
[0;32mI (281) heap_init: At 4008C71C len 000138E4 (78 KiB): IRAM[0m
[0;32mI (289) spi_flash: detected chip: generic[0m
[0;32mI (292) spi_flash: flash io: dio[0m
[0;33mW (296) spi_flash: Detected size(4096k) larger than the size in the binary image header(2048k). Using the size in the binary image header.[0m
[0;33mW (309) ADC: legacy driver is deprecated, please migrate to `esp_adc/adc_oneshot.h`[0m
[0;32mI (318) main_task: Started on CPU0[0m
[0;32mI (328) main_task: Calling app_main()[0m
>>  0 2431
[0;32mI (328) main_task: Returned from app_main()[0m
>>  1 1646
>>  2 1583
>>  3 1571
>>  4 1582
>>  5 1564
>>  6 1577
>>  7 1568
>>  8 1558
>>  9 1561
>>  10 1535
>>  11 1561
>>  12 1573
>>  13 1561
>>  14 1535
>>  15 1562
>>  16 1570
>>  17 1581
>>  18 1535
>>  19 1562
>>  20 1584
>>  21 1552
>>  22 1573
>>  23 1573
>>  24 1559
>>  25 1581
>>  26 1587
>>  27 1578
>>  28 1561
>>  29 1567
>>  30 1571
>>  31 1584
>>  32 1578
>>  33 1535
>>  34 1535
>>  35 1557
>>  36 1556
>>  37 1569
>>  38 1575
>>  39 1571
>>  40 1562
>>  41 1570
>>  42 1554
>>  43 1535
>>  44 1557
>>  45 1587
>>  46 1584
>>  47 1561
>>  48 1577
>>  49 1569
>>  50 1565
>>  51 1535
>>  52 1554
>>  53 1535
>>  54 1578
>>  55 1573
>>  56 1568
>>  57 1573
>>  58 1569
>>  59 1567
>>  60 1573
>>  61 1570
>>  62 1582
>>  63 1571
>>  64 1567
>>  65 1568
>>  66 1563
>>  67 1578
>>  68 1554
>>  69 1555
>>  70 1568
>>  71 1535
>>  72 1557
>>  73 1561
>>  74 1535
>>  75 1561
>>  76 1556
>>  77 1560
>>  78 1557
>>  79 1535
>>  80 1574
>>  81 1564
>>  82 1570
>>  83 1571
>>  84 1554
>>  85 1568
>>  86 1553
>>  87 1568
>>  88 1555
>>  89 1563
>>  90 1564
>>  91 1535
>>  92 1535
>>  93 1561
>>  94 1535
>>  95 1555
>>  96 1535
>>  97 1531
>>  98 1535
>>  99 1535
>> 2542492492502502502502482482502472482492492442472512512502512512482412502482512512522522522512522502402452492492522522512522512422402492522532522532512492492502502502512522522512512532532532532532532532492422502532512512512412492512502512522532532532532532532512532492532532522512512512432402412512529_>>  0 1663
>>  1 1559
>>  2 1561
>>  3 1573
>>  4 1535
>>  5 1572
>>  6 1563
>>  7 1535
>>  8 1552
>>  9 1560
>>  10 1561
>>  11 1563
>>  12 1535
>>  13 1557
>>  14 1552
>>  15 1561
>>  16 1562
>>  17 1535
>>  18 1554
>>  19 1535
>>  20 1535
>>  21 1535
>>  22 1556
>>  23 1559
>>  24 1563
>>  25 1557
>>  26 1563
>>  27 1534
>>  28 1535
>>  29 1535
>>  30 1573
>>  31 1557
>>  32 1535
>>  33 1535
>>  34 1535
>>  35 1563
>>  36 1555
>>  37 1535
>>  38 1562
>>  39 1557
>>  40 1565
>>  41 1521
>>  42 1527
>>  43 1529
>>  44 1525
>>  45 1535
>>  46 1533
>>  47 1517
>>  48 1552
>>  49 1535
>>  50 1552
>>  51 1555
>>  52 1557
>>  53 1561
>>  54 1535
>>  55 1566
>>  56 1559
>>  57 1557
>>  58 1556
>>  59 1555
>>  60 1535
>>  61 1559
>>  62 1529
>>  63 1535
>>  64 1535
>>  65 1535
>>  66 1568
>>  67 1535
>>  68 1535
>>  69 1535
>>  70 1535
>>  71 1556
>>  72 1535
>>  73 1535
>>  74 1558
>>  75 1535
>>  76 1535
>>  77 1535
>>  78 1558
>>  79 1556
>>  80 1535
>>  81 1531
>>  82 1535
>>  83 1535
>>  84 1552
>>  85 1535
>>  86 1529
>>  87 1535
>>  88 1557
>>  89 1565
>>  90 1535
>>  91 1535
>>  92 1561
>>  93 1566
>>  94 1559
>>  95 1553
>>  96 1562
>>  97 1558
>>  98 1535
>>  99 1571
>> 2602522532522432522532532532532542512502522512512532422522502492492512512532532442452522512542532422492522542532492502522512432392412402412402402512532532532532532532542522512512532542542472522522512542542542542502532532542542542482532512542532532542542512512502502502542542532542542522532542522512512_>>  0 1654
>>  1 1535
>>  2 1535
>>  3 1535
>>  4 1535
>>  5 1559
>>  6 1571
>>  7 1535
>>  8 1535
>>  9 1535
>>  10 1535
>>  11 1555
>>  12 1535
>>  13 1558
>>  14 1535
>>  15 1522
>>  16 1510
>>  17 1535
>>  18 1567
>>  19 1535
>>  20 1561
>>  21 1535
>>  22 1567
>>  23 1535
>>  24 1554
>>  25 1530
>>  26 1534
>>  27 1530
>>  28 1535
>>  29 1522
>>  30 1531
>>  31 1535
>>  32 1535
>>  33 1526
>>  34 1530
>>  35 1554
>>  36 1565
>>  37 1535
>>  38 1520
>>  39 1535
>>  40 1535
>>  41 1535
>>  42 1554
>>  43 1553
>>  44 1535
>>  45 1531
>>  46 1534
>>  47 1535
>>  48 1559
>>  49 1562
>>  50 1535
>>  51 1535
>>  52 1562
>>  53 1535
>>  54 1558
>>  55 1527
>>  56 1535
>>  57 1563
>>  58 1535
>>  59 1535
>>  60 1553
>>  61 1563
>>  62 1570
>>  63 1535
>>  64 1527
>>  65 1535
>>  66 1535
>>  67 1526
>>  68 1533
>>  69 1535
>>  70 1562
>>  71 1558
>>  72 1535
>>  73 1535
>>  74 1557
>>  75 1535
>>  76 1535
>>  77 1535
>>  78 1535
>>  79 1554
>>  80 1535
>>  81 1529
>>  82 1535
>>  83 1553
>>  84 1553
>>  85 1535
>>  86 1557
>>  87 1535
>>  88 1535
>>  89 1535
>>  90 1557
>>  91 1554
>>  92 1563
>>  93 1535
>>  94 1535
>>  95 1554
>>  96 1522
>>  97 1535
>>  98 1535
>>  99 1553
>> 2592502502482492522512512512492502512502522492402392512532512492412522532522442442492442392382492472482502532502512502512512512512522522472532512502512502532542532542442512522512532532522512512512512432412472502502502502532512502492502512512502502512532532502522512522512522532492512522542502482512538_>>  0 1650
>>  1 1535
>>  2 1535
>>  3 1535
>>  4 1531
>>  5 1535
>>  6 1565
>>  7 1535
>>  8 1557
>>  9 1552
>>  10 1535
>>  11 1535
>>  12 1554
>>  13 1535
>>  14 1535
>>  15 1557
>>  16 1559
>>  17 1535
>>  18 1518
>>  19 1535
>>  20 1535
>>  21 1535
>>  22 1535
>>  23 1535
>>  24 1558
>>  25 1535
>>  26 1535
>>  27 1562
>>  28 1535
>>  29 1535
>>  30 1535
>>  31 1535
>>  32 1557
>>  33 1535
>>  34 1554
>>  35 1559
>>  36 1535
>>  37 1535
>>  38 1531
>>  39 1552
>>  40 1534
>>  41 1531
>>  42 1531
>>  43 1529
>>  44 1535
>>  45 1534
>>  46 1535
>>  47 1535
>>  48 1535
>>  49 1531
>>  50 1535
>>  51 1521
>>  52 1535
>>  53 1535
>>  54 1521
>>  55 1523
>>  56 1534
>>  57 1535
>>  58 1535
>>  59 1535
>>  60 1533
>>  61 1534
>>  62 1535
>>  63 1535
>>  64 1513
