ï¿½1C len 000138E4 (78 ï¿½ets Jul 29 2019 12:21:46

rst:0x1 (POWERON_RESET),boot:0x13 (SPI_FAST_FLASH_BOOT)
configsip: 0, SPIWP:0xee
clk_drv:0x00,q_drv:0x00,d_drv:0x00,cs0_drv:0x00,hd_drv:0x00,wp_drv:0x00
mode:DIO, clock div:2
load:0x3fff0030,len:7172
load:0x40078000,len:15540
load:0x40080400,len:4
ho 8 tail 4 room 4
load:0x40080404,len:3904
entry 0x40080640
[0;32mI (31) boot: ESP-IDF v5.2.1 2nd stage bootloader[0m
[0;32mI (31) boot: compile time May  6 2024 18:07:38[0m
[0;32mI (31) boot: Multicore bootloader[0m
[0;32mI (35) boot: chip revision: v3.1[0m
[0;32mI (39) boot.esp32: SPI Speed      : 40MHz[0m
[0;32mI (44) boot.esp32: SPI Mode       : DIO[0m
[0;32mI (48) boot.esp32: SPI Flash Size : 2MB[0m
[0;32mI (53) boot: Enabling RNG early entropy source...[0m
[0;32mI (58) boot: Partition Table:[0m
[0;32mI (62) boot: ## Label            Usage          Type ST Offset   Length[0m
[0;32mI (69) boot:  0 nvs              WiFi data        01 02 00009000 00006000[0m
[0;32mI (77) boot:  1 phy_init         RF data          01 01 0000f000 00001000[0m
[0;32mI (84) boot:  2 factory          factory app      00 00 00010000 00100000[0m
[0;32mI (92) boot: End of partition table[0m
[0;32mI (96) esp_image: segment 0: paddr=00010020 vaddr=3f400020 size=09e98h ( 40600) map[0m
[0;32mI (118) esp_image: segment 1: paddr=00019ec0 vaddr=3ffb0000 size=0220ch (  8716) load[0m
[0;32mI (122) esp_image: segment 2: paddr=0001c0d4 vaddr=40080000 size=03f44h ( 16196) load[0m
[0;32mI (130) esp_image: segment 3: paddr=00020020 vaddr=400d0020 size=176ach ( 95916) map[0m
[0;32mI (165) esp_image: segment 4: paddr=000376d4 vaddr=40083f44 size=087d8h ( 34776) load[0m
[0;32mI (185) boot: Loaded app from partition at offset 0x10000[0m
[0;32mI (186) boot: Disabling RNG early entropy source...[0m
[0;32mI (197) cpu_start: Multicore app[0m
[0;32mI (206) cpu_start: Pro cpu start user code[0m
[0;32mI (206) cpu_start: cpu freq: 160000000 Hz[0m
[0;32mI (206) cpu_start: Application information:[0m
[0;32mI (209) cpu_start: Project name:     main[0m
[0;32mI (214) cpu_start: App version:      1[0m
[0;32mI (218) cpu_start: Compile time:     May  6 2024 18:07:22[0m
[0;32mI (224) cpu_start: ELF file SHA256:  cd2e5ff1e...[0m
[0;32mI (229) cpu_start: ESP-IDF:          v5.2.1[0m
[0;32mI (234) cpu_start: Min chip rev:     v0.0[0m
[0;32mI (239) cpu_start: Max chip rev:     v3.99 [0m
[0;32mI (244) cpu_start: Chip rev:         v3.1[0m
[0;32mI (249) heap_init: Initializing. RAM available for dynamic allocation:[0m
[0;32mI (256) heap_init: At 3FFAE6E0 len 00001920 (6 KiB): DRAM[0m
[0;32mI (262) heap_init: At 3FFB2AD8 len 0002D528 (181 KiB): DRAM[0m
[0;32mI (268) heap_init: At 3FFE0440 len 00003AE0 (14 KiB): D/IRAM[0m
[0;32mI (274) heap_init: At 3FFE4350 len 0001BCB0 (111 KiB): D/IRAM[0m
[0;32mI (281) heap_init: At 4008C71C len 000138E4 (78 KiB): IRAM[0m
[0;32mI (288) spi_flash: detected chip: generic[0m
[0;32mI (292) spi_flash: flash io: dio[0m
[0;33mW (296) spi_flash: Detected size(4096k) larger than the size in the binary image header(2048k). Using the size in the binary image header.[0m
[0;33mW (309) ADC: legacy driver is deprecated, please migrate to `esp_adc/adc_oneshot.h`[0m
[0;32mI (318) main_task: Started on CPU0[0m
[0;32mI (328) main_task: Calling app_main()[0m
>>  0 2434
[0;32mI (328) main_task: Returned from app_main()[0m
>>  1 1645
>>  2 1587
>>  3 1570
>>  4 1565
>>  5 1555
>>  6 1557
>>  7 1553
>>  8 1567
>>  9 1583
>>  10 1568
>>  11 1569
>>  12 1568
>>  13 1567
>>  14 1571
>>  15 1535
>>  16 1573
>>  17 1562
>>  18 1566
>>  19 1569
>>  20 1557
>>  21 1565
>>  22 1558
>>  23 1556
>>  24 1577
>>  25 1585
>>  26 1569
>>  27 1579
>>  28 1567
>>  29 1555
>>  30 1559
>>  31 1535
>>  32 1557
>>  33 1565
>>  34 1558
>>  35 1535
>>  36 1557
>>  37 1559
>>  38 1567
>>  39 1565
>>  40 1535
>>  41 1535
>>  42 1555
>>  43 1561
>>  44 1535
>>  45 1565
>>  46 1566
>>  47 1535
>>  48 1571
>>  49 1569
>>  50 1563
>>  51 1535
>>  52 1577
>>  53 1569
>>  54 1583
>>  55 1557
>>  56 1567
>>  57 1567
>>  58 1571
>>  59 1535
>>  60 1575
>>  61 1584
>>  62 1572
>>  63 1568
>>  64 1558
>>  65 1559
>>  66 1554
>>  67 1554
>>  68 1555
>>  69 1535
>>  70 1535
>>  71 1535
>>  72 1555
>>  73 1564
>>  74 1556
>>  75 1535
>>  76 1559
>>  77 1535
>>  78 1561
>>  79 1565
>>  80 1571
>>  81 1571
>>  82 1567
>>  83 1558
>>  84 1569
>>  85 1575
>>  86 1584
>>  87 1579
>>  88 1535
>>  89 1557
>>  90 1535
>>  91 1517
>>  92 1535
>>  93 1553
>>  94 1535
>>  95 1527
>>  96 1523
>>  97 1531
>>  98 1564
>>  99 1566
>> 2551_2495_2483_2454_2454_2469_2495_2503_2505_2497_2480_2480_2463_2475_2480_2478_2510_2512_2489_2486_2474_2471_2473_2477_2497_2496_2478_2482_2491_2490_2490_2398_2461_2508_2497_2493_2494_2512_2496_2484_2393_2459_2491_2511_2438_2501_2517_2524_2529_2526_2393_2480_2506_2523_2539_2512_2512_2515_2487_2438_2512_2527_2533_2530_2505_2482_2509_2510_2486_2480_2391_2480_2515_2531_2480_2493_2526_2533_2534_2531_2513_2510_2529_2527_2531_2534_2535_2535_2447_2514_2413_2414_2496_2526_2531_2411_2417_2407_2517_2529_
>>  0 1664
>>  1 1511
>>  2 1555
>>  3 1562
>>  4 1535
>>  5 1559
>>  6 1559
>>  7 1563
>>  8 1535
>>  9 1527
>>  10 1523
>>  11 1535
>>  12 1535
>>  13 1556
>>  14 1535
>>  15 1535
>>  16 1567
>>  17 1535
>>  18 1535
>>  19 1559
>>  20 1535
>>  21 1555
>>  22 1572
>>  23 1535
>>  24 1568
>>  25 1555
>>  26 1562
>>  27 1552
>>  28 1553
>>  29 1535
>>  30 1535
>>  31 1552
>>  32 1535
>>  33 1535
>>  34 1555
>>  35 1535
>>  36 1535
>>  37 1566
>>  38 1559
>>  39 1566
>>  40 1578
>>  41 1557
>>  42 1535
>>  43 1534
>>  44 1557
>>  45 1555
>>  46 1554
>>  47 1535
>>  48 1554
>>  49 1559
>>  50 1535
>>  51 1566
>>  52 1566
>>  53 1553
>>  54 1535
>>  55 1562
>>  56 1535
>>  57 1535
>>  58 1554
>>  59 1535
>>  60 1535
>>  61 1561
>>  62 1535
>>  63 1535
>>  64 1557
>>  65 1535
>>  66 1569
>>  67 1535
>>  68 1565
>>  69 1553
>>  70 1555
>>  71 1556
>>  72 1563
>>  73 1565
>>  74 1535
>>  75 1535
>>  76 1553
>>  77 1535
>>  78 1533
>>  79 1555
>>  80 1535
>>  81 1562
>>  82 1535
>>  83 1535
>>  84 1535
>>  85 1535
>>  86 1535
>>  87 1535
>>  88 1535
>>  89 1558
>>  90 1557
>>  91 1565
>>  92 1535
>>  93 1554
>>  94 1535
>>  95 1535
>>  96 1555
>>  97 1559
>>  98 1554
>>  99 1555
>> 2556_2484_2522_2530_2530_2529_2517_2528_2436_2403_2384_2489_2448_2509_2487_2499_2505_2491_2517_2514_2529_2531_2535_2528_2527_2490_2529_2528_2531_2526_2479_2501_2478_2514_2512_2506_2495_2532_2532_2534_2539_2543_2539_2487_2523_2535_2517_2517_2532_2536_2419_2512_2534_2534_2534_2537_2419_2407_2512_2514_2530_2537_2534_2541_2524_2523_2523_2518_2516_2509_2513_2513_2538_2539_2533_2533_2541_2535_2535_2537_2516_2525_2535_2517_2525_2530_2515_2530_2507_2512_2478_2527_2534_2538_2502_2510_2512_2518_2535_2534_
>>  0 1680
>>  1 1515
>>  2 1558
>>  3 1535
>>  4 1535
>>  5 1554
>>  6 1561
>>  7 1558
>>  8 1535
>>  9 1517
>>  10 1523
>>  11 1535
>>  12 1535
>>  13 1566
>>  14 1535
>>  15 1524
>>  16 1520
>>  17 1522
>>  18 1520
>>  19 1535
>>  20 1557
>>  21 1553
>>  22 1555
>>  23 1553
>>  24 1535
>>  25 1563
>>  26 1533
>>  27 1555
>>  28 1534
>>  29 1535
>>  30 1535
>>  31 1535
>>  32 1555
>>  33 1535
>>  34 1555
>>  35 1535
>>  36 1556
>>  37 1565
>>  38 1535
>>  39 1535
>>  40 1554
>>  41 1535
>>  42 1535
>>  43 1533
>>  44 1535
>>  45 1535
>>  46 1535
>>  47 1557
>>  48 1554
>>  49 1530
>>  50 1531
>>  51 1535
>>  52 1535
>>  53 1522
>>  54 1535
