Hhï¿½Úšï¿½j%ï¿½(244) heap_iï¿½ets Jul 29 2019 12:21:46

rst:0x1 (POWERON_RESET),boot:0x13 (SPI_FAST_FLASH_BOOT)
configsip: 0, SPIWP:0xee
clk_drv:0x00,q_drv:0x00,d_drv:0x00,cs0_drv:0x00,hd_drv:0x00,wp_drv:0x00
mode:DIO, clock div:2
load:0x3fff0030,len:7172
load:0x40078000,len:15540
load:0x40080400,len:4
ho 8 tail 4 room 4
load:0x40080404,len:3904
entry 0x40080640
[0;32mI (31) boot: ESP-IDF v5.2.1 2nd stage bootloader[0m
[0;32mI (31) boot: compile time May  6 2024 18:07:38[0m
[0;32mI (31) boot: Multicore bootloader[0m
[0;32mI (35) boot: chip revision: v3.1[0m
[0;32mI (39) boot.esp32: SPI Speed      : 40MHz[0m
[0;32mI (44) boot.esp32: SPI Mode       : DIO[0m
[0;32mI (48) boot.esp32: SPI Flash Size : 2MB[0m
[0;32mI (53) boot: Enabling RNG early entropy source...[0m
[0;32mI (58) boot: Partition Table:[0m
[0;32mI (62) boot: ## Label            Usage          Type ST Offset   Length[0m
[0;32mI (69) boot:  0 nvs              WiFi data        01 02 00009000 00006000[0m
[0;32mI (77) boot:  1 phy_init         RF data          01 01 0000f000 00001000[0m
[0;32mI (84) boot:  2 factory          factory app      00 00 00010000 00100000[0m
[0;32mI (92) boot: End of partition table[0m
[0;32mI (96) esp_image: segment 0: paddr=00010020 vaddr=3f400020 size=09c48h ( 40008) map[0m
[0;32mI (118) esp_image: segment 1: paddr=00019c70 vaddr=3ffb0000 size=0220ch (  8716) load[0m
[0;32mI (121) esp_image: segment 2: paddr=0001be84 vaddr=40080000 size=04194h ( 16788) load[0m
[0;32mI (130) esp_image: segment 3: paddr=00020020 vaddr=400d0020 size=142ach ( 82604) map[0m
[0;32mI (161) esp_image: segment 4: paddr=000342d4 vaddr=40084194 size=08588h ( 34184) load[0m
[0;32mI (180) boot: Loaded app from partition at offset 0x10000[0m
[0;32mI (181) boot: Disabling RNG early entropy source...[0m
[0;32mI (192) cpu_start: Multicore app[0m
[0;32mI (201) cpu_start: Pro cpu start user code[0m
[0;32mI (201) cpu_start: cpu freq: 160000000 Hz[0m
[0;32mI (201) cpu_start: Application information:[0m
[0;32mI (204) cpu_start: Project name:     main[0m
[0;32mI (209) cpu_start: App version:      1[0m
[0;32mI (213) cpu_start: Compile time:     May  6 2024 18:07:22[0m
[0;32mI (219) cpu_start: ELF file SHA256:  728fcb94b...[0m
[0;32mI (224) cpu_start: ESP-IDF:          v5.2.1[0m
[0;32mI (229) cpu_start: Min chip rev:     v0.0[0m
[0;32mI (234) cpu_start: Max chip rev:     v3.99 [0m
[0;32mI (239) cpu_start: Chip rev:         v3.1[0m
[0;32mI (244) heap_init: Initializing. RAM available for dynamic allocation:[0m
[0;32mI (251) heap_init: At 3FFAE6E0 len 00001920 (6 KiB): DRAM[0m
[0;32mI (257) heap_init: At 3FFB2AD8 len 0002D528 (181 KiB): DRAM[0m
[0;32mI (263) heap_init: At 3FFE0440 len 00003AE0 (14 KiB): D/IRAM[0m
[0;32mI (269) heap_init: At 3FFE4350 len 0001BCB0 (111 KiB): D/IRAM[0m
[0;32mI (276) heap_init: At 4008C71C len 000138E4 (78 KiB): IRAM[0m
[0;32mI (283) spi_flash: detected chip: generic[0m
[0;32mI (287) spi_flash: flash io: dio[0m
[0;33mW (291) spi_flash: Detected size(4096k) larger than the size in the binary image header(2048k). Using the size in the binary image header.[0m
[0;33mW (304) ADC: legacy driver is deprecated, please migrate to `esp_adc/adc_oneshot.h`[0m
[0;32mI (313) main_task: Started on CPU0[0m
[0;32mI (323) main_task: Calling app_main()[0m
>>  0 2434
[0;32mI (323) main_task: Returned from app_main()[0m
>>  1 1616
>>  2 1565
>>  3 1568
>>  4 1561
>>  5 1527
>>  6 1535
>>  7 1535
>>  8 1559
>>  9 1535
>>  10 1534
>>  11 1531
>>  12 1535
>>  13 1535
>>  14 1535
>>  15 1535
>>  16 1525
>>  17 1535
>>  18 1556
>>  19 1535
>>  20 1535
>>  21 1535
>>  22 1535
>>  23 1519
>>  24 1565
>>  25 1535
>>  26 1535
>>  27 1535
>>  28 1535
>>  29 1535
>>  30 1535
>>  31 1535
>>  32 1520
>>  33 1527
>>  34 1563
>>  35 1554
>>  36 1535
>>  37 1535
>>  38 1557
>>  39 1535
>>  40 1535
>>  41 1555
>>  42 1525
>>  43 1535
>>  44 1530
>>  45 1535
>>  46 1533
>>  47 1531
>>  48 1535
>>  49 1535
>>  50 1535
>>  51 1554
>>  52 1555
>>  53 1531
>>  54 1535
>>  55 1535
>>  56 1535
>>  57 1535
>>  58 1534
>>  59 1506
>>  60 1515
>>  61 1535
>>  62 1521
>>  63 1520
>>  64 1525
>>  65 1533
>>  66 1535
>>  67 1552
>>  68 1535
>>  69 1535
>>  70 1535
>>  71 1553
>>  72 1535
>>  73 1527
>>  74 1535
>>  75 1535
>>  76 1532
>>  77 1511
>>  78 1519
>>  79 1535
>>  80 1535
>>  81 1523
>>  82 1533
>>  83 1535
>>  84 1535
>>  85 1535
>>  86 1535
>>  87 1535
>>  88 1535
>>  89 1535
>>  90 1535
>>  91 1535
>>  92 1527
>>  93 1535
>>  94 1535
>>  95 1535
>>  96 1520
>>  97 1535
>>  98 1553
>>  99 1535
>>  0 1535
>>  1 1520
>>  2 1526
>>  3 1535
>>  4 1535
>>  5 1535
>>  6 1533
>>  7 1535
>>  8 1535
>>  9 1535
>>  10 1523
>>  11 1520
>>  12 1527
>>  13 1552
>>  14 1535
>>  15 1535
>>  16 1535
>>  17 1531
>>  18 1530
>>  19 1535
>>  20 1531
>>  21 1529
>>  22 1535
>>  23 1529
>>  24 1523
>>  25 1531
>>  26 1535
>>  27 1535
>>  28 1535
>>  29 1519
>>  30 1520
>>  31 1535
>>  32 1531
>>  33 1535
>>  34 1535
>>  35 1534
>>  36 1520
>>  37 1535
>>  38 1535
>>  39 1535
>>  40 1535
>>  41 1535
>>  42 1535
>>  43 1535
>>  44 1535
>>  45 1534
>>  46 1535
>>  47 1535
>>  48 1535
>>  49 1531
>>  50 1510
>>  51 1535
>>  52 1533
>>  53 1535
>>  54 1535
>>  55 1522
>>  56 1530
>>  57 1509
>>  58 1525
>>  59 1519
>>  60 1526
>>  61 1526
>>  62 1520
>>  63 1505
>>  64 1513
>>  65 1521
>>  66 1518
>>  67 1519
>>  68 1507
>>  69 1517
>>  70 1516
>>  71 1520
>>  72 1529
>>  73 1531
>>  74 1527
>>  75 1520
>>  76 1521
>>  77 1519
>>  78 1520
>>  79 1523
>>  80 1495
>>  81 1520
>>  82 1530
>>  83 1535
>>  84 1520
>>  85 1521
>>  86 1527
>>  87 1520
>>  88 1504
>>  89 1497
>>  90 1511
>>  91 1526
>>  92 1531
>>  93 1516
>>  94 1534
>>  95 1535
>>  96 1535
>>  97 1517
>>  98 1506
>>  99 1517
>>  0 1521
>>  1 1527
>>  2 1506
>>  3 1529
>>  4 1515
>>  5 1518
>>  6 1531
>>  7 1521
>>  8 1529
>>  9 1531
>>  10 1529
>>  11 1532
>>  12 1526
>>  13 1519
>>  14 1519
>>  15 1518
>>  16 1525
>>  17 1525
>>  18 1520
>>  19 1533
>>  20 1530
>>  21 1523
>>  22 1521
>>  23 1522
>>  24 1522
>>  25 1503
>>  26 1535
>>  27 1527
>>  28 1531
>>  29 1515
>>  30 1516
>>  31 1533
>>  32 1507
>>  33 1517
>>  34 1520
>>  35 1527
>>  36 1535
>>  37 1520
>>  38 1491
>>  39 1495
>>  40 1526
>>  41 1535
>>  42 1526
>>  43 1520
>>  44 1510
>>  45 1530
>>  46 1525
>>  47 1535
>>  48 1515
>>  49 1531
>>  50 1531
>>  51 1535
>>  52 1514
>>  53 1520
>>  54 1521
>>  55 1512
>>  56 1535
>>  57 1507
>>  58 1506
>>  59 1516
>>  60 1520
>>  61 1521
>>  62 1526
>>  63 1511
>>  64 1520
>>  65 1525
>>  66 1501
>>  67 1507
>>  68 1515
>>  69 1515
>>  70 1519
>>  71 1535
>>  72 1535
>>  73 1517
>>  74 1514
>>  75 1519
>>  76 1535
>>  77 1534
>>  78 1522
>>  79 1518
>>  80 1523
>>  81 1514
>>  82 1506
>>  83 1503
>>  84 1521
>>  85 1529
>>  86 1521
>>  87 1523
>>  88 1516
>>  89 1530
>>  90 1535
>>  91 1533
>>  92 1511
>>  93 1525
>>  94 1501
>>  95 1507
>>  96 1494
>>  97 1498
>>  98 1514
>>  99 1514
>>  0 1520
>>  1 1505
>>  2 1514
>>  3 1520
>>  4 1515
>>  5 1529
>>  6 1520
>>  7 1520
>>  8 1533
>>  9 1525
>>  10 1523
>>  11 1511
>>  12 1507
>>  13 1523
>>  14 1520
>>  15 1514
>>  16 1525
>>  17 1505
>>  18 1520
>>  19 1519
>>  20 1515
>>  21 1515
>>  22 1526
>>  23 1531
>>  24 1518
>>  25 1521
>>  26 1515
>>  27 1523
>>  28 1520
>>  29 1495
>>  30 1507
>>  31 1535
>>  32 1517
>>  33 1506
>>  34 1515
>>  35 1524
>>  36 1518
>>  37 1522
>>  38 1510
>>  39 1517
>>  40 1520
>>  41 1527
>>  42 1520
>>  43 1524
>>  44 1517
>>  45 1515
>>  46 1527
>>  47 1519
>>  48 1520
>>  49 1520
>>  50 1511
>>  51 1535
>>  52 1526
>>  53 1530
>>  54 1497
>>  55 1497
>>  56 1507
>>  57 1493
>>  58 1520
>>  59 1527
>>  60 1523
>>  61 1519
>>  62 1518
>>  63 1535
>>  64 1523
>>  65 1533
>>  66 1518
>>  67 1518
>>  68 1503
>>  69 1510
>>  70 1499
>>  71 1523
>>  72 1515
>>  73 1519
>>  74 1526
>>  75 1525
>>  76 1510
>>  77 1519
>>  78 1503
>>  79 1519
>>  80 1519
>>  81 1515
>>  82 1516
>>  83 1522
>>  84 1509
>>  85 1506
>>  86 1514
>>  87 1509
>>  88 1517
>>  89 1513
>>  90 1504
>>  91 1515
>>  92 1518
>>  93 1520
>>  94 1514
>>  95 1520
>>  96 1518
>>  97 1524
>>  98 1520
>>  99 1520
>>  0 1509
>>  1 1515
>>  2 1531
>>  3 1519
>>  4 1523
>>  5 1529
>>  6 1535
>>  7 1524
>>  8 1533
>>  9 1535
>>  10 1535
>>  11 1535
>>  12 1535
>>  13 1535
>>  14 1533
>>  15 1533
>>  16 1520
>>  17 1519
>>  18 1511
>>  19 1529
>>  20 1521
>>  21 1522
>>  22 1555
>>  23 1554
>>  24 1535
>>  25 1535
>>  26 1552
>>  27 1535
>>  28 1535
>>  29 1535
>>  30 1525
>>  31 1533
>>  32 1535
>>  33 1535
>>  34 1556
>>  35 1556
>>  36 1518
>>  37 1520
>>  38 1529
>>  39 1517
>>  40 1519
>>  41 1535
>>  42 1557
>>  43 1535
>>  44 1535
>>  45 1535
>>  46 1535
>>  47 1553
>>  48 1553
>>  49 1535
>>  50 1535
>>  51 1535
>>  52 1535
>>  53 1555
>>  54 1567
>>  55 1534
>>  56 1535
>>  57 1531
>>  58 1535
>>  59 1535
>>  60 1535
>>  61 1535
>>  62 1554
>>  63 1552
>>  64 1535
>>  65 1535
>>  66 1535
>>  67 1535
>>  68 1531
>>  69 1520
>>  70 1535
>>  71 1535
>>  72 1523
>>  73 1525
>>  74 1529
>>  75 1553
>>  76 1535
>>  77 1535
>>  78 1522
>>  79 1525
>>  80 1535
>>  81 1535
>>  82 1527
>>  83 1520
>>  84 1513
>>  85 1526
>>  86 1553
>>  87 1553
>>  88 1535
>>  89 1535
>>  90 1535
>>  91 1535
>>  92 1535
>>  93 1553
>>  94 1535
>>  95 1552
>>  96 1535
>>  97 1535
>>  98 1534
>>  99 1535
>>  0 1535
>>  1 1555
>>  2 1535
>>  3 1566
>>  4 1533
>>  5 1535
>>  6 1556
>>  7 1527
>>  8 1552
>>  9 1535
>>  10 1503
>>  11 1522
>>  12 1535
>>  13 1535
>>  14 1530
>>  15 1520
>>  16 1527
>>  17 1535
>>  18 1535
>>  19 1535
>>  20 1555
>>  21 1535
>>  22 1535
>>  23 1535
>>  24 1556
>>  25 1535
>>  26 1535
>>  27 1535
>>  28 1535
>>  29 1535
>>  30 1535
>>  31 1533
>>  32 1523
>>  33 1517
>>  34 1535
>>  35 1555
>>  36 1535
>>  37 1535
>>  38 1520
>>  39 1532
>>  40 1535
>>  41 1535
>>  42 1535
>>  43 1535
>>  44 1535
>>  45 1535
>>  46 1517
>>  47 1527
>>  48 1535
>>  49 1535
>>  50 1533
>>  51 1535
