ted chip: generic[0m
ï¿½ets Jul 29 2019 12:21:46

rst:0x1 (POWERON_RESET),boot:0x13 (SPI_FAST_FLASH_BOOT)
configsip: 0, SPIWP:0xee
clk_drv:0x00,q_drv:0x00,d_drv:0x00,cs0_drv:0x00,hd_drv:0x00,wp_drv:0x00
mode:DIO, clock div:2
load:0x3fff0030,len:7172
load:0x40078000,len:15540
load:0x40080400,len:4
ho 8 tail 4 room 4
load:0x40080404,len:3904
entry 0x40080640
[0;32mI (31) boot: ESP-IDF v5.2.1 2nd stage bootloader[0m
[0;32mI (31) boot: compile time May  6 2024 18:07:38[0m
[0;32mI (31) boot: Multicore bootloader[0m
[0;32mI (35) boot: chip revision: v3.1[0m
[0;32mI (39) boot.esp32: SPI Speed      : 40MHz[0m
[0;32mI (44) boot.esp32: SPI Mode       : DIO[0m
[0;32mI (48) boot.esp32: SPI Flash Size : 2MB[0m
[0;32mI (53) boot: Enabling RNG early entropy source...[0m
[0;32mI (58) boot: Partition Table:[0m
[0;32mI (62) boot: ## Label            Usage          Type ST Offset   Length[0m
[0;32mI (69) boot:  0 nvs              WiFi data        01 02 00009000 00006000[0m
[0;32mI (77) boot:  1 phy_init         RF data          01 01 0000f000 00001000[0m
[0;32mI (84) boot:  2 factory          factory app      00 00 00010000 00100000[0m
[0;32mI (92) boot: End of partition table[0m
[0;32mI (96) esp_image: segment 0: paddr=00010020 vaddr=3f400020 size=09c48h ( 40008) map[0m
[0;32mI (118) esp_image: segment 1: paddr=00019c70 vaddr=3ffb0000 size=0220ch (  8716) load[0m
[0;32mI (121) esp_image: segment 2: paddr=0001be84 vaddr=40080000 size=04194h ( 16788) load[0m
[0;32mI (130) esp_image: segment 3: paddr=00020020 vaddr=400d0020 size=142a0h ( 82592) map[0m
[0;32mI (161) esp_image: segment 4: paddr=000342c8 vaddr=40084194 size=08588h ( 34184) load[0m
[0;32mI (180) boot: Loaded app from partition at offset 0x10000[0m
[0;32mI (181) boot: Disabling RNG early entropy source...[0m
[0;32mI (192) cpu_start: Multicore app[0m
[0;32mI (201) cpu_start: Pro cpu start user code[0m
[0;32mI (201) cpu_start: cpu freq: 160000000 Hz[0m
[0;32mI (201) cpu_start: Application information:[0m
[0;32mI (204) cpu_start: Project name:     main[0m
[0;32mI (208) cpu_start: App version:      1[0m
[0;32mI (213) cpu_start: Compile time:     May  6 2024 18:07:22[0m
[0;32mI (219) cpu_start: ELF file SHA256:  9ef79e1be...[0m
[0;32mI (224) cpu_start: ESP-IDF:          v5.2.1[0m
[0;32mI (229) cpu_start: Min chip rev:     v0.0[0m
[0;32mI (234) cpu_start: Max chip rev:     v3.99 [0m
[0;32mI (239) cpu_start: Chip rev:         v3.1[0m
[0;32mI (244) heap_init: Initializing. RAM available for dynamic allocation:[0m
[0;32mI (251) heap_init: At 3FFAE6E0 len 00001920 (6 KiB): DRAM[0m
[0;32mI (257) heap_init: At 3FFB2AD8 len 0002D528 (181 KiB): DRAM[0m
[0;32mI (263) heap_init: At 3FFE0440 len 00003AE0 (14 KiB): D/IRAM[0m
[0;32mI (269) heap_init: At 3FFE4350 len 0001BCB0 (111 KiB): D/IRAM[0m
[0;32mI (276) heap_init: At 4008C71C len 000138E4 (78 KiB): IRAM[0m
[0;32mI (283) spi_flash: detected chip: generic[0m
[0;32mI (287) spi_flash: flash io: dio[0m
[0;33mW (291) spi_flash: Detected size(4096k) larger than the size in the binary image header(2048k). Using the size in the binary image header.[0m
[0;33mW (304) ADC: legacy driver is deprecated, please migrate to `esp_adc/adc_oneshot.h`[0m
[0;32mI (313) main_task: Started on CPU0[0m
[0;32mI (323) main_task: Calling app_main()[0m
>>  0 2411
[0;32mI (323) main_task: Returned from app_main()[0m
>>  1 1616
>>  2 1535
>>  3 1531
>>  4 1519
>>  5 1525
>>  6 1514
>>  7 1521
>>  8 1511
>>  9 1517
>>  10 1516
>>  11 1520
>>  12 1531
>>  13 1521
>>  14 1517
>>  15 1510
>>  16 1518
>>  17 1531
>>  18 1520
>>  19 1506
>>  20 1502
>>  21 1517
>>  22 1511
>>  23 1507
>>  24 1515
>>  25 1514
>>  26 1516
>>  27 1518
>>  28 1522
>>  29 1518
>>  30 1525
>>  31 1535
>>  32 1523
>>  33 1520
>>  34 1526
>>  35 1520
>>  36 1506
>>  37 1501
>>  38 1515
>>  39 1532
>>  40 1520
>>  41 1535
>>  42 1515
>>  43 1522
>>  44 1509
>>  45 1502
>>  46 1535
>>  47 1511
>>  48 1520
>>  49 1524
>>  50 1530
>>  51 1521
>>  52 1520
>>  53 1535
>>  54 1511
>>  55 1505
>>  56 1505
>>  57 1523
>>  58 1535
>>  59 1534
>>  60 1521
>>  61 1535
>>  62 1535
>>  63 1521
>>  64 1521
>>  65 1526
>>  66 1525
>>  67 1523
>>  68 1514
>>  69 1492
>>  70 1522
>>  71 1515
>>  72 1513
>>  73 1510
>>  74 1508
>>  75 1511
>>  76 1510
>>  77 1495
>>  78 1503
>>  79 1509
>>  80 1497
>>  81 1529
>>  82 1523
>>  83 1518
>>  84 1520
>>  85 1520
>>  86 1520
>>  87 1530
>>  88 1527
>>  89 1523
>>  90 1517
>>  91 1511
>>  92 1535
>>  93 1525
>>  94 1521
>>  95 1531
>>  96 1535
>>  97 1533
>>  98 1521
>>  99 1535
[0;31mE (1323) FreeRTOS: FreeRTOS Task "adc_task" should not return, Aborting now![0m

abort() was called at PC 0x4008603f on core 0


Backtrace: 0x400815ea:0x3ffb7a20 0x400857bd:0x3ffb7a40 0x4008b0ad:0x3ffb7a60 0x4008603f:0x3ffb7ad0




ELF file SHA256: 9ef79e1be

Rebooting...
ets Jul 29 2019 12:21:46

rst:0xc (SW_CPU_RESET),boot:0x13 (SPI_FAST_FLASH_BOOT)
configsip: 0, SPIWP:0xee
clk_drv:0x00,q_drv:0x00,d_drv:0x00,cs0_drv:0x00,hd_drv:0x00,wp_drv:0x00
mode:DIO, clock div:2
load:0x3fff0030,len:7172
load:0x40078000,len:15540
load:0x40080400,len:4
ho 8 tail 4 room 4
load:0x40080404,len:3904
entry 0x40080640
[0;32mI (31) boot: ESP-IDF v5.2.1 2nd stage bootloader[0m
[0;32mI (31) boot: compile time May  6 2024 18:07:38[0m
[0;32mI (31) boot: Multicore bootloader[0m
[0;32mI (35) boot: chip revision: v3.1[0m
[0;32mI (39) boot.esp32: SPI Speed      : 40MHz[0m
[0;32mI (44) boot.esp32: SPI Mode       : DIO[0m
[0;32mI (48) boot.esp32: SPI Flash Size : 2MB[0m
[0;32mI (53) boot: Enabling RNG early entropy source...[0m
[0;32mI (58) boot: Partition Table:[0m
[0;32mI (62) boot: ## Label            Usage          Type ST Offset   Length[0m
[0;32mI (69) boot:  0 nvs              WiFi data        01 02 00009000 00006000[0m
[0;32mI (76) boot:  1 phy_init         RF data          01 01 0000f000 00001000[0m
[0;32mI (84) boot:  2 factory          factory app      00 00 00010000 00100000[0m
[0;32mI (91) boot: End of partition table[0m
[0;32mI (96) esp_image: segment 0: paddr=00010020 vaddr=3f400020 size=09c48h ( 40008) map[0m
[0;32mI (118) esp_image: segment 1: paddr=00019c70 vaddr=3ffb0000 size=0220ch (  8716) load[0m
[0;32mI (121) esp_image: segment 2: paddr=0001be84 vaddr=40080000 size=04194h ( 16788) load[0m
[0;32mI (130) esp_image: segment 3: paddr=00020020 vaddr=400d0020 size=142a0h ( 82592) map[0m
[0;32mI (160) esp_image: segment 4: paddr=000342c8 vaddr=40084194 size=08588h ( 34184) load[0m
[0;32mI (180) boot: Loaded app from partition at offset 0x10000[0m
[0;32mI (180) boot: Disabling RNG early entropy source...[0m
[0;32mI (192) cpu_start: Multicore app[0m
[0;32mI (201) cpu_start: Pro cpu start user code[0m
[0;32mI (201) cpu_start: cpu freq: 160000000 Hz[0m
[0;32mI (201) cpu_start: Application information:[0m
[0;32mI (204) cpu_start: Project name:     main[0m
[0;32mI (208) cpu_start: App version:      1[0m
[0;32mI (213) cpu_start: Compile time:     May  6 2024 18:07:22[0m
[0;32mI (219) cpu_start: ELF file SHA256:  9ef79e1be...[0m
[0;32mI (224) cpu_start: ESP-IDF:          v5.2.1[0m
[0;32mI (229) cpu_start: Min chip rev:     v0.0[0m
[0;32mI (234) cpu_start: Max chip rev:     v3.99 [0m
[0;32mI (239) cpu_start: Chip rev:         v3.1[0m
[0;32mI (244) heap_init: Initializing. RAM available for dynamic allocation:[0m
[0;32mI (251) heap_init: At 3FFAE6E0 len 00001920 (6 KiB): DRAM[0m
[0;32mI (257) heap_init: At 3FFB2AD8 len 0002D528 (181 KiB): DRAM[0m
[0;32mI (263) heap_init: At 3FFE0440 len 00003AE0 (14 KiB): D/IRAM[0m
[0;32mI (269) heap_init: At 3FFE4350 len 0001BCB0 (111 KiB): D/IRAM[0m
[0;32mI (276) heap_init: At 4008C71C len 000138E4 (78 KiB): IRAM[0m
[0;32mI (283) spi_flash: detected chip: generic[0m
[0;32mI (287) spi_flash: flash io: dio[0m
[0;33mW (290) spi_flash: Detected size(4096k) larger than the size in the binary image header(2048k). Using the size in the binary image header.[0m
[0;33mW (304) ADC: legacy driver is deprecated, please migrate to `esp_adc/adc_oneshot.h`[0m
[0;32mI (313) main_task: Started on CPU0[0m
[0;32mI (323) main_task: Calling app_main()[0m
>>  0 1260
[0;32mI (323) main_task: Returned from app_main()[0m
>>  1 1382
>>  2 1465
>>  3 1488
>>  4 1507
>>  5 1488
>>  6 1490
>>  7 1493
>>  8 1510
>>  9 1497
>>  10 1478
>>  11 1499
>>  12 1497
>>  13 1491
>>  14 1488
>>  15 1511
>>  16 1506
>>  17 1518
>>  18 1490
>>  19 1474
>>  20 1492
>>  21 1510
>>  22 1488
>>  23 1491
>>  24 1499
>>  25 1501
>>  26 1502
>>  27 1491
>>  28 1501
>>  29 1515
>>  30 1493
>>  31 1492
>>  32 1479
>>  33 1483
>>  34 1507
>>  35 1486
>>  36 1478
>>  37 1505
>>  38 1488
>>  39 1513
>>  40 1500
>>  41 1504
>>  42 1508
>>  43 1514
>>  44 1502
>>  45 1517
>>  46 1515
>>  47 1505
>>  48 1515
>>  49 1521
>>  50 1518
>>  51 1517
>>  52 1520
>>  53 1522
>>  54 1499
>>  55 1503
>>  56 1497
>>  57 1510
>>  58 1483
>>  59 1494
>>  60 1488
>>  61 1503
>>  62 1523
>>  63 1508
>>  64 1504
>>  65 1495
>>  66 1501
>>  67 1526
>>  68 1507
>>  69 1509
>>  70 1514
>>  71 1502
>>  72 1509
>>  73 1505
>>  74 1509
>>  75 1505
>>  76 1515
>>  77 1505
>>  78 1520
>>  79 1506
>>  80 1481
>>  81 1470
>>  82 1477
>>  83 1510
>>  84 1514
>>  85 1504
>>  86 1505
>>  87 1523
>>  88 1505
>>  89 1515
>>  90 1502
>>  91 1483
>>  92 1482
>>  93 1483
>>  94 1515
>>  95 1511
>>  96 1513
>>  97 1516
>>  98 1507
>>  99 1525
[0;31mE (1323) FreeRTOS: FreeRTOS Task "adc_task" should not return, Aborting now![0m

abort() was called at PC 0x4008603f on core 0


Backtrace: 0x400815ea:0x3ffb7a20 0x400857bd:0x3ffb7a40 0x4008b0ad:0x3ffb7a60 0x4008603f:0x3ffb7ad0




ELF file SHA256: 9ef79e1be

Rebooting...
ets Jul 29 2019 12:21:46

rst:0xc (SW_CPU_RESET),boot:0x13 (SPI_FAST_FLASH_BOOT)
configsip: 0, SPIWP:0xee
clk_drv:0x00,q_drv:0x00,d_drv:0x00,cs0_drv:0x00,hd_drv:0x00,wp_drv:0x00
mode:DIO, clock div:2
load:0x3fff0030,len:7172
load:0x40078000,len:15540
load:0x40080400,len:4
ho 8 tail 4 room 4
load:0x40080404,len:3904
entry 0x40080640
[0;32mI (31) boot: ESP-IDF v5.2.1 2nd stage bootloader[0m
[0;32mI (31) boot: compile time May  6 2024 18:07:38[0m
[0;32mI (31) boot: Multicore bootloader[0m
[0;32mI (35) boot: chip revision: v3.1[0m
[0;32mI (39) boot.esp32: SPI Speed      : 40MHz[0m
[0;32mI (44) boot.esp32: SPI Mode       : DIO[0m
[0;32mI (48) boot.esp32: SPI Flash Size : 2MB[0m
[0;32mI (53) boot: Enabling RNG early entropy source...[0m
[0;32mI (58) boot: Partition Table:[0m
[0;32mI (62) boot: ## Label            Usage          Type ST Offset   Length[0m
[0;32mI (69) boot:  0 nvs              WiFi data        01 02 00009000 00006000[0m
[0;32mI (76) boot:  1 phy_init         RF data          01 01 0000f000 00001000[0m
[0;32mI (84) boot:  2 factory          factory app      00 00 00010000 00100000[0m
[0;32mI (91) boot: End of partition table[0m
[0;32mI (96) esp_image: segment 0: paddr=00010020 vaddr=3f400020 size=09c48h ( 40008) map[0m
[0;32mI (118) esp_image: segment 1: paddr=00019c70 vaddr=3ffb0000 size=0220ch (  8716) load[0m
[0;32mI (121) esp_image: segment 2: paddr=0001be84 vaddr=40080000 size=04194h ( 16788) load[0m
[0;32mI (130) esp_image: segment 3: paddr=00020020 vaddr=400d0020 size=142a0h ( 82592) map[0m
[0;32mI (160) esp_image: segment 4: paddr=000342c8 vaddr=40084194 size=08588h ( 34184) load[0m
[0;32mI (180) boot: Loaded app from partition at offset 0x10000[0m
[0;32mI (180) boot: Disabling RNG early entropy source...[0m
[0;32mI (192) cpu_start: Multicore app[0m
[0;32mI (201) cpu_start: Pro cpu start user code[0m
[0;32mI (201) cpu_start: cpu freq: 160000000 Hz[0m
[0;32mI (201) cpu_start: Application information:[0m
[0;32mI (204) cpu_start: Project name:     main[0m
[0;32mI (208) cpu_start: App version:      1[0m
[0;32mI (213) cpu_start: Compile time:     May  6 2024 18:07:22[0m
[0;32mI (219) cpu_start: ELF file SHA256:  9ef79e1be...[0m
[0;32mI (224) cpu_start: ESP-IDF:          v5.2.1[0m
[0;32mI (229) cpu_start: Min chip rev:     v0.0[0m
[0;32mI (234) cpu_start: Max chip rev:     v3.99 [0m
[0;32mI (239) cpu_start: Chip rev:         v3.1[0m
[0;32mI (244) heap_init: Initializing. RAM available for dynamic allocation:[0m
[0;32mI (251) heap_init: At 3FFAE6E0 len 00001920 (6 KiB): DRAM[0m
[0;32mI (257) heap_init: At 3FFB2AD8 len 0002D528 (181 KiB): DRAM[0m
[0;32mI (263) heap_init: At 3FFE0440 len 00003AE0 (14 KiB): D/IRAM[0m
[0;32mI (269) heap_init: At 3FFE4350 len 0001BCB0 (111 KiB): D/IRAM[0m
[0;32mI (276) heap_init: At 4008C71C len 000138E4 (78 KiB): IRAM[0m
[0;32mI (283) spi_flash: detected chip: generic[0m
[0;32mI (287) spi_flash: flash io: dio[0m
[0;33mW (290) spi_flash: Detected size(4096k) larger than the size in the binary image header(2048k). Using the size in the binary image header.[0m
[0;33mW (304) ADC: legacy driver is deprecated, please migrate to `esp_adc/adc_oneshot.h`[0m
[0;32mI (313) main_task: Started on CPU0[0m
[0;32mI (323) main_task: Calling app_main()[0m
>>  0 1270
[0;32mI (323) main_task: Returned from app_main()[0m
>>  1 1373
>>  2 1459
>>  3 1477
>>  4 1483
>>  5 1478
>>  6 1482
>>  7 1494
>>  8 1467
>>  9 1488
>>  10 1505
>>  11 1497
>>  12 1488
>>  13 1488
>>  14 1488
>>  15 1496
>>  16 1511
>>  17 1497
>>  18 1517
>>  19 1502
>>  20 1520
>>  21 1502
>>  22 1488
>>  23 1503
>>  24 1492
>>  25 1507
>>  26 1503
>>  27 1504
>>  28 1486
>>  29 1490
>>  30 1492
>>  31 1503
>>  32 1488
>>  33 1495
>>  34 1499
>>  35 1519
>>  36 1517
>>  37 1513
>>  38 1507
>>  39 1515
>>  40 1507
>>  41 1490
>>  42 1495
>>  43 1519
>>  44 1511
>>  45 1493
>>  46 1501
>>  47 1494
>>  48 1509
>>  49 1489
>>  50 1505
>>  51 1487
>>  52 1505
>>  53 1491
>>  54 1489
>>  55 1497
>>  56 1501
>>  57 1515
>>  58 1495
>>  59 1511
>>  60 1495
>>  61 1495
>>  62 1502
>>  63 1520
>>  64 1486
>>  65 1511
>>  66 1508
>>  67 1509
>>  68 1513
>>  69 1499
>>  70 1515
>>  71 1495
>>  72 1506
>>  73 1478
>>  74 1473
>>  75 1477
>>  76 1496
>>  77 1498
>>  78 1499
>>  79 1488
>>  80 1508
>>  81 1516
>>  82 1521
>>  83 1502
>>  84 1506
>>  85 1494
>>  86 1520
>>  87 1513
>>  88 1523
>>  89 1531
>>  90 1513
>>  91 1521
>>  92 1520
>>  93 1507
>>  94 1519
>>  95 1519
>>  96 1522
>>  97 1531
>>  98 1508
>>  99 1503
[0;31mE (1323) FreeRTOS: FreeRTOS Task "adc_task" should not return, Aborting now![0m

abort() was called at PC 0x4008603f on core 0


Backtrace: 0x400815ea:0x3ffb7a20 0x400857bd:0x3ffb7a40 0x4008b0ad:0x3ffb7a60 0x4008603f:0x3ffb7ad0




ELF file SHA256: 9ef79e1be

Rebooting...
ets Jul 29 2019 12:21:46

rst:0xc (SW_CPU_RESET),boot:0x13 (SPI_FAST_FLASH_BOOT)
configsip: 0, SPIWP:0xee
clk_drv:0x00,q_drv:0x00,d_drv:0x00,cs0_drv:0x00,hd_drv:0x00,wp_drv:0x00
mode:DIO, clock div:2
load:0x3fff0030,len:7172
load:0x40078000,len:15540
load:0x40080400,len:4
ho 8 tail 4 room 4
load:0x40080404,len:3904
entry 0x40080640
[0;32mI (31) boot: ESP-IDF v5.2.1 2nd stage bootloader[0m
[0;32mI (31) boot: compile time May  6 2024 18:07:38[0m
[0;32mI (31) boot: Multicore bootloader[0m
[0;32mI (35) boot: chip revision: v3.1[0m
[0;32mI (39) boot.esp32: SPI Speed      : 40MHz[0m
[0;32mI (44) boot.esp32: SPI Mode       : DIO[0m
[0;32mI (48) boot.esp32: SPI Flash Size : 2MB[0m
[0;32mI (53) boot: Enabling RNG early entropy source...[0m
[0;32mI (58) boot: Partition Table:[0m
[0;32mI (62) boot: ## Label            Usage          Type ST Offset   Length[0m
[0;32mI (69) boot:  0 nvs              WiFi data        01 02 00009000 00006000[0m
[0;32mI (76) boot:  1 phy_init         RF data          01 01 0000f000 00001000[0m
[0;32mI (84) boot:  2 factory          factory app      00 00 00010000 00100000[0m
[0;32mI (91) boot: End of partition table[0m
[0;32mI (96) esp_image: segment 0: paddr=00010020 vaddr=3f400020 size=09c48h ( 40008) map[0m
[0;32mI (118) esp_image: segment 1: paddr=00019c70 vaddr=3ffb0000 size=0220ch (  8716) load[0m
[0;32mI (121) esp_image: segment 2: paddr=0001be84 vaddr=40080000 size=04194h ( 16788) load[0m
[0;32mI (130) esp_image: segment 3: paddr=00020020 vaddr=400d0020 size=142a0h ( 82592) map[0m
[0;32mI (160) esp_image: segment 4: paddr=000342c8 vaddr=40084194 size=08588h ( 34184) load[0m
[0;32mI (180) boot: Loaded app from partition at offset 0x10000[0m
[0;32mI (180) boot: Disabling RNG early entropy source...[0m
[0;32mI (192) cpu_start: Multicore app[0m
[0;32mI (201) cpu_start: Pro cpu start user code[0m
[0;32mI (201) cpu_start: cpu freq: 160000000 Hz[0m
[0;32mI (201) cpu_start: Application information:[0m
[0;32mI (204) cpu_start: Project name:     main[0m
[0;32mI (208) cpu_start: App version:      1[0m
[0;32mI (213) cpu_start: Compile time:     May  6 2024 18:07:22[0m
[0;32mI (219) cpu_start: ELF file SHA256:  9ef79e1be...[0m
[0;32mI (224) cpu_start: ESP-IDF:          v5.2.1[0m
[0;32mI (229) cpu_start: Min chip rev:     v0.0[0m
[0;32mI (234) cpu_start: Max chip rev:     v3.99 [0m
[0;32mI (239) cpu_start: Chip rev:         v3.1[0m
[0;32mI (244) heap_init: Initializing. RAM available for dynamic allocation:[0m
[0;32mI (251) heap_init: At 3FFAE6E0 len 00001920 (6 KiB): DRAM[0m
[0;32mI (257) heap_init: At 3FFB2AD8 len 0002D528 (181 KiB): DRAM[0m
[0;32mI (263) heap_init: At 3FFE0440 len 00003AE0 (14 KiB): D/IRAM[0m
[0;32mI (269) heap_init: At 3FFE4350 len 0001BCB0 (111 KiB): D/IRAM[0m
[0;32mI (276) heap_init: At 4008C71C len 000138E4 (78 KiB): IRAM[0m
[0;32mI (283) spi_flash: detected chip: generic[0m
[0;32mI (287) spi_flash: flash io: dio[0m
[0;33mW (290) spi_flash: Detected size(4096k) larger than the size in the binary image header(2048k). Using the size in the binary image header.[0m
[0;33mW (304) ADC: legacy driver is deprecated, please migrate to `esp_adc/adc_oneshot.h`[0m
[0;32mI (313) main_task: Started on CPU0[0m
[0;32mI (323) main_task: Calling app_main()[0m
>>  0 1282
[0;32mI (323) main_task: Returned from app_main()[0m
>>  1 1393
>>  2 1464
>>  3 1498
>>  4 1497
>>  5 1486
>>  6 1475
>>  7 1487
>>  8 1494
>>  9 1493
>>  10 1513
>>  11 1520
>>  12 1529
>>  13 1509
>>  14 1521
>>  15 1520
>>  16 1515
>>  17 1501
>>  18 1516
>>  19 1518
>>  20 1514
>>  21 1520
>>  22 1508
>>  23 1511
>>  24 1489
>>  25 1505
>>  26 1503
>>  27 1520
>>  28 1517
>>  29 1520
>>  30 1503
>>  31 1504
>>  32 1510
>>  33 1488
>>  34 1514
>>  35 1502
>>  36 1518
>>  37 1520
>>  38 1520
>>  39 1520
>>  40 1526
>>  41 1535
>>  42 1520
>>  43 1520
>>  44 1504
>>  45 1506
>>  46 1524
>>  47 1514
>>  48 1517
>>  49 1517
>>  50 1513
>>  51 1499
>>  52 1508
>>  53 1507
>>  54 1505
>>  55 1505
>>  56 1527
>>  57 1488
>>  58 1479
>>  59 1482
>>  60 1494
>>  61 1503
>>  62 1513
>>  63 1509
>>  64 1509
>>  65 1520
>>  66 1520
>>  67 1509
>>  68 1519
>>  69 1505
>>  70 1487
>>  71 1490
>>  72 1499
>>  73 1510
>>  74 1503
>>  75 1506
>>  76 1511
>>  77 1507
>>  78 1527
>>  79 1517
>>  80 1521
>>  81 1515
>>  82 1497
>>  83 1516
>>  84 1520
>>  85 1520
>>  86 1514
>>  87 1499
>>  88 1504
>>  89 1505
>>  90 1523
>>  91 1501
>>  92 1488
>>  93 1477
>>  94 1489
>>  95 1513
>>  96 1510
>>  97 1509
>>  98 1520
>>  99 1507
[0;31mE (1323) FreeRTOS: FreeRTOS Task "adc_task" should not return, Aborting now![0m

abort() was called at PC 0x4008603f on core 0


Backtrace: 0x400815ea:0x3ffb7a20 0x400857bd:0x3ffb7a40 0x4008b0ad:0x3ffb7a60 0x4008603f:0x3ffb7ad0




ELF file SHA256: 9ef79e1be

Rebooting...
ets Jul 29 2019 12:21:46

rst:0xc (SW_CPU_RESET),boot:0x13 (SPI_FAST_FLASH_BOOT)
configsip: 0, SPIWP:0xee
clk_drv:0x00,q_drv:0x00,d_drv:0x00,cs0_drv:0x00,hd_drv:0x00,wp_drv:0x00
mode:DIO, clock div:2
load:0x3fff0030,len:7172
load:0x40078000,len:15540
load:0x40080400,len:4
ho 8 tail 4 room 4
load:0x40080404,len:3904
entry 0x40080640
[0;32mI (31) boot: ESP-IDF v5.2.1 2nd stage bootloader[0m
[0;32mI (31) boot: compile time May  6 2024 18:07:38[0m
[0;32mI (31) boot: Multicore bootloader[0m
[0;32mI (35) boot: chip revision: v3.1[0m
[0;32mI (39) boot.esp32: SPI Speed      : 40MHz[0m
[0;32mI (44) boot.esp32: SPI Mode       : DIO[0m
[0;32mI (48) boot.esp32: SPI Flash Size : 2MB[0m
[0;32mI (53) boot: Enabling RNG early entropy source...[0m
[0;32mI (58) boot: Partition Table:[0m
[0;32mI (62) boot: ## Label            Usage          Type ST Offset   Length[0m
[0;32mI (69) boot:  0 nvs              WiFi data        01 02 00009000 00006000[0m
[0;32mI (76) boot:  1 phy_init         RF data          01 01 0000f000 00001000[0m
[0;32mI (84) boot:  2 factory          factory app      00 00 00010000 00100000[0m
[0;32mI (91) boot: End of partition table[0m
[0;32mI (96) esp_image: segment 0: paddr=00010020 vaddr=3f400020 size=09c48h ( 40008) map[0m
[0;32mI (118) esp_image: segment 1: paddr=00019c70 vaddr=3ffb0000 size=0220ch (  8716) load[0m
[0;32mI (121) esp_image: segment 2: paddr=0001be84 vaddr=40080000 size=04194h ( 16788) load[0m
[0;32mI (130) esp_image: segment 3: paddr=00020020 vaddr=400d0020 size=142a0h ( 82592) map[0m
[0;32mI (160) esp_image: segment 4: paddr=000342c8 vaddr=40084194 size=08588h ( 34184) load[0m
[0;32mI (180) boot: Loaded app from partition at offset 0x10000[0m
[0;32mI (180) boot: Disabling RNG early entropy source...[0m
[0;32mI (192) cpu_start: Multicore app[0m
[0;32mI (201) cpu_start: Pro cpu start user code[0m
[0;32mI (201) cpu_start: cpu freq: 160000000 Hz[0m
[0;32mI (201) cpu_start: Application information:[0m
[0;32mI (204) cpu_start: Project name:     main[0m
[0;32mI (208) cpu_start: App version:      1[0m
[0;32mI (213) cpu_start: Compile time:     May  6 2024 18:07:22[0m
[0;32mI (219) cpu_start: ELF file SHA256:  9ef79e1be...[0m
[0;32mI (224) cpu_start: ESP-IDF:          v5.2.1[0m
[0;32mI (229) cpu_start: Min chip rev:     v0.0[0m
[0;32mI (234) cpu_start: Max chip rev:     v3.99 [0m
[0;32mI (239) cpu_start: Chip rev:         v3.1[0m
[0;32mI (244) heap_init: Initializing. RAM available for dynamic allocation:[0m
[0;32mI (251) heap_init: At 3FFAE6E0 len 00001920 (6 KiB): DRAM[0m
[0;32mI (257) heap_init: At 3FFB2AD8 len 0002D528 (181 KiB): DRAM[0m
[0;32mI (263) heap_init: At 3FFE0440 len 00003AE0 (14 KiB): D/IRAM[0m
[0;32mI (269) heap_init: At 3FFE4350 len 0001BCB0 (111 KiB): D/IRAM[0m
[0;32mI (276) heap_init: At 4008C71C len 000138E4 (78 KiB): IRAM[0m
[0;32mI (283) spi_flash: detected chip: generic[0m
[0;32mI (287) spi_flash: flash io: dio[0m
[0;33mW (290) spi_flash: Detected size(4096k) larger than the size in the binary image header(2048k). Using the size in the binary image header.[0m
[0;33mW (304) ADC: legacy driver is deprecated, please migrate to `esp_adc/adc_oneshot.h`[0m
[0;32mI (313) main_task: Started on CPU0[0m
[0;32mI (323) main_task: Calling app_main()[0m
>>  0 1251
[0;32mI (323) main_task: Returned from app_main()[0m
>>  1 1368
>>  2 1456
>>  3 1461
>>  4 1452
>>  5 1456
>>  6 1470
>>  7 1490
>>  8 1489
>>  9 1488
>>  10 1501
>>  11 1490
>>  12 1491
>>  13 1489
>>  14 1499
>>  15 1488
>>  16 1489
>>  17 1497
>>  18 1493
>>  19 1483
>>  20 1472
>>  21 1483
>>  22 1493
>>  23 1503
>>  24 1509
>>  25 1499
>>  26 1503
>>  27 1505
>>  28 1501
>>  29 1507
>>  30 1506
>>  31 1511
>>  32 1505
>>  33 1483
>>  34 1505
>>  35 1499
>>  36 1509
>>  37 1513
>>  38 1520
>>  39 1508
>>  40 1515
>>  41 1518
>>  42 1497
>>  43 1515
>>  44 1503
>>  45 1490
>>  46 1497
>>  47 1504
>>  48 1488
>>  49 1497
>>  50 1487
>>  51 1493
>>  52 1511
>>  53 1509
>>  54 1519
>>  55 1500
>>  56 1504
>>  57 1503
>>  58 1498
>>  59 1495
>>  60 1490
>>  61 1494
>>  62 1494
>>  63 1520
>>  64 1504
>>  65 1499
>>  66 1497
>>  67 1497
>>  68 1502
>>  69 1506
>>  70 1520
>>  71 1503
>>  72 1508
>>  73 1520
>>  74 1488
>>  75 1504
>>  76 1487
>>  77 1458
>>  78 1488
>>  79 1514
>>  80 1489
>>  81 1514
>>  82 1506
>>  83 1503
>>  84 1514
>>  85 1489
>>  86 1503
>>  87 1498
>>  88 1509
>>  89 1487
>>  90 1521
>>  91 1526
>>  92 1503
>>  93 1517
>>  94 1523
>>  95 1517
>>  96 1506
>>  97 1510
>>  98 1520
>>  99 1509
[0;31mE (1323) FreeRTOS: FreeRTOS Task "adc_task" should not return, Aborting now![0m

abort() was called at PC 0x4008603f on core 0


Backtrace: 0x400815ea:0x3ffb7a20 0x400857bd:0x3ffb7a40 0x4008b0ad:0x3ffb7a60 0x4008603f:0x3ffb7ad0




ELF file SHA256: 9ef79e1be

Rebooting...
ets Jul 29 2019 12:21:46

rst:0xc (SW_CPU_RESET),boot:0x13 (SPI_FAST_FLASH_BOOT)
configsip: 0, SPIWP:0xee
clk_drv:0x00,q_drv:0x00,d_drv:0x00,cs0_drv:0x00,hd_drv:0x00,wp_drv:0x00
mode:DIO, clock div:2
load:0x3fff0030,len:7172
load:0x40078000,len:15540
load:0x40080400,len:4
ho 8 tail 4 room 4
load:0x40080404,len:3904
entry 0x40080640
[0;32mI (31) boot: ESP-IDF v5.2.1 2nd stage bootloader[0m
[0;32mI (31) boot: compile time May  6 2024 18:07:38[0m
[0;32mI (31) boot: Multicore bootloader[0m
[0;32mI (35) boot: chip revision: v3.1[0m
[0;32mI (39) boot.esp32: SPI Speed      : 40MHz[0m
[0;32mI (44) boot.esp32: SPI Mode       : DIO[0m
[0;32mI (48) boot.esp32: SPI Flash Size : 2MB[0m
[0;32mI (53) boot: Enabling RNG early entropy source...[0m
[0;32mI (58) boot: Partition Table:[0m
[0;32mI (62) boot: ## Label            Usage          Type ST Offset   Length[0m
[0;32mI (69) boot:  0 nvs              WiFi data        01 02 00009000 00006000[0m
[0;32mI (76) boot:  1 phy_init         RF data          01 01 0000f000 00001000[0m
[0;32mI (84) boot:  2 factory          factory app      00 00 00010000 00100000[0m
[0;32mI (91) boot: End of partition table[0m
[0;32mI (96) esp_image: segment 0: paddr=00010020 vaddr=3f400020 size=09c48h ( 40008) map[0m
[0;32mI (118) esp_image: segment 1: paddr=00019c70 vaddr=3ffb0000 size=0220ch (  8716) load[0m
[0;32mI (121) esp_image: segment 2: paddr=0001be84 vaddr=40080000 size=04194h ( 16788) load[0m
[0;32mI (130) esp_image: segment 3: paddr=00020020 vaddr=400d0020 size=142a0h ( 82592) map[0m
[0;32mI (160) esp_image: segment 4: paddr=000342c8 vaddr=40084194 size=08588h ( 34184) load[0m
[0;32mI (180) boot: Loaded app from partition at offset 0x10000[0m
[0;32mI (180) boot: Disabling RNG early entropy source...[0m
[0;32mI (192) cpu_start: Multicore app[0m
[0;32mI (201) cpu_start: Pro cpu start user code[0m
[0;32mI (201) cpu_start: cpu freq: 160000000 Hz[0m
[0;32mI (201) cpu_start: Application information:[0m
[0;32mI (204) cpu_start: Project name:     main[0m
[0;32mI (208) cpu_start: App version:      1[0m
[0;32mI (213) cpu_start: Compile time:     May  6 2024 18:07:22[0m
[0;32mI (219) cpu_start: ELF file SHA256:  9ef79e1be...[0m
[0;32mI (224) cpu_start: ESP-IDF:          v5.2.1[0m
[0;32mI (229) cpu_start: Min chip rev:     v0.0[0m
[0;32mI (234) cpu_start: Max chip rev:     v3.99 [0m
[0;32mI (239) cpu_start: Chip rev:         v3.1[0m
[0;32mI (244) heap_init: Initializing. RAM available for dynamic allocation:[0m
[0;32mI (251) heap_init: At 3FFAE6E0 len 00001920 (6 KiB): DRAM[0m
[0;32mI (257) heap_init: At 3FFB2AD8 len 0002D528 (181 KiB): DRAM[0m
[0;32mI (263) heap_init: At 3FFE0440 len 00003AE0 (14 KiB): D/IRAM[0m
[0;32mI (269) heap_init: At 3FFE4350 len 0001BCB0 (111 KiB): D/IRAM[0m
[0;32mI (276) heap_init: At 4008C71C len 000138E4 (78 KiB): IRAM[0m
[0;32mI (283) spi_flash: detected chip: generic[0m
[0;32mI (287) spi_flash: flash io: dio[0m
[0;33mW (290) spi_flash: Detected size(4096k) larger than the size in the binary image header(2048k). Using the size in the binary image header.[0m
[0;33mW (304) ADC: legacy driver is deprecated, please migrate to `esp_adc/adc_oneshot.h`[0m
[0;32mI (313) main_task: Started on CPU0[0m
[0;32mI (323) main_task: Calling app_main()[0m
>>  0 1277
[0;32mI (323) main_task: Returned from app_main()[0m
>>  1 1360
>>  2 1459
>>  3 1488
>>  4 1473
>>  5 1491
>>  6 1487
>>  7 1487
>>  8 1494
>>  9 1490
>>  10 1488
>>  11 1487
>>  12 1510
>>  13 1497
>>  14 1504
>>  15 1500
>>  16 1519
>>  17 1502
>>  18 1483
>>  19 1476
>>  20 1488
>>  21 1488
>>  22 1488
>>  23 1488
>>  24 1501
>>  25 1505
>>  26 1502
>>  27 1509
>>  28 1502
>>  29 1483
>>  30 1497
>>  31 1507
>>  32 1510
>>  33 1502
>>  34 1513
>>  35 1513
>>  36 1503
>>  37 1516
>>  38 1506
>>  39 1510
>>  40 1506
>>  41 1517
>>  42 1497
>>  43 1490
>>  44 1511
>>  45 1513
>>  46 1497
>>  47 1525
>>  48 1513
>>  49 1505
>>  50 1513
>>  51 1498
>>  52 1510
>>  53 1503
>>  54 1490
>>  55 1511
>>  56 1511
>>  57 1509
>>  58 1506
>>  59 1520
>>  60 1509
>>  61 1511
>>  62 1511
>>  63 1520
>>  64 1506
>>  65 1513
>>  66 1499
>>  67 1509
>>  68 1519
>>  69 1502
>>  70 1509
>>  71 1513
>>  72 1509
>>  73 1484
>>  74 1488
>>  75 1503
>>  76 1502
>>  77 1519
>>  78 1517
>>  79 1503
>>  80 1503
>>  81 1508
>>  82 1515
>>  83 1495
>>  84 1507
>>  85 1522
>>  86 1510
>>  87 1520
>>  88 1520
>>  89 1520
>>  90 1504
>>  91 1482
>>  92 1491
>>  93 1505
>>  94 1515
>>  95 1505
>>  96 1506
>>  97 1493
>>  98 1488
>>  99 1509
[0;31mE (1323) FreeRTOS: FreeRTOS Task "adc_task" should not return, Aborting now![0m

abort() was called at PC 0x4008603f on core 0


Backtrace: 0x400815ea:0x3ffb7a20 0x400857bd:0x3ffb7a40 0x4008b0ad:0x3ffb7a60 0x4008603f:0x3ffb7ad0




ELF file SHA256: 9ef79e1be

Rebooting...
ets Jul 29 2019 12:21:46

rst:0xc (SW_CPU_RESET),boot:0x13 (SPI_FAST_FLASH_BOOT)
configsip: 0, SPIWP:0xee
clk_drv:0x00,q_drv:0x00,d_drv:0x00,cs0_drv:0x00,hd_drv:0x00,wp_drv:0x00
mode:DIO, clock div:2
load:0x3fff0030,len:7172
load:0x40078000,len:15540
load:0x40080400,len:4
ho 8 tail 4 room 4
load:0x40080404,len:3904
entry 0x40080640
[0;32mI (31) boot: ESP-IDF v5.2.1 2nd stage bootloader[0m
[0;32mI (31) boot: compile time May  6 2024 18:07:38[0m
[0;32mI (31) boot: Multicore bootloader[0m
[0;32mI (35) boot: chip revision: v3.1[0m
[0;32mI (39) boot.esp32: SPI Speed      : 40MHz[0m
[0;32mI (44) boot.esp32: SPI Mode       : DIO[0m
[0;32mI (48) boot.esp32: SPI Flash Size : 2MB[0m
[0;32mI (53) boot: Enabling RNG early entropy source...[0m
[0;32mI (58) boot: Partition Table:[0m
[0;32mI (62) boot: ## Label            Usage          Type ST Offset   Length[0m
[0;32mI (69) boot:  0 nvs              WiFi data        01 02 00009000 00006000[0m
[0;32mI (76) boot:  1 phy_init         RF data          01 01 0000f000 00001000[0m
[0;32mI (84) boot:  2 factory          factory app      00 00 00010000 00100000[0m
[0;32mI (91) boot: End of partition table[0m
[0;32mI (96) esp_image: segment 0: paddr=00010020 vaddr=3f400020 size=09c48h ( 40008) map[0m
[0;32mI (118) esp_image: segment 1: paddr=00019c70 vaddr=3ffb0000 size=0220ch (  8716) load[0m
[0;32mI (121) esp_image: segment 2: paddr=0001be84 vaddr=40080000 size=04194h ( 16788) load[0m
[0;32mI (130) esp_image: segment 3: paddr=00020020 vaddr=400d0020 size=142a0h ( 82592) map[0m
[0;32mI (160) esp_image: segment 4: paddr=000342c8 vaddr=40084194 size=08588h ( 34184) load[0m
[0;32mI (180) boot: Loaded app from partition at offset 0x10000[0m
[0;32mI (180) boot: Disabling RNG early entropy source...[0m
[0;32mI (192) cpu_start: Multicore app[0m
[0;32mI (201) cpu_start: Pro cpu start user code[0m
[0;32mI (201) cpu_start: cpu freq: 160000000 Hz[0m
[0;32mI (201) cpu_start: Application information:[0m
[0;32mI (204) cpu_start: Project name:     main[0m
[0;32mI (208) cpu_start: App version:      1[0m
[0;32mI (213) cpu_start: Compile time:     May  6 2024 18:07:22[0m
[0;32mI (219) cpu_start: ELF file SHA256:  9ef79e1be...[0m
[0;32mI (224) cpu_start: ESP-IDF:          v5.2.1[0m
[0;32mI (229) cpu_start: Min chip rev:     v0.0[0m
[0;32mI (234) cpu_start: Max chip rev:     v3.99 [0m
[0;32mI (239) cpu_start: Chip rev:         v3.1[0m
[0;32mI (244) heap_init: Initializing. RAM available for dynamic allocation:[0m
[0;32mI (251) heap_init: At 3FFAE6E0 len 00001920 (6 KiB): DRAM[0m
[0;32mI (257) heap_init: At 3FFB2AD8 len 0002D528 (181 KiB): DRAM[0m
[0;32mI (263) heap_init: At 3FFE0440 len 00003AE0 (14 KiB): D/IRAM[0m
[0;32mI (269) heap_init: At 3FFE4350 len 0001BCB0 (111 KiB): D/IRAM[0m
[0;32mI (276) heap_init: At 4008C71C len 000138E4 (78 KiB): IRAM[0m
[0;32mI (283) spi_flash: detected chip: generic[0m
[0;32mI (287) spi_flash: flash io: dio[0m
[0;33mW (290) spi_flash: Detected size(4096k) larger than the size in the binary image header(2048k). Using the size in the binary image header.[0m
[0;33mW (304) ADC: legacy driver is deprecated, please migrate to `esp_adc/adc_oneshot.h`[0m
[0;32mI (313) main_task: Started on CPU0[0m
[0;32mI (323) main_task: Calling app_main()[0m
>>  0 1278
[0;32mI (323) main_task: Returned from app_main()[0m
>>  1 1371
>>  2 1458
>>  3 1483
>>  4 1471
>>  5 1477
>>  6 1491
>>  7 1488
>>  8 1473
>>  9 1482
>>  10 1487
>>  11 1502
>>  12 1495
>>  13 1494
>>  14 1505
>>  15 1497
>>  16 1504
>>  17 1516
>>  18 1518
>>  19 1514
>>  20 1520
>>  21 1520
>>  22 1499
>>  23 1507
>>  24 1504
>>  25 1515
>>  26 1507
>>  27 1504
>>  28 1498
>>  29 1497
>>  30 1501
>>  31 1511
>>  32 1518
>>  33 1515
>>  34 1495
>>  35 1505
>>  36 1506
>>  37 1520
>>  38 1511
>>  39 1499
>>  40 1525
>>  41 1520
>>  42 1500
>>  43 1520
>>  44 1515
>>  45 1489
>>  46 1475
>>  47 1489
>>  48 1511
>>  49 1488
>>  50 1504
>>  51 1491
>>  52 1509
>>  53 1517
>>  54 1525
>>  55 1520
>>  56 1517
>>  57 1506
>>  58 1508
>>  59 1506
>>  60 1515
>>  61 1515
>>  62 1515
>>  63 1521
>>  64 1525
>>  65 1503
>>  66 1495
>>  67 1521
>>  68 1507
>>  69 1519
>>  70 1525
>>  71 1522
>>  72 1519
>>  73 1515
>>  74 1519
>>  75 1522
>>  76 1520
>>  77 1520
>>  78 1527
>>  79 1522
>>  80 1526
>>  81 1520
>>  82 1519
>>  83 1493
>>  84 1523
>>  85 1520
>>  86 1520
>>  87 1502
>>  88 1493
>>  89 1506
>>  90 1499
>>  91 1533
>>  92 1522
>>  93 1506
>>  94 1514
>>  95 1530
>>  96 1503
>>  97 1504
>>  98 1499
>>  99 1492
[0;31mE (1323) FreeRTOS: FreeRTOS Task "adc_task" should not return, Aborting now![0m

abort() was called at PC 0x4008603f on core 0


Backtrace: 0x400815ea:0x3ffb7a20 0x400857bd:0x3ffb7a40 0x4008b0ad:0x3ffb7a60 0x4008603f:0x3ffb7ad0




ELF file SHA256: 9ef79e1be

Rebooting...
ets Jul 29 2019 12:21:46

rst:0xc (SW_CPU_RESET),boot:0x13 (SPI_FAST_FLASH_BOOT)
configsip: 0, SPIWP:0xee
clk_drv:0x00,q_drv:0x00,d_drv:0x00,cs0_drv:0x00,hd_drv:0x00,wp_drv:0x00
mode:DIO, clock div:2
load:0x3fff0030,len:7172
load:0x40078000,len:15540
load:0x40080400,len:4
ho 8 tail 4 room 4
load:0x40080404,len:3904
entry 0x40080640
[0;32mI (31) boot: ESP-IDF v5.2.1 2nd stage bootloader[0m
[0;32mI (31) boot: compile time May  6 2024 18:07:38[0m
[0;32mI (31) boot: Multicore bootloader[0m
[0;32mI (35) boot: chip revision: v3.1[0m
[0;32mI (39) boot.esp32: SPI Speed      : 40MHz[0m
[0;32mI (44) boot.esp32: SPI Mode       : DIO[0m
[0;32mI (48) boot.esp32: SPI Flash Size : 2MB[0m
[0;32mI (53) boot: Enabling RNG early entropy source...[0m
[0;32mI (58) boot: Partition Table:[0m
[0;32mI (62) boot: ## Label            Usage          Type ST Offset   Length[0m
[0;32mI (69) boot:  0 nvs              WiFi data        01 02 00009000 00006000[0m
[0;32mI (76) boot:  1 phy_init         RF data          01 01 0000f000 00001000[0m
[0;32mI (84) boot:  2 factory          factory app      00 00 00010000 00100000[0m
[0;32mI (91) boot: End of partition table[0m
[0;32mI (96) esp_image: segment 0: paddr=00010020 vaddr=3f400020 size=09c48h ( 40008) map[0m
[0;32mI (118) esp_image: segment 1: paddr=00019c70 vaddr=3ffb0000 size=0220ch (  8716) load[0m
[0;32mI (121) esp_image: segment 2: paddr=0001be84 vaddr=40080000 size=04194h ( 16788) load[0m
[0;32mI (130) esp_image: segment 3: paddr=00020020 vaddr=400d0020 size=142a0h ( 82592) map[0m
[0;32mI (160) esp_image: segment 4: paddr=000342c8 vaddr=40084194 size=08588h ( 34184) load[0m
[0;32mI (180) boot: Loaded app from partition at offset 0x10000[0m
[0;32mI (180) boot: Disabling RNG early entropy source...[0m
[0;32mI (192) cpu_start: Multicore app[0m
[0;32mI (201) cpu_start: Pro cpu start user code[0m
[0;32mI (201) cpu_start: cpu freq: 160000000 Hz[0m
[0;32mI (201) cpu_start: Application information:[0m
[0;32mI (204) cpu_start: Project name:     main[0m
[0;32mI (208) cpu_start: App version:      1[0m
[0;32mI (213) cpu_start: Compile time:     May  6 2024 18:07:22[0m
[0;32mI (219) cpu_start: ELF file SHA256:  9ef79e1be...[0m
[0;32mI (224) cpu_start: ESP-IDF:          v5.2.1[0m
[0;32mI (229) cpu_start: Min chip rev:     v0.0[0m
[0;32mI (234) cpu_start: Max chip rev:     v3.99 [0m
[0;32mI (239) cpu_start: Chip rev:         v3.1[0m
[0;32mI (244) heap_init: Initializing. RAM available for dynamic allocation:[0m
[0;32mI (251) heap_init: At 3FFAE6E0 len 00001920 (6 KiB): DRAM[0m
[0;32mI (257) heap_init: At 3FFB2AD8 len 0002D528 (181 KiB): DRAM[0m
[0;32mI (263) heap_init: At 3FFE0440 len 00003AE0 (14 KiB): D/IRAM[0m
[0;32mI (269) heap_init: At 3FFE4350 len 0001BCB0 (111 KiB): D/IRAM[0m
[0;32mI (276) heap_init: At 4008C71C len 000138E4 (78 KiB): IRAM[0m
[0;32mI (283) spi_flash: detected chip: generic[0m
[0;32mI (287) spi_flash: flash io: dio[0m
[0;33mW (290) spi_flash: Detected size(4096k) larger than the size in the binary image header(2048k). Using the size in the binary image header.[0m
[0;33mW (304) ADC: legacy driver is deprecated, please migrate to `esp_adc/adc_oneshot.h`[0m
[0;32mI (313) main_task: Started on CPU0[0m
[0;32mI (323) main_task: Calling app_main()[0m
>>  0 1289
[0;32mI (323) main_task: Returned from app_main()[0m
>>  1 1361
>>  2 1439
>>  3 1458
>>  4 1489
>>  5 1499
>>  6 1497
>>  7 1494
>>  8 1502
>>  9 1505
>>  10 1491
>>  11 1472
>>  12 1494
>>  13 1493
>>  14 1491
>>  15 1507
>>  16 1520
>>  17 1515
>>  18 1515
>>  19 1518
>>  20 1507
>>  21 1499
>>  22 1498
>>  23 1521
>>  24 1520
>>  25 1522
>>  26 1509
>>  27 1517
>>  28 1530
>>  29 1520
>>  30 1517
>>  31 1517
>>  32 1495
>>  33 1506
>>  34 1517
>>  35 1499
>>  36 1495
>>  37 1501
>>  38 1517
>>  39 1520
>>  40 1519
>>  41 1520
>>  42 1487
>>  43 1497
>>  44 1511
>>  45 1501
>>  46 1507
>>  47 1511
>>  48 1509
>>  49 1502
>>  50 1501
>>  51 1520
>>  52 1519
>>  53 1507
>>  54 1501
>>  55 1494
>>  56 1504
>>  57 1510
>>  58 1511
>>  59 1507
>>  60 1495
>>  61 1519
>>  62 1511
>>  63 1513
>>  64 1507
>>  65 1490
>>  66 1490
>>  67 1514
>>  68 1520
>>  69 1515
>>  70 1503
>>  71 1508
>>  72 1507
>>  73 1489
>>  74 1501
>>  75 1521
>>  76 1520
>>  77 1504
>>  78 1524
>>  79 1502
>>  80 1486
>>  81 1520
>>  82 1507
>>  83 1520
>>  84 1521
>>  85 1523
>>  86 1521
>>  87 1507
>>  88 1497
>>  89 1492
>>  90 1494
>>  91 1508
>>  92 1489
>>  93 1494
>>  94 1491
>>  95 1527
>>  96 1521
>>  97 1532
>>  98 1522
>>  99 1516
[0;31mE (1323) FreeRTOS: FreeRTOS Task "adc_task" should not return, Aborting now![0m

abort() was called at PC 0x4008603f on core 0


Backtrace: 0x400815ea:0x3ffb7a20 0x400857bd:0x3ffb7a40 0x4008b0ad:0x3ffb7a60 0x4008603f:0x3ffb7ad0




ELF file SHA256: 9ef79e1be

Rebooting...
ets Jul 29 2019 12:21:46

rst:0xc (SW_CPU_RESET),boot:0x13 (SPI_FAST_FLASH_BOOT)
configsip: 0, SPIWP:0xee
clk_drv:0x00,q_drv:0x00,d_drv:0x00,cs0_drv:0x00,hd_drv:0x00,wp_drv:0x00
mode:DIO, clock div:2
load:0x3fff0030,len:7172
load:0x40078000,len:15540
load:0x40080400,len:4
ho 8 tail 4 room 4
load:0x40080404,len:3904
entry 0x40080640
[0;32mI (31) boot: ESP-IDF v5.2.1 2nd stage bootloader[0m
[0;32mI (31) boot: compile time May  6 2024 18:07:38[0m
[0;32mI (31) boot: Multicore bootloader[0m
[0;32mI (35) boot: chip revision: v3.1[0m
[0;32mI (39) boot.esp32: SPI Speed      : 40MHz[0m
[0;32mI (44) boot.esp32: SPI Mode       : DIO[0m
[0;32mI (48) boot.esp32: SPI Flash Size : 2MB[0m
[0;32mI (53) boot: Enabling RNG early entropy source...[0m
[0;32mI (58) boot: Partition Table:[0m
[0;32mI (62) boot: ## Label            Usage          Type ST Offset   Length[0m
[0;32mI (69) boot:  0 nvs              WiFi data        01 02 00009000 00006000[0m
[0;32mI (76) boot:  1 phy_init         RF data          01 01 0000f000 00001000[0m
[0;32mI (84) boot:  2 factory          factory app      00 00 00010000 00100000[0m
[0;32mI (91) boot: End of partition table[0m
[0;32mI (96) esp_image: segment 0: paddr=00010020 vaddr=3f400020 size=09c48h ( 40008) map[0m
[0;32mI (118) esp_image: segment 1: paddr=00019c70 vaddr=3ffb0000 size=0220ch (  8716) load[0m
[0;32mI (121) esp_image: segment 2: paddr=0001be84 vaddr=40080000 size=04194h ( 16788) load[0m
[0;32mI (130) esp_image: segment 3: paddr=00020020 vaddr=400d0020 size=142a0h ( 82592) map[0m
[0;32mI (160) esp_image: segment 4: paddr=000342c8 vaddr=40084194 size=08588h ( 34184) load[0m
[0;32mI (180) boot: Loaded app from partition at offset 0x10000[0m
[0;32mI (180) boot: Disabling RNG early entropy source...[0m
[0;32mI (192) cpu_start: Multicore app[0m
[0;32mI (201) cpu_start: Pro cpu start user code[0m
[0;32mI (201) cpu_start: cpu freq: 160000000 Hz[0m
[0;32mI (201) cpu_start: Application information:[0m
[0;32mI (204) cpu_start: Project name:     main[0m
[0;32mI (208) cpu_start: App version:      1[0m
[0;32mI (213) cpu_start: Compile time:     May  6 2024 18:07:22[0m
[0;32mI (219) cpu_start: ELF file SHA256:  9ef79e1be...[0m
[0;32mI (224) cpu_start: ESP-IDF:          v5.2.1[0m
[0;32mI (229) cpu_start: Min chip rev:     v0.0[0m
[0;32mI (234) cpu_start: Max chip rev:     v3.99 [0m
[0;32mI (239) cpu_start: Chip rev:         v3.1[0m
[0;32mI (244) heap_init: Initializing. RAM available for dynamic allocation:[0m
[0;32mI (251) heap_init: At 3FFAE6E0 len 00001920 (6 KiB): DRAM[0m
[0;32mI (257) heap_init: At 3FFB2AD8 len 0002D528 (181 KiB): DRAM[0m
[0;32mI (263) heap_init: At 3FFE0440 len 00003AE0 (14 KiB): D/IRAM[0m
[0;32mI (269) heap_init: At 3FFE4350 len 0001BCB0 (111 KiB): D/IRAM[0m
[0;32mI (276) heap_init: At 4008C71C len 000138E4 (78 KiB): IRAM[0m
[0;32mI (283) spi_flash: detected chip: generic[0m
[0;32mI (287) spi_flash: flash io: dio[0m
[0;33mW (290) spi_flash: Detected size(4096k) larger than the size in the binary image header(2048k). Using the size in the binary image header.[0m
[0;33mW (304) ADC: legacy driver is deprecated, please migrate to `esp_adc/adc_oneshot.h`[0m
[0;32mI (313) main_task: Started on CPU0[0m
[0;32mI (323) main_task: Calling app_main()[0m
>>  0 1296
[0;32mI (323) main_task: Returned from app_main()[0m
>>  1 1374
>>  2 1472
>>  3 1488
>>  4 1489
>>  5 1489
>>  6 1513
>>  7 1484
>>  8 1482
>>  9 1505
>>  10 1523
>>  11 1523
>>  12 1513
>>  13 1513
>>  14 1521
>>  15 1519
>>  16 1509
>>  17 1520
>>  18 1527
>>  19 1508
>>  20 1520
>>  21 1518
>>  22 1511
>>  23 1531
>>  24 1511
>>  25 1505
>>  26 1509
>>  27 1520
>>  28 1527
>>  29 1515
>>  30 1479
>>  31 1520
>>  32 1509
>>  33 1520
>>  34 1520
>>  35 1530
>>  36 1531
>>  37 1522
>>  38 1517
>>  39 1524
>>  40 1535
>>  41 1531
>>  42 1520
>>  43 1520
>>  44 1526
>>  45 1517
>>  46 1535
>>  47 1526
>>  48 1535
>>  49 1535
>>  50 1520
>>  51 1535
>>  52 1525
>>  53 1520
>>  54 1524
>>  55 1510
>>  56 1531
>>  57 1529
>>  58 1519
>>  59 1522
>>  60 1519
>>  61 1521
>>  62 1529
>>  63 1517
>>  64 1520
>>  65 1523
>>  66 1535
>>  67 1517
>>  68 1521
>>  69 1520
>>  70 1529
>>  71 1529
>>  72 1526
>>  73 1523
>>  74 1521
>>  75 1530
>>  76 1535
>>  77 1533
>>  78 1515
>>  79 1529
>>  80 1535
>>  81 1505
>>  82 1531
>>  83 1526
>>  84 1523
>>  85 1533
>>  86 1530
>>  87 1506
>>  88 1534
>>  89 1523
>>  90 1522
>>  91 1514
>>  92 1521
>>  93 1535
>>  94 1517
>>  95 1513
>>  96 1521
>>  97 1525
>>  98 1517
>>  99 1522
[0;31mE (1323) FreeRTOS: FreeRTOS Task "adc_task" should not return, Aborting now![0m

abort() was called at PC 0x4008603f on core 0


Backtrace: 0x400815ea:0x3ffb7a20 0x400857bd:0x3ffb7a40 0x4008b0ad:0x3ffb7a60 0x4008603f:0x3ffb7ad0




ELF file SHA256: 9ef79e1be

Rebooting...
ets Jul 29 2019 12:21:46

rst:0xc (SW_CPU_RESET),boot:0x13 (SPI_FAST_FLASH_BOOT)
configsip: 0, SPIWP:0xee
clk_drv:0x00,q_drv:0x00,d_drv:0x00,cs0_drv:0x00,hd_drv:0x00,wp_drv:0x00
mode:DIO, clock div:2
load:0x3fff0030,len:7172
load:0x40078000,len:15540
load:0x40080400,len:4
ho 8 tail 4 room 4
load:0x40080404,len:3904
entry 0x40080640
[0;32mI (31) boot: ESP-IDF v5.2.1 2nd stage bootloader[0m
[0;32mI (31) boot: compile time May  6 2024 18:07:38[0m
[0;32mI (31) boot: Multicore bootloader[0m
[0;32mI (35) boot: chip revision: v3.1[0m
[0;32mI (39) boot.esp32: SPI Speed      : 40MHz[0m
[0;32mI (44) boot.esp32: SPI Mode       : DIO[0m
[0;32mI (48) boot.esp32: SPI Flash Size : 2MB[0m
[0;32mI (53) boot: Enabling RNG early entropy source...[0m
[0;32mI (58) boot: Partition Table:[0m
[0;32mI (62) boot: ## Label            Usage          Type ST Offset   Length[0m
[0;32mI (69) boot:  0 nvs              WiFi data        01 02 00009000 00006000[0m
[0;32mI (76) boot:  1 phy_init         RF data          01 01 0000f000 00001000[0m
[0;32mI (84) boot:  2 factory          factory app      00 00 00010000 00100000[0m
[0;32mI (91) boot: End of partition table[0m
[0;32mI (96) esp_image: segment 0: paddr=00010020 vaddr=3f400020 size=09c48h ( 40008) map[0m
[0;32mI (118) esp_image: segment 1: paddr=00019c70 vaddr=3ffb0000 size=0220ch (  8716) load[0m
[0;32mI (121) esp_image: segment 2: paddr=0001be84 vaddr=40080000 size=04194h ( 16788) load[0m
[0;32mI (130) esp_image: segment 3: paddr=00020020 vaddr=400d0020 size=142a0h ( 82592) map[0m
[0;32mI (160) esp_image: segment 4: paddr=000342c8 vaddr=40084194 size=08588h ( 34184) load[0m
[0;32mI (180) boot: Loaded app from partition at offset 0x10000[0m
[0;32mI (180) boot: Disabling RNG early entropy source...[0m
[0;32mI (192) cpu_start: Multicore app[0m
[0;32mI (201) cpu_start: Pro cpu start user code[0m
[0;32mI (201) cpu_start: cpu freq: 160000000 Hz[0m
[0;32mI (201) cpu_start: Application information:[0m
[0;32mI (204) cpu_start: Project name:     main[0m
[0;32mI (208) cpu_start: App version:      1[0m
[0;32mI (213) cpu_start: Compile time:     May  6 2024 18:07:22[0m
[0;32mI (219) cpu_start: ELF file SHA256:  9ef79e1be...[0m
[0;32mI (224) cpu_start: ESP-IDF:          v5.2.1[0m
[0;32mI (229) cpu_start: Min chip rev:     v0.0[0m
[0;32mI (234) cpu_start: Max chip rev:     v3.99 [0m
[0;32mI (239) cpu_start: Chip rev:         v3.1[0m
[0;32mI (244) heap_init: Initializing. RAM available for dynamic allocation:[0m
[0;32mI (251) heap_init: At 3FFAE6E0 len 00001920 (6 KiB): DRAM[0m
[0;32mI (257) heap_init: At 3FFB2AD8 len 0002D528 (181 KiB): DRAM[0m
[0;32mI (263) heap_init: At 3FFE0440 len 00003AE0 (14 KiB): D/IRAM[0m
[0;32mI (269) heap_init: At 3FFE4350 len 0001BCB0 (111 KiB): D/IRAM[0m
[0;32mI (276) heap_init: At 4008C71C len 000138E4 (78 KiB): IRAM[0m
[0;32mI (283) spi_flash: detected chip: generic[0m
[0;32mI (287) spi_flash: flash io: dio[0m
[0;33mW (290) spi_flash: Detected size(4096k) larger than the size in the binary image header(2048k). Using the size in the binary image header.[0m
[0;33mW (304) ADC: legacy driver is deprecated, please migrate to `esp_adc/adc_oneshot.h`[0m
[0;32mI (313) main_task: Started on CPU0[0m
[0;32mI (323) main_task: Calling app_main()[0m
>>  0 1286
[0;32mI (323) main_task: Returned from app_main()[0m
>>  1 1392
>>  2 1482
>>  3 1472
>>  4 1495
>>  5 1488
>>  6 1502
>>  7 1511
>>  8 1515
>>  9 1518
>>  10 1511
>>  11 1520
>>  12 1505
>>  13 1514
>>  14 1527
>>  15 1514
>>  16 1520
>>  17 1518
>>  18 1515
>>  19 1524
>>  20 1521
>>  21 1533
>>  22 1509
>>  23 1520
>>  24 1522
>>  25 1522
>>  26 1519
>>  27 1507
>>  28 1520
>>  29 1510
>>  30 1525
>>  31 1519
>>  32 1529
>>  33 1517
>>  34 1497
>>  35 1498
>>  36 1521
>>  37 1520
>>  38 1522
>>  39 1535
>>  40 1521
>>  41 1515
>>  42 1509
>>  43 1488
>>  44 1494
>>  45 1519
>>  46 1524
>>  47 1535
>>  48 1519
>>  49 1522
>>  50 1526
>>  51 1535
>>  52 1533
>>  53 1507
>>  54 1519
>>  55 1532
>>  56 1505
>>  57 1531
>>  58 1521
>>  59 1535
>>  60 1519
>>  61 1522
>>  62 1533
>>  63 1514
>>  64 1519
>>  65 1513
>>  66 1507
>>  67 1533
>>  68 1520
>>  69 1533
>>  70 1519
>>  71 1509
>>  72 1498
>>  73 1501
>>  74 1490
>>  75 1526
>>  76 1520
>>  77 1521
>>  78 1533
>>  79 1520
>>  80 1517
>>  81 1532
>>  82 1518
>>  83 1535
>>  84 1507
>>  85 1531
>>  86 1521
>>  87 1521
>>  88 1522
>>  89 1535
>>  90 1513
>>  91 1520
>>  92 1535
>>  93 1535
>>  94 1520
>>  95 1504
>>  96 1527
>>  97 1531
>>  98 1520
>>  99 1530
[0;31mE (1323) FreeRTOS: FreeRTOS Task "adc_task" should not return, Aborting now![0m

abort() was called at PC 0x4008603f on core 0


Backtrace: 0x400815ea:0x3ffb7a20 0x400857bd:0x3ffb7a40 0x4008b0ad:0x3ffb7a60 0x4008603f:0x3ffb7ad0




ELF file SHA256: 9ef79e1be

Rebooting...
ets Jul 29 2019 12:21:46

rst:0xc (SW_CPU_RESET),boot:0x13 (SPI_FAST_FLASH_BOOT)
configsip: 0, SPIWP:0xee
clk_drv:0x00,q_drv:0x00,d_drv:0x00,cs0_drv:0x00,hd_drv:0x00,wp_drv:0x00
mode:DIO, clock div:2
load:0x3fff0030,len:7172
load:0x40078000,len:15540
load:0x40080400,len:4
ho 8 tail 4 room 4
load:0x40080404,len:3904
entry 0x40080640
[0;32mI (31) boot: ESP-IDF v5.2.1 2nd stage bootloader[0m
[0;32mI (31) boot: compile time May  6 2024 18:07:38[0m
[0;32mI (31) boot: Multicore bootloader[0m
[0;32mI (35) boot: chip revision: v3.1[0m
[0;32mI (39) boot.esp32: SPI Speed      : 40MHz[0m
[0;32mI (44) boot.esp32: SPI Mode       : DIO[0m
[0;32mI (48) boot.esp32: SPI Flash Size : 2MB[0m
[0;32mI (53) boot: Enabling RNG early entropy source...[0m
[0;32mI (58) boot: Partition Table:[0m
[0;32mI (62) boot: ## Label            Usage          Type ST Offset   Length[0m
[0;32mI (69) boot:  0 nvs              WiFi data        01 02 00009000 00006000[0m
[0;32mI (76) boot:  1 phy_init         RF data          01 01 0000f000 00001000[0m
[0;32mI (84) boot:  2 factory          factory app      00 00 00010000 00100000[0m
[0;32mI (91) boot: End of partition table[0m
[0;32mI (96) esp_image: segment 0: paddr=00010020 vaddr=3f400020 size=09c48h ( 40008) map[0m
[0;32mI (118) esp_image: segment 1: paddr=00019c70 vaddr=3ffb0000 size=0220ch (  8716) load[0m
[0;32mI (121) esp_image: segment 2: paddr=0001be84 vaddr=40080000 size=04194h ( 16788) load[0m
[0;32mI (130) esp_image: segment 3: paddr=00020020 vaddr=400d0020 size=142a0h ( 82592) map[0m
[0;32mI (160) esp_image: segment 4: paddr=000342c8 vaddr=40084194 size=08588h ( 34184) load[0m
[0;32mI (180) boot: Loaded app from partition at offset 0x10000[0m
[0;32mI (180) boot: Disabling RNG early entropy source...[0m
[0;32mI (192) cpu_start: Multicore app[0m
[0;32mI (201) cpu_start: Pro cpu start user code[0m
[0;32mI (201) cpu_start: cpu freq: 160000000 Hz[0m
[0;32mI (201) cpu_start: Application information:[0m
[0;32mI (204) cpu_start: Project name:     main[0m
[0;32mI (208) cpu_start: App version:      1[0m
[0;32mI (213) cpu_start: Compile time:     May  6 2024 18:07:22[0m
[0;32mI (219) cpu_start: ELF file SHA256:  9ef79e1be...[0m
[0;32mI (224) cpu_start: ESP-IDF:          v5.2.1[0m
[0;32mI (229) cpu_start: Min chip rev:     v0.0[0m
[0;32mI (234) cpu_start: Max chip rev:     v3.99 [0m
[0;32mI (239) cpu_start: Chip rev:         v3.1[0m
[0;32mI (244) heap_init: Initializing. RAM available for dynamic allocation:[0m
[0;32mI (251) heap_init: At 3FFAE6E0 len 00001920 (6 KiB): DRAM[0m
[0;32mI (257) heap_init: At 3FFB2AD8 len 0002D528 (181 KiB): DRAM[0m
[0;32mI (263) heap_init: At 3FFE0440 len 00003AE0 (14 KiB): D/IRAM[0m
[0;32mI (269) heap_init: At 3FFE4350 len 0001BCB0 (111 KiB): D/IRAM[0m
[0;32mI (276) heap_init: At 4008C71C len 000138E4 (78 KiB): IRAM[0m
[0;32mI (283) spi_flash: detected chip: generic[0m
[0;32mI (287) spi_flash: flash io: dio[0m
[0;33mW (290) spi_flash: Detected size(4096k) larger than the size in the binary image header(2048k). Using the size in the binary image header.[0m
[0;33mW (304) ADC: legacy driver is deprecated, please migrate to `esp_adc/adc_oneshot.h`[0m
[0;32mI (313) main_task: Started on CPU0[0m
[0;32mI (323) main_task: Calling app_main()[0m
>>  0 1282
[0;32mI (323) main_task: Returned from app_main()[0m
>>  1 1382
>>  2 1456
>>  3 1494
>>  4 1498
>>  5 1498
>>  6 1487
>>  7 1496
>>  8 1475
>>  9 1479
>>  10 1511
>>  11 1514
>>  12 1527
>>  13 1523
>>  14 1520
>>  15 1519
>>  16 1520
>>  17 1519
>>  18 1509
>>  19 1522
>>  20 1507
>>  21 1526
>>  22 1535
>>  23 1486
>>  24 1518
>>  25 1511
>>  26 1520
>>  27 1533
>>  28 1534
>>  29 1519
>>  30 1510
>>  31 1502
>>  32 1525
>>  33 1519
>>  34 1520
>>  35 1517
>>  36 1520
>>  37 1523
>>  38 1511
>>  39 1526
>>  40 1521
>>  41 1503
>>  42 1505
>>  43 1504
>>  44 1520
>>  45 1523
>>  46 1520
>>  47 1515
>>  48 1515
>>  49 1520
>>  50 1507
>>  51 1529
>>  52 1531
>>  53 1528
>>  54 1520
>>  55 1526
>>  56 1511
>>  57 1532
>>  58 1535
>>  59 1520
>>  60 1520
>>  61 1522
>>  62 1535
>>  63 1524
>>  64 1525
>>  65 1531
>>  66 1520
>>  67 1515
>>  68 1514
>>  69 1527
>>  70 1517
>>  71 1521
>>  72 1521
>>  73 1515
>>  74 1522
>>  75 1512
>>  76 1519
>>  77 1527
>>  78 1531
>>  79 1525
>>  80 1533
>>  81 1535
>>  82 1503
>>  83 1527
>>  84 1530
>>  85 1535
>>  86 1520
>>  87 1535
>>  88 1531
>>  89 1521
>>  90 1520
>>  91 1535
>>  92 1535
>>  93 1535
>>  94 1535
>>  95 1535
>>  96 1535
>>  97 1535
>>  98 1520
>>  99 1532
[0;31mE (1323) FreeRTOS: FreeRTOS Task "adc_task" should not return, Aborting now![0m

abort() was called at PC 0x4008603f on core 0


Backtrace: 0x400815ea:0x3ffb7a20 0x400857bd:0x3ffb7a40 0x4008b0ad:0x3ffb7a60 0x4008603f:0x3ffb7ad0




ELF file SHA256: 9ef79e1be

Rebooting...
ets Jul 29 2019 12:21:46

rst:0xc (SW_CPU_RESET),boot:0x13 (SPI_FAST_FLASH_BOOT)
configsip: 0, SPIWP:0xee
clk_drv:0x00,q_drv:0x00,d_drv:0x00,cs0_drv:0x00,hd_drv:0x00,wp_drv:0x00
mode:DIO, clock div:2
load:0x3fff0030,len:7172
load:0x40078000,len:15540
load:0x40080400,len:4
ho 8 tail 4 room 4
load:0x40080404,len:3904
entry 0x40080640
[0;32mI (31) boot: ESP-IDF v5.2.1 2nd stage bootloader[0m
[0;32mI (31) boot: compile time May  6 2024 18:07:38[0m
[0;32mI (31) boot: Multicore bootloader[0m
[0;32mI (35) boot: chip revision: v3.1[0m
[0;32mI (39) boot.esp32: SPI Speed      : 40MHz[0m
[0;32mI (44) boot.esp32: SPI Mode       : DIO[0m
[0;32mI (48) boot.esp32: SPI Flash Size : 2MB[0m
[0;32mI (53) boot: Enabling RNG early entropy source...[0m
[0;32mI (58) boot: Partition Table:[0m
[0;32mI (62) boot: ## Label            Usage          Type ST Offset   Length[0m
[0;32mI (69) boot:  0 nvs              WiFi data        01 02 00009000 00006000[0m
[0;32mI (76) boot:  1 phy_init         RF data          01 01 0000f000 00001000[0m
[0;32mI (84) boot:  2 factory          factory app      00 00 00010000 00100000[0m
[0;32mI (91) boot: End of partition table[0m
[0;32mI (96) esp_image: segment 0: paddr=00010020 vaddr=3f400020 size=09c48h ( 40008) map[0m
[0;32mI (118) esp_image: segment 1: paddr=00019c70 vaddr=3ffb0000 size=0220ch (  8716) load[0m
[0;32mI (121) esp_image: segment 2: paddr=0001be84 vaddr=40080000 size=04194h ( 16788) load[0m
[0;32mI (130) esp_image: segment 3: paddr=00020020 vaddr=400d0020 size=142a0h ( 82592) map[0m
[0;32mI (160) esp_image: segment 4: paddr=000342c8 vaddr=40084194 size=08588h ( 34184) load[0m
[0;32mI (180) boot: Loaded app from partition at offset 0x10000[0m
[0;32mI (180) boot: Disabling RNG early entropy source...[0m
[0;32mI (192) cpu_start: Multicore app[0m
[0;32mI (201) cpu_start: Pro cpu start user code[0m
[0;32mI (201) cpu_start: cpu freq: 160000000 Hz[0m
[0;32mI (201) cpu_start: Application information:[0m
[0;32mI (204) cpu_start: Project name:     main[0m
[0;32mI (208) cpu_start: App version:      1[0m
[0;32mI (213) cpu_start: Compile time:     May  6 2024 18:07:22[0m
[0;32mI (219) cpu_start: ELF file SHA256:  9ef79e1be...[0m
[0;32mI (224) cpu_start: ESP-IDF:          v5.2.1[0m
[0;32mI (229) cpu_start: Min chip rev:     v0.0[0m
[0;32mI (234) cpu_start: Max chip rev:     v3.99 [0m
[0;32mI (239) cpu_start: Chip rev:         v3.1[0m
[0;32mI (244) heap_init: Initializing. RAM available for dynamic allocation:[0m
[0;32mI (251) heap_init: At 3FFAE6E0 len 00001920 (6 KiB): DRAM[0m
[0;32mI (257) heap_init: At 3FFB2AD8 len 0002D528 (181 KiB): DRAM[0m
[0;32mI (263) heap_init: At 3FFE0440 len 00003AE0 (14 KiB): D/IRAM[0m
[0;32mI (269) heap_init: At 3FFE4350 len 0001BCB0 (111 KiB): D/IRAM[0m
[0;32mI (276) heap_init: At 4008C71C len 000138E4 (78 KiB): IRAM[0m
[0;32mI (283) spi_flash: detected chip: generic[0m
[0;32mI (287) spi_flash: flash io: dio[0m
[0;33mW (290) spi_flash: Detected size(4096k) larger than the size in the binary image header(2048k). Using the size in the binary image header.[0m
[0;33mW (304) ADC: legacy driver is deprecated, please migrate to `esp_adc/adc_oneshot.h`[0m
[0;32mI (313) main_task: Started on CPU0[0m
[0;32mI (323) main_task: Calling app_main()[0m
>>  0 1311
[0;32mI (323) main_task: Returned from app_main()[0m
>>  1 1393
>>  2 1474
>>  3 1495
>>  4 1500
>>  5 1511
>>  6 1517
>>  7 1515
>>  8 1503
>>  9 1494
>>  10 1507
>>  11 1524
>>  12 1530
>>  13 1518
>>  14 1518
>>  15 1505
>>  16 1520
>>  17 1513
>>  18 1523
>>  19 1520
>>  20 1520
>>  21 1530
>>  22 1527
>>  23 1525
>>  24 1527
>>  25 1535
>>  26 1523
>>  27 1505
>>  28 1513
>>  29 1510
>>  30 1520
>>  31 1523
>>  32 1533
>>  33 1523
>>  34 1531
>>  35 1527
>>  36 1531
>>  37 1513
>>  38 1510
>>  39 1526
>>  40 1531
>>  41 1534
>>  42 1529
>>  43 1531
>>  44 1509
>>  45 1520
>>  46 1529
>>  47 1535
>>  48 1515
>>  49 1507
>>  50 1533
>>  51 1527
>>  52 1532
>>  53 1519
>>  54 1524
>>  55 1531
>>  56 1516
>>  57 1520
>>  58 1525
>>  59 1535
>>  60 1518
>>  61 1535
>>  62 1521
>>  63 1520
>>  64 1517
>>  65 1533
>>  66 1535
>>  67 1535
>>  68 1535
>>  69 1505
>>  70 1527
>>  71 1535
>>  72 1535
>>  73 1520
>>  74 1531
>>  75 1535
>>  76 1535
>>  77 1520
>>  78 1535
>>  79 1519
>>  80 1534
>>  81 1535
>>  82 1525
>>  83 1535
>>  84 1535
>>  85 1535
>>  86 1532
>>  87 1565
>>  88 1526
>>  89 1535
>>  90 1556
>>  91 1535
>>  92 1529
>>  93 1519
>>  94 1530
>>  95 1525
>>  96 1531
>>  97 1535
>>  98 1535
>>  99 1527
[0;31mE (1323) FreeRTOS: FreeRTOS Task "adc_task" should not return, Aborting now![0m

abort() was called at PC 0x4008603f on core 0


Backtrace: 0x400815ea:0x3ffb7a20 0x400857bd:0x3ffb7a40 0x4008b0ad:0x3ffb7a60 0x4008603f:0x3ffb7ad0




ELF file SHA256: 9ef79e1be

Rebooting...
ets Jul 29 2019 12:21:46

rst:0xc (SW_CPU_RESET),boot:0x13 (SPI_FAST_FLASH_BOOT)
configsip: 0, SPIWP:0xee
clk_drv:0x00,q_drv:0x00,d_drv:0x00,cs0_drv:0x00,hd_drv:0x00,wp_drv:0x00
mode:DIO, clock div:2
load:0x3fff0030,len:7172
load:0x40078000,len:15540
load:0x40080400,len:4
ho 8 tail 4 room 4
load:0x40080404,len:3904
entry 0x40080640
[0;32mI (31) boot: ESP-IDF v5.2.1 2nd stage bootloader[0m
[0;32mI (31) boot: compile time May  6 2024 18:07:38[0m
[0;32mI (31) boot: Multicore bootloader[0m
[0;32mI (35) boot: chip revision: v3.1[0m
[0;32mI (39) boot.esp32: SPI Speed      : 40MHz[0m
[0;32mI (44) boot.esp32: SPI Mode       : DIO[0m
[0;32mI (48) boot.esp32: SPI Flash Size : 2MB[0m
[0;32mI (53) boot: Enabling RNG early entropy source...[0m
[0;32mI (58) boot: Partition Table:[0m
[0;32mI (62) boot: ## Label            Usage          Type ST Offset   Length[0m
[0;32mI (69) boot:  0 nvs              WiFi data        01 02 00009000 00006000[0m
[0;32mI (76) boot:  1 phy_init         RF data          01 01 0000f000 00001000[0m
[0;32mI (84) boot:  2 factory          factory app      00 00 00010000 00100000[0m
[0;32mI (91) boot: End of partition table[0m
[0;32mI (96) esp_image: segment 0: paddr=00010020 vaddr=3f400020 size=09c48h ( 40008) map[0m
[0;32mI (118) esp_image: segment 1: paddr=00019c70 vaddr=3ffb0000 size=0220ch (  8716) load[0m
[0;32mI (121) esp_image: segment 2: paddr=0001be84 vaddr=40080000 size=04194h ( 16788) load[0m
[0;32mI (130) esp_image: segment 3: paddr=00020020 vaddr=400d0020 size=142a0h ( 82592) map[0m
[0;32mI (160) esp_image: segment 4: paddr=000342c8 vaddr=40084194 size=08588h ( 34184) load[0m
[0;32mI (180) boot: Loaded app from partition at offset 0x10000[0m
[0;32mI (180) boot: Disabling RNG early entropy source...[0m
[0;32mI (192) cpu_start: Multicore app[0m
[0;32mI (201) cpu_start: Pro cpu start user code[0m
[0;32mI (201) cpu_start: cpu freq: 160000000 Hz[0m
[0;32mI (201) cpu_start: Application information:[0m
[0;32mI (204) cpu_start: Project name:     main[0m
[0;32mI (208) cpu_start: App version:      1[0m
[0;32mI (213) cpu_start: Compile time:     May  6 2024 18:07:22[0m
[0;32mI (219) cpu_start: ELF file SHA256:  9ef79e1be...[0m
[0;32mI (224) cpu_start: ESP-IDF:          v5.2.1[0m
[0;32mI (229) cpu_start: Min chip rev:     v0.0[0m
[0;32mI (234) cpu_start: Max chip rev:     v3.99 [0m
[0;32mI (239) cpu_start: Chip rev:         v3.1[0m
[0;32mI (244) heap_init: Initializing. RAM available for dynamic allocation:[0m
[0;32mI (251) heap_init: At 3FFAE6E0 len 00001920 (6 KiB): DRAM[0m
[0;32mI (257) heap_init: At 3FFB2AD8 len 0002D528 (181 KiB): DRAM[0m
[0;32mI (263) heap_init: At 3FFE0440 len 00003AE0 (14 KiB): D/IRAM[0m
[0;32mI (269) heap_init: At 3FFE4350 len 0001BCB0 (111 KiB): D/IRAM[0m
[0;32mI (276) heap_init: At 4008C71C len 000138E4 (78 KiB): IRAM[0m
[0;32mI (283) spi_flash: detected chip: generic[0m
[0;32mI (287) spi_flash: flash io: dio[0m
[0;33mW (290) spi_flash: Detected size(4096k) larger than the size in the binary image header(2048k). Using the size in the binary image header.[0m
[0;33mW (304) ADC: legacy driver is deprecated, please migrate to `esp_adc/adc_oneshot.h`[0m
[0;32mI (313) main_task: Started on CPU0[0m
[0;32mI (323) main_task: Calling app_main()[0m
>>  0 1307
[0;32mI (323) main_task: Returned from app_main()[0m
>>  1 1394
>>  2 1473
>>  3 1506
>>  4 1485
>>  5 1507
>>  6 1498
>>  7 1503
>>  8 1511
>>  9 1494
>>  10 1517
>>  11 1507
>>  12 1503
>>  13 1519
>>  14 1520
>>  15 1515
>>  16 1510
>>  17 1519
>>  18 1523
>>  19 1520
>>  20 1522
>>  21 1523
>>  22 1523
>>  23 1515
>>  24 1520
>>  25 1520
>>  26 1521
>>  27 1507
>>  28 1530
>>  29 1516
>>  30 1535
>>  31 1522
>>  32 1523
>>  33 1515
>>  34 1520
>>  35 1520
>>  36 1525
>>  37 1499
>>  38 1520
>>  39 1518
>>  40 1488
>>  41 1482
>>  42 1496
>>  43 1513
>>  44 1523
>>  45 1527
>>  46 1520
>>  47 1520
>>  48 1523
>>  49 1510
>>  50 1520
>>  51 1525
>>  52 1521
>>  53 1515
>>  54 1522
>>  55 1530
>>  56 1494
>>  57 1478
>>  58 1517
>>  59 1535
>>  60 1529
>>  61 1533
>>  62 1515
>>  63 1525
>>  64 1510
>>  65 1527
>>  66 1519
>>  67 1520
>>  68 1511
>>  69 1513
>>  70 1531
>>  71 1517
>>  72 1525
>>  73 1521
>>  74 1531
>>  75 1520
>>  76 1518
>>  77 1535
>>  78 1527
>>  79 1499
>>  80 1506
>>  81 1535
>>  82 1534
>>  83 1535
>>  84 1524
>>  85 1533
>>  86 1519
>>  87 1535
>>  88 1535
>>  89 1535
>>  90 1530
>>  91 1523
>>  92 1520
>>  93 1530
>>  94 1530
>>  95 1531
>>  96 1511
>>  97 1510
>>  98 1500
>>  99 1505
[0;31mE (1323) FreeRTOS: FreeRTOS Task "adc_task" should not return, Aborting now![0m

abort() was called at PC 0x4008603f on core 0


Backtrace: 0x400815ea:0x3ffb7a20 0x400857bd:0x3ffb7a40 0x4008b0ad:0x3ffb7a60 0x4008603f:0x3ffb7ad0




ELF file SHA256: 9ef79e1be

Rebooting...
ets Jul 29 2019 12:21:46

rst:0xc (SW_CPU_RESET),boot:0x13 (SPI_FAST_FLASH_BOOT)
configsip: 0, SPIWP:0xee
clk_drv:0x00,q_drv:0x00,d_drv:0x00,cs0_drv:0x00,hd_drv:0x00,wp_drv:0x00
mode:DIO, clock div:2
load:0x3fff0030,len:7172
load:0x40078000,len:15540
load:0x40080400,len:4
ho 8 tail 4 room 4
load:0x40080404,len:3904
entry 0x40080640
[0;32mI (31) boot: ESP-IDF v5.2.1 2nd stage bootloader[0m
[0;32mI (31) boot: compile time May  6 2024 18:07:38[0m
[0;32mI (31) boot: Multicore bootloader[0m
[0;32mI (35) boot: chip revision: v3.1[0m
[0;32mI (39) boot.esp32: SPI Speed      : 40MHz[0m
[0;32mI (44) boot.esp32: SPI Mode       : DIO[0m
[0;32mI (48) boot.esp32: SPI Flash Size : 2MB[0m
[0;32mI (53) boot: Enabling RNG early entropy source...[0m
[0;32mI (58) boot: Partition Table:[0m
[0;32mI (62) boot: ## Label            Usage          Type ST Offset   Length[0m
[0;32mI (69) boot:  0 nvs              WiFi data        01 02 00009000 00006000[0m
[0;32mI (76) boot:  1 phy_init         RF data          01 01 0000f000 00001000[0m
[0;32mI (84) boot:  2 factory          factory app      00 00 00010000 00100000[0m
[0;32mI (91) boot: End of partition table[0m
[0;32mI (96) esp_image: segment 0: paddr=00010020 vaddr=3f400020 size=09c48h ( 40008) map[0m
[0;32mI (118) esp_image: segment 1: paddr=00019c70 vaddr=3ffb0000 size=0220ch (  8716) load[0m
[0;32mI (121) esp_image: segment 2: paddr=0001be84 vaddr=40080000 size=04194h ( 16788) load[0m
[0;32mI (130) esp_image: segment 3: paddr=00020020 vaddr=400d0020 size=142a0h ( 82592) map[0m
[0;32mI (160) esp_image: segment 4: paddr=000342c8 vaddr=40084194 size=08588h ( 34184) load[0m
[0;32mI (180) boot: Loaded app from partition at offset 0x10000[0m
[0;32mI (180) boot: Disabling RNG early entropy source...[0m
[0;32mI (192) cpu_start: Multicore app[0m
[0;32mI (201) cpu_start: Pro cpu start user code[0m
[0;32mI (201) cpu_start: cpu freq: 160000000 Hz[0m
[0;32mI (201) cpu_start: Application information:[0m
[0;32mI (204) cpu_start: Project name:     main[0m
[0;32mI (208) cpu_start: App version:      1[0m
[0;32mI (213) cpu_start: Compile time:     May  6 2024 18:07:22[0m
[0;32mI (219) cpu_start: ELF file SHA256:  9ef79e1be...[0m
[0;32mI (224) cpu_start: ESP-IDF:          v5.2.1[0m
[0;32mI (229) cpu_start: Min chip rev:     v0.0[0m
[0;32mI (234) cpu_start: Max chip rev:     v3.99 [0m
[0;32mI (239) cpu_start: Chip rev:         v3.1[0m
[0;32mI (244) heap_init: Initializing. RAM available for dynamic allocation:[0m
[0;32mI (251) heap_init: At 3FFAE6E0 len 00001920 (6 KiB): DRAM[0m
[0;32mI (257) heap_init: At 3FFB2AD8 len 0002D528 (181 KiB): DRAM[0m
[0;32mI (263) heap_init: At 3FFE0440 len 00003AE0 (14 KiB): D/IRAM[0m
[0;32mI (269) heap_init: At 3FFE4350 len 0001BCB0 (111 KiB): D/IRAM[0m
[0;32mI (276) heap_init: At 4008C71C len 000138E4 (78 KiB): IRAM[0m
[0;32mI (283) spi_flash: detected chip: generic[0m
[0;32mI (287) spi_flash: flash io: dio[0m
[0;33mW (290) spi_flash: Detected size(4096k) larger than the size in the binary image header(2048k). Using the size in the binary image header.[0m
[0;33mW (304) ADC: legacy driver is deprecated, please migrate to `esp_adc/adc_oneshot.h`[0m
[0;32mI (313) main_task: Started on CPU0[0m
[0;32mI (323) main_task: Calling app_main()[0m
>>  0 1312
[0;32mI (323) main_task: Returned from app_main()[0m
>>  1 1399
>>  2 1479
>>  3 1493
>>  4 1510
>>  5 1478
>>  6 1510
>>  7 1519
>>  8 1517
>>  9 1504
>>  10 1498
>>  11 1498
>>  12 1510
>>  13 1522
>>  14 1516
>>  15 1520
>>  16 1520
>>  17 1520
>>  18 1506
>>  19 1498
>>  20 1487
>>  21 1493
>>  22 1526
>>  23 1554
>>  24 1533
>>  25 1525
>>  26 1524
>>  27 1531
>>  28 1535
>>  29 1526
>>  30 1533
>>  31 1520
>>  32 1525
>>  33 1535
>>  34 1527
>>  35 1529
>>  36 1518
>>  37 1530
>>  38 1525
>>  39 1529
>>  40 1535
>>  41 1523
>>  42 1535
>>  43 1534
>>  44 1535
>>  45 1531
>>  46 1521
>>  47 1514
>>  48 1518
>>  49 1531
>>  50 1520
>>  51 1518
>>  52 1515
>>  53 1521
>>  54 1502
>>  55 1528
>>  56 1508
>>  57 1518
>>  58 1515
>>  59 1511
>>  60 1535
>>  61 1515
>>  62 1514
>>  63 1520
>>  64 1511
>>  65 1519
>>  66 1519
>>  67 1518
>>  68 1487
>>  69 1488
>>  70 1517
>>  71 1491
>>  72 1528
>>  73 1523
>>  74 1520
>>  75 1525
>>  76 1527
>>  77 1523
>>  78 1503
>>  79 1520
>>  80 1524
>>  81 1499
>>  82 1509
>>  83 1507
>>  84 1511
>>  85 1520
>>  86 1531
>>  87 1520
>>  88 1535
>>  89 1527
>>  90 1507
>>  91 1519
>>  92 1521
>>  93 1520
>>  94 1534
>>  95 1530
>>  96 1534
>>  97 1533
>>  98 1535
>>  99 1529
[0;31mE (1323) FreeRTOS: FreeRTOS Task "adc_task" should not return, Aborting now![0m

abort() was called at PC 0x4008603f on core 0


Backtrace: 0x400815ea:0x3ffb7a20 0x400857bd:0x3ffb7a40 0x4008b0ad:0x3ffb7a60 0x4008603f:0x3ffb7ad0




ELF file SHA256: 9ef79e1be

Rebooting...
ets Jul 29 2019 12:21:46

rst:0xc (SW_CPU_RESET),boot:0x13 (SPI_FAST_FLASH_BOOT)
configsip: 0, SPIWP:0xee
clk_drv:0x00,q_drv:0x00,d_drv:0x00,cs0_drv:0x00,hd_drv:0x00,wp_drv:0x00
mode:DIO, clock div:2
load:0x3fff0030,len:7172
load:0x40078000,len:15540
load:0x40080400,len:4
ho 8 tail 4 room 4
load:0x40080404,len:3904
entry 0x40080640
[0;32mI (31) boot: ESP-IDF v5.2.1 2nd stage bootloader[0m
[0;32mI (31) boot: compile time May  6 2024 18:07:38[0m
[0;32mI (31) boot: Multicore bootloader[0m
[0;32mI (35) boot: chip revision: v3.1[0m
[0;32mI (39) boot.esp32: SPI Speed      : 40MHz[0m
[0;32mI (44) boot.esp32: SPI Mode       : DIO[0m
[0;32mI (48) boot.esp32: SPI Flash Size : 2MB[0m
[0;32mI (53) boot: Enabling RNG early entropy source...[0m
[0;32mI (58) boot: Partition Table:[0m
[0;32mI (62) boot: ## Label            Usage          Type ST Offset   Length[0m
[0;32mI (69) boot:  0 nvs              WiFi data        01 02 00009000 00006000[0m
[0;32mI (76) boot:  1 phy_init         RF data          01 01 0000f000 00001000[0m
[0;32mI (84) boot:  2 factory          factory app      00 00 00010000 00100000[0m
[0;32mI (91) boot: End of partition table[0m
[0;32mI (96) esp_image: segment 0: paddr=00010020 vaddr=3f400020 size=09c48h ( 40008) map[0m
[0;32mI (118) esp_image: segment 1: paddr=00019c70 vaddr=3ffb0000 size=0220ch (  8716) load[0m
[0;32mI (121) esp_image: segment 2: paddr=0001be84 vaddr=40080000 size=04194h ( 16788) load[0m
[0;32mI (130) esp_image: segment 3: paddr=00020020 vaddr=400d0020 size=142a0h ( 82592) map[0m
[0;32mI (160) esp_image: segment 4: paddr=000342c8 vaddr=40084194 size=08588h ( 34184) load[0m
[0;32mI (180) boot: Loaded app from partition at offset 0x10000[0m
[0;32mI (180) boot: Disabling RNG early entropy source...[0m
[0;32mI (192) cpu_start: Multicore app[0m
[0;32mI (201) cpu_start: Pro cpu start user code[0m
[0;32mI (201) cpu_start: cpu freq: 160000000 Hz[0m
[0;32mI (201) cpu_start: Application information:[0m
[0;32mI (204) cpu_start: Project name:     main[0m
[0;32mI (208) cpu_start: App version:      1[0m
[0;32mI (213) cpu_start: Compile time:     May  6 2024 18:07:22[0m
[0;32mI (219) cpu_start: ELF file SHA256:  9ef79e1be...[0m
[0;32mI (224) cpu_start: ESP-IDF:          v5.2.1[0m
[0;32mI (229) cpu_start: Min chip rev:     v0.0[0m
[0;32mI (234) cpu_start: Max chip rev:     v3.99 [0m
[0;32mI (239) cpu_start: Chip rev:         v3.1[0m
[0;32mI (244) heap_init: Initializing. RAM available for dynamic allocation:[0m
[0;32mI (251) heap_init: At 3FFAE6E0 len 00001920 (6 KiB): DRAM[0m
[0;32mI (257) heap_init: At 3FFB2AD8 len 0002D528 (181 KiB): DRAM[0m
[0;32mI (263) heap_init: At 3FFE0440 len 00003AE0 (14 KiB): D/IRAM[0m
[0;32mI (269) heap_init: At 3FFE4350 len 0001BCB0 (111 KiB): D/IRAM[0m
[0;32mI (276) heap_init: At 4008C71C len 000138E4 (78 KiB): IRAM[0m
[0;32mI (283) spi_flash: detected chip: generic[0m
[0;32mI (287) spi_flash: flash io: dio[0m
[0;33mW (290) spi_flash: Detected size(4096k) larger than the size in the binary image header(2048k). Using the size in the binary image header.[0m
[0;33mW (304) ADC: legacy driver is deprecated, please migrate to `esp_adc/adc_oneshot.h`[0m
[0;32mI (313) main_task: Started on CPU0[0m
[0;32mI (323) main_task: Calling app_main()[0m
>>  0 1316
[0;32mI (323) main_task: Returned from app_main()[0m
>>  1 1390
>>  2 1475
>>  3 1491
>>  4 1503
>>  5 1513
>>  6 1492
>>  7 1501
>>  8 1488
>>  9 1478
>>  10 1513
>>  11 1518
>>  12 1518
>>  13 1524
>>  14 1522
>>  15 1514
>>  16 1496
>>  17 1491
>>  18 1498
>>  19 1520
>>  20 1513
>>  21 1493
>>  22 1517
>>  23 1520
>>  24 1491
>>  25 1502
>>  26 1521
>>  27 1520
>>  28 1530
>>  29 1510
>>  30 1513
>>  31 1515
>>  32 1529
>>  33 1489
>>  34 1488
>>  35 1510
>>  36 1511
>>  37 1530
>>  38 1526
>>  39 1519
>>  40 1519
>>  41 1525
>>  42 1523
>>  43 1505
>>  44 1487
>>  45 1533
>>  46 1499
>>  47 1511
>>  48 1506
>>  49 1530
>>  50 1524
>>  51 1510
>>  52 1520
>>  53 1508
>>  54 1530
>>  55 1523
>>  56 1520
>>  57 1521
>>  58 1507
>>  59 1529
>>  60 1532
>>  61 1532
>>  62 1531
>>  63 1525
>>  64 1524
>>  65 1513
>>  66 1535
>>  67 1526
>>  68 1529
>>  69 1520
>>  70 1535
>>  71 1520
>>  72 1511
>>  73 1525
>>  74 1520
>>  75 1521
>>  76 1514
>>  77 1533
>>  78 1509
>>  79 1507
>>  80 1527
>>  81 1523
>>  82 1521
>>  83 1529
>>  84 1535
>>  85 1529
>>  86 1515
>>  87 1522
>>  88 1526
>>  89 1530
>>  90 1511
>>  91 1520
>>  92 1515
>>  93 1503
>>  94 1527
>>  95 1530
>>  96 1526
>>  97 1515
>>  98 1534
>>  99 1520
[0;31mE (1323) FreeRTOS: FreeRTOS Task "adc_task" should not return, Aborting now![0m

abort() was called at PC 0x4008603f on core 0


Backtrace: 0x400815ea:0x3ffb7a20 0x400857bd:0x3ffb7a40 0x4008b0ad:0x3ffb7a60 0x4008603f:0x3ffb7ad0




ELF file SHA256: 9ef79e1be

Rebooting...
ets Jul 29 2019 12:21:46

rst:0xc (SW_CPU_RESET),boot:0x13 (SPI_FAST_FLASH_BOOT)
configsip: 0, SPIWP:0xee
clk_drv:0x00,q_drv:0x00,d_drv:0x00,cs0_drv:0x00,hd_drv:0x00,wp_drv:0x00
mode:DIO, clock div:2
load:0x3fff0030,len:7172
load:0x40078000,len:15540
load:0x40080400,len:4
ho 8 tail 4 room 4
load:0x40080404,len:3904
entry 0x40080640
[0;32mI (31) boot: ESP-IDF v5.2.1 2nd stage bootloader[0m
[0;32mI (31) boot: compile time May  6 2024 18:07:38[0m
[0;32mI (31) boot: Multicore bootloader[0m
[0;32mI (35) boot: chip revision: v3.1[0m
[0;32mI (39) boot.esp32: SPI Speed      : 40MHz[0m
[0;32mI (44) boot.esp32: SPI Mode       : DIO[0m
[0;32mI (48) boot.esp32: SPI Flash Size : 2MB[0m
[0;32mI (53) boot: Enabling RNG early entropy source...[0m
[0;32mI (58) boot: Partition Table:[0m
[0;32mI (62) boot: ## Label            Usage          Type ST Offset   Length[0m
[0;32mI (69) boot:  0 nvs              WiFi data        01 02 00009000 00006000[0m
[0;32mI (76) boot:  1 phy_init         RF data          01 01 0000f000 00001000[0m
[0;32mI (84) boot:  2 factory          factory app      00 00 00010000 00100000[0m
[0;32mI (91) boot: End of partition table[0m
[0;32mI (96) esp_image: segment 0: paddr=00010020 vaddr=3f400020 size=09c48h ( 40008) map[0m
[0;32mI (118) esp_image: segment 1: paddr=00019c70 vaddr=3ffb0000 size=0220ch (  8716) load[0m
[0;32mI (121) esp_image: segment 2: paddr=0001be84 vaddr=40080000 size=04194h ( 16788) load[0m
[0;32mI (130) esp_image: segment 3: paddr=00020020 vaddr=400d0020 size=142a0h ( 82592) map[0m
[0;32mI (160) esp_image: segment 4: paddr=000342c8 vaddr=40084194 size=08588h ( 34184) load[0m
[0;32mI (180) boot: Loaded app from partition at offset 0x10000[0m
[0;32mI (180) boot: Disabling RNG early entropy source...[0m
[0;32mI (192) cpu_start: Multicore app[0m
[0;32mI (201) cpu_start: Pro cpu start user code[0m
[0;32mI (201) cpu_start: cpu freq: 160000000 Hz[0m
[0;32mI (201) cpu_start: Application information:[0m
[0;32mI (204) cpu_start: Project name:     main[0m
[0;32mI (208) cpu_start: App version:      1[0m
[0;32mI (213) cpu_start: Compile time:     May  6 2024 18:07:22[0m
[0;32mI (219) cpu_start: ELF file SHA256:  9ef79e1be...[0m
[0;32mI (224) cpu_start: ESP-IDF:          v5.2.1[0m
[0;32mI (229) cpu_start: Min chip rev:     v0.0[0m
[0;32mI (234) cpu_start: Max chip rev:     v3.99 [0m
[0;32mI (239) cpu_start: Chip rev:         v3.1[0m
[0;32mI (244) heap_init: Initializing. RAM available for dynamic allocation:[0m
[0;32mI (251) heap_init: At 3FFAE6E0 len 00001920 (6 KiB): DRAM[0m
[0;32mI (257) heap_init: At 3FFB2AD8 len 0002D528 (181 KiB): DRAM[0m
[0;32mI (263) heap_init: At 3FFE0440 len 00003AE0 (14 KiB): D/IRAM[0m
[0;32mI (269) heap_init: At 3FFE4350 len 0001BCB0 (111 KiB): D/IRAM[0m
[0;32mI (276) heap_init: At 4008C71C len 000138E4 (78 KiB): IRAM[0m
[0;32mI (283) spi_flash: detected chip: generic[0m
[0;32mI (287) spi_flash: flash io: dio[0m
[0;33mW (290) spi_flash: Detected size(4096k) larger than the size in the binary image header(2048k). Using the size in the binary image header.[0m
[0;33mW (304) ADC: legacy driver is deprecated, please migrate to `esp_adc/adc_oneshot.h`[0m
[0;32mI (313) main_task: Started on CPU0[0m
[0;32mI (323) main_task: Calling app_main()[0m
>>  0 1323
[0;32mI (323) main_task: Returned from app_main()[0m
>>  1 1408
>>  2 1487
>>  3 1491
>>  4 1493
>>  5 1505
>>  6 1520
>>  7 1523
>>  8 1501
>>  9 1497
>>  10 1498
>>  11 1483
>>  12 1494
>>  13 1520
>>  14 1522
>>  15 1506
>>  16 1498
>>  17 1516
>>  18 1507
>>  19 1530
>>  20 1520
>>  21 1520
>>  22 1521
>>  23 1515
>>  24 1522
>>  25 1523
>>  26 1529
>>  27 1535
>>  28 1523
>>  29 1514
>>  30 1533
>>  31 1533
>>  32 1502
>>  33 1506
>>  34 1511
>>  35 1520
>>  36 1519
>>  37 1513
>>  38 1506
>>  39 1510
>>  40 1509
>>  41 1534
>>  42 1535
>>  43 1525
>>  44 1531
>>  45 1515
>>  46 1521
>>  47 1535
>>  48 1528
>>  49 1535
>>  50 1520
>>  51 1527
>>  52 1535
>>  53 1535
>>  54 1530
>>  55 1533
>>  56 1532
>>  57 1520
>>  58 1533
>>  59 1526
>>  60 1529
>>  61 1501
>>  62 1517
>>  63 1530
>>  64 1515
>>  65 1529
>>  66 1520
>>  67 1516
>>  68 1526
>>  69 1533
>>  70 1520
>>  71 1520
>>  72 1521
>>  73 1514
>>  74 1526
>>  75 1520
>>  76 1510
>>  77 1517
>>  78 1531
>>  79 1518
>>  80 1520
>>  81 1530
>>  82 1535
>>  83 1535
>>  84 1520
>>  85 1531
>>  86 1525
>>  87 1533
>>  88 1505
>>  89 1509
>>  90 1495
>>  91 1509
>>  92 1523
>>  93 1520
>>  94 1517
>>  95 1499
>>  96 1519
>>  97 1525
>>  98 1511
>>  99 1523
[0;31mE (1323) FreeRTOS: FreeRTOS Task "adc_task" should not return, Aborting now![0m

abort() was called at PC 0x4008603f on core 0


Backtrace: 0x400815ea:0x3ffb7a20 0x400857bd:0x3ffb7a40 0x4008b0ad:0x3ffb7a60 0x4008603f:0x3ffb7ad0




ELF file SHA256: 9ef79e1be

Rebooting...
ets Jul 29 2019 12:21:46

rst:0xc (SW_CPU_RESET),boot:0x13 (SPI_FAST_FLASH_BOOT)
configsip: 0, SPIWP:0xee
clk_drv:0x00,q_drv:0x00,d_drv:0x00,cs0_drv:0x00,hd_drv:0x00,wp_drv:0x00
mode:DIO, clock div:2
load:0x3fff0030,len:7172
load:0x40078000,len:15540
load:0x40080400,len:4
ho 8 tail 4 room 4
load:0x40080404,len:3904
entry 0x40080640
[0;32mI (31) boot: ESP-IDF v5.2.1 2nd stage bootloader[0m
[0;32mI (31) boot: compile time May  6 2024 18:07:38[0m
[0;32mI (31) boot: Multicore bootloader[0m
[0;32mI (35) boot: chip revision: v3.1[0m
[0;32mI (39) boot.esp32: SPI Speed      : 40MHz[0m
[0;32mI (44) boot.esp32: SPI Mode       : DIO[0m
[0;32mI (48) boot.esp32: SPI Flash Size : 2MB[0m
[0;32mI (53) boot: Enabling RNG early entropy source...[0m
[0;32mI (58) boot: Partition Table:[0m
[0;32mI (62) boot: ## Label            Usage          Type ST Offset   Length[0m
[0;32mI (69) boot:  0 nvs              WiFi data        01 02 00009000 00006000[0m
[0;32mI (76) boot:  1 phy_init         RF data          01 01 0000f000 00001000[0m
[0;32mI (84) boot:  2 factory          factory app      00 00 00010000 00100000[0m
[0;32mI (91) boot: End of partition table[0m
[0;32mI (96) esp_image: segment 0: paddr=00010020 vaddr=3f400020 size=09c48h ( 40008) map[0m
[0;32mI (118) esp_image: segment 1: paddr=00019c70 vaddr=3ffb0000 size=0220ch (  8716) load[0m
[0;32mI (121) esp_image: segment 2: paddr=0001be84 vaddr=40080000 size=04194h ( 16788) load[0m
[0;32mI (130) esp_image: segment 3: paddr=00020020 vaddr=400d0020 size=142a0h ( 82592) map[0m
[0;32mI (160) esp_image: segment 4: paddr=000342c8 vaddr=40084194 size=08588h ( 34184) load[0m
[0;32mI (180) boot: Loaded app from partition at offset 0x10000[0m
[0;32mI (180) boot: Disabling RNG early entropy source...[0m
[0;32mI (192) cpu_start: Multicore app[0m
[0;32mI (201) cpu_start: Pro cpu start user code[0m
[0;32mI (201) cpu_start: cpu freq: 160000000 Hz[0m
[0;32mI (201) cpu_start: Application information:[0m
[0;32mI (204) cpu_start: Project name:     main[0m
[0;32mI (208) cpu_start: App version:      1[0m
[0;32mI (213) cpu_start: Compile time:     May  6 2024 18:07:22[0m
[0;32mI (219) cpu_start: ELF file SHA256:  9ef79e1be...[0m
[0;32mI (224) cpu_start: ESP-IDF:          v5.2.1[0m
[0;32mI (229) cpu_start: Min chip rev:     v0.0[0m
[0;32mI (234) cpu_start: Max chip rev:     v3.99 [0m
[0;32mI (239) cpu_start: Chip rev:         v3.1[0m
[0;32mI (244) heap_init: Initializing. RAM available for dynamic allocation:[0m
[0;32mI (251) heap_init: At 3FFAE6E0 len 00001920 (6 KiB): DRAM[0m
[0;32mI (257) heap_init: At 3FFB2AD8 len 0002D528 (181 KiB): DRAM[0m
[0;32mI (263) heap_init: At 3FFE0440 len 00003AE0 (14 KiB): D/IRAM[0m
[0;32mI (269) heap_init: At 3FFE4350 len 0001BCB0 (111 KiB): D/IRAM[0m
[0;32mI (276) heap_init: At 4008C71C len 000138E4 (78 KiB): IRAM[0m
[0;32mI (283) spi_flash: detected chip: generic[0m
[0;32mI (287) spi_flash: flash io: dio[0m
[0;33mW (290) spi_flash: Detected size(4096k) larger than the size in the binary image header(2048k). Using the size in the binary image header.[0m
[0;33mW (304) ADC: legacy driver is deprecated, please migrate to `esp_adc/adc_oneshot.h`[0m
[0;32mI (313) main_task: Started on CPU0[0m
[0;32mI (323) main_task: Calling app_main()[0m
>>  0 1311
[0;32mI (323) main_task: Returned from app_main()[0m
>>  1 1392
>>  2 1458
>>  3 1481
>>  4 1491
>>  5 1497
>>  6 1493
>>  7 1498
>>  8 1497
>>  9 1501
>>  10 1499
>>  11 1489
>>  12 1476
>>  13 1507
>>  14 1510
>>  15 1495
>>  16 1490
>>  17 1488
>>  18 1513
>>  19 1514
>>  20 1482
>>  21 1506
>>  22 1513
>>  23 1491
>>  24 1490
>>  25 1488
>>  26 1498
>>  27 1515
>>  28 1523
>>  29 1520
>>  30 1520
>>  31 1527
>>  32 1520
>>  33 1520
>>  34 1530
>>  35 1525
>>  36 1525
>>  37 1518
>>  38 1517
>>  39 1509
>>  40 1520
>>  41 1535
>>  42 1535
>>  43 1535
>>  44 1534
>>  45 1522
>>  46 1520
>>  47 1523
>>  48 1526
>>  49 1517
>>  50 1518
>>  51 1517
>>  52 1521
>>  53 1518
>>  54 1522
>>  55 1509
>>  56 1510
>>  57 1522
>>  58 1529
>>  59 1507
>>  60 1510
>>  61 1507
>>  62 1509
>>  63 1523
>>  64 1506
>>  65 1517
>>  66 1522
>>  67 1527
>>  68 1513
>>  69 1502
>>  70 1535
>>  71 1523
>>  72 1535
>>  73 1522
>>  74 1520
>>  75 1535
>>  76 1520
>>  77 1531
>>  78 1534
>>  79 1522
>>  80 1519
>>  81 1521
>>  82 1520
>>  83 1514
>>  84 1530
>>  85 1529
>>  86 1520
>>  87 1535
>>  88 1533
>>  89 1535
>>  90 1515
>>  91 1507
>>  92 1508
>>  93 1520
>>  94 1517
>>  95 1523
>>  96 1505
>>  97 1520
>>  98 1525
>>  99 1531
[0;31mE (1323) FreeRTOS: FreeRTOS Task "adc_task" should not return, Aborting now![0m

abort() was called at PC 0x4008603f on core 0


Backtrace: 0x400815ea:0x3ffb7a20 0x400857bd:0x3ffb7a40 0x4008b0ad:0x3ffb7a60 0x4008603f:0x3ffb7ad0




ELF file SHA256: 9ef79e1be

Rebooting...
ets Jul 29 2019 12:21:46

rst:0xc (SW_CPU_RESET),boot:0x13 (SPI_FAST_FLASH_BOOT)
configsip: 0, SPIWP:0xee
clk_drv:0x00,q_drv:0x00,d_drv:0x00,cs0_drv:0x00,hd_drv:0x00,wp_drv:0x00
mode:DIO, clock div:2
load:0x3fff0030,len:7172
load:0x40078000,len:15540
load:0x40080400,len:4
ho 8 tail 4 room 4
load:0x40080404,len:3904
entry 0x40080640
[0;32mI (31) boot: ESP-IDF v5.2.1 2nd stage bootloader[0m
[0;32mI (31) boot: compile time May  6 2024 18:07:38[0m
[0;32mI (31) boot: Multicore bootloader[0m
[0;32mI (35) boot: chip revision: v3.1[0m
[0;32mI (39) boot.esp32: SPI Speed      : 40MHz[0m
[0;32mI (44) boot.esp32: SPI Mode       : DIO[0m
[0;32mI (48) boot.esp32: SPI Flash Size : 2MB[0m
[0;32mI (53) boot: Enabling RNG early entropy source...[0m
[0;32mI (58) boot: Partition Table:[0m
[0;32mI (62) boot: ## Label            Usage          Type ST Offset   Length[0m
[0;32mI (69) boot:  0 nvs              WiFi data        01 02 00009000 00006000[0m
[0;32mI (76) boot:  1 phy_init         RF data          01 01 0000f000 00001000[0m
[0;32mI (84) boot:  2 factory          factory app      00 00 00010000 00100000[0m
[0;32mI (91) boot: End of partition table[0m
[0;32mI (96) esp_image: segment 0: paddr=00010020 vaddr=3f400020 size=09c48h ( 40008) map[0m
[0;32mI (118) esp_image: segment 1: paddr=00019c70 vaddr=3ffb0000 size=0220ch (  8716) load[0m
[0;32mI (121) esp_image: segment 2: paddr=0001be84 vaddr=40080000 size=04194h ( 16788) load[0m
[0;32mI (130) esp_image: segment 3: paddr=00020020 vaddr=400d0020 size=142a0h ( 82592) map[0m
[0;32mI (160) esp_image: segment 4: paddr=000342c8 vaddr=40084194 size=08588h ( 34184) load[0m
[0;32mI (180) boot: Loaded app from partition at offset 0x10000[0m
[0;32mI (180) boot: Disabling RNG early entropy source...[0m
[0;32mI (192) cpu_start: Multicore app[0m
[0;32mI (201) cpu_start: Pro cpu start user code[0m
[0;32mI (201) cpu_start: cpu freq: 160000000 Hz[0m
[0;32mI (201) cpu_start: Application information:[0m
[0;32mI (204) cpu_start: Project name:     main[0m
[0;32mI (208) cpu_start: App version:      1[0m
[0;32mI (213) cpu_start: Compile time:     May  6 2024 18:07:22[0m
[0;32mI (219) cpu_start: ELF file SHA256:  9ef79e1be...[0m
[0;32mI (224) cpu_start: ESP-IDF:          v5.2.1[0m
[0;32mI (229) cpu_start: Min chip rev:     v0.0[0m
[0;32mI (234) cpu_start: Max chip rev:     v3.99 [0m
[0;32mI (239) cpu_start: Chip rev:         v3.1[0m
[0;32mI (244) heap_init: Initializing. RAM available for dynamic allocation:[0m
[0;32mI (251) heap_init: At 3FFAE6E0 len 00001920 (6 KiB): DRAM[0m
[0;32mI (257) heap_init: At 3FFB2AD8 len 0002D528 (181 KiB): DRAM[0m
[0;32mI (263) heap_init: At 3FFE0440 len 00003AE0 (14 KiB): D/IRAM[0m
[0;32mI (269) heap_init: At 3FFE4350 len 0001BCB0 (111 KiB): D/IRAM[0m
[0;32mI (276) heap_init: At 4008C71C len 000138E4 (78 KiB): IRAM[0m
[0;32mI (283) spi_flash: detected chip: generic[0m
[0;32mI (287) spi_flash: flash io: dio[0m
[0;33mW (290) spi_flash: Detected size(4096k) larger than the size in the binary image header(2048k). Using the size in the binary image header.[0m
[0;33mW (304) ADC: legacy driver is deprecated, please migrate to `esp_adc/adc_oneshot.h`[0m
[0;32mI (313) main_task: Started on CPU0[0m
[0;32mI (323) main_task: Calling app_main()[0m
>>  0 1310
[0;32mI (323) main_task: Returned from app_main()[0m
>>  1 1397
>>  2 1477
>>  3 1485
>>  4 1503
>>  5 1509
>>  6 1494
>>  7 1515
>>  8 1520
>>  9 1510
>>  10 1524
>>  11 1499
>>  12 1507
>>  13 1530
>>  14 1517
>>  15 1509
>>  16 1495
>>  17 1516
>>  18 1490
>>  19 1498
>>  20 1514
>>  21 1511
>>  22 1502
>>  23 1495
>>  24 1523
>>  25 1506
>>  26 1516
>>  27 1520
>>  28 1509
>>  29 1510
>>  30 1511
>>  31 1518
>>  32 1515
>>  33 1520
>>  34 1523
>>  35 1535
>>  36 1515
>>  37 1509
>>  38 1502
>>  39 1489
>>  40 1515
>>  41 1523
>>  42 1517
>>  43 1520
>>  44 1520
>>  45 1519
>>  46 1520
>>  47 1526
>>  48 1523
>>  49 1521
>>  50 1510
>>  51 1518
>>  52 1518
>>  53 1515
>>  54 1506
>>  55 1520
>>  56 1520
>>  57 1521
>>  58 1521
>>  59 1531
>>  60 1524
>>  61 1516
>>  62 1517
>>  63 1519
>>  64 1514
>>  65 1531
>>  66 1525
>>  67 1520
>>  68 1523
>>  69 1524
>>  70 1520
>>  71 1523
>>  72 1503
>>  73 1505
>>  74 1498
>>  75 1519
>>  76 1530
>>  77 1529
>>  78 1531
>>  79 1525
>>  80 1533
>>  81 1525
>>  82 1529
>>  83 1535
>>  84 1521
>>  85 1520
>>  86 1511
>>  87 1535
>>  88 1526
>>  89 1517
>>  90 1535
>>  91 1520
>>  92 1535
>>  93 1534
>>  94 1535
>>  95 1531
>>  96 1526
>>  97 1520
>>  98 1525
>>  99 1521
[0;31mE (1323) FreeRTOS: FreeRTOS Task "adc_task" should not return, Aborting now![0m

abort() was called at PC 0x4008603f on core 0


Backtrace: 0x400815ea:0x3ffb7a20 0x400857bd:0x3ffb7a40 0x4008b0ad:0x3ffb7a60 0x4008603f:0x3ffb7ad0




ELF file SHA256: 9ef79e1be

Rebooting...
ets Jul 29 2019 12:21:46

rst:0xc (SW_CPU_RESET),boot:0x13 (SPI_FAST_FLASH_BOOT)
configsip: 0, SPIWP:0xee
clk_drv:0x00,q_drv:0x00,d_drv:0x00,cs0_drv:0x00,hd_drv:0x00,wp_drv:0x00
mode:DIO, clock div:2
load:0x3fff0030,len:7172
load:0x40078000,len:15540
load:0x40080400,len:4
ho 8 tail 4 room 4
load:0x40080404,len:3904
entry 0x40080640
[0;32mI (31) boot: ESP-IDF v5.2.1 2nd stage bootloader[0m
[0;32mI (31) boot: compile time May  6 2024 18:07:38[0m
[0;32mI (31) boot: Multicore bootloader[0m
[0;32mI (35) boot: chip revision: v3.1[0m
[0;32mI (39) boot.esp32: SPI Speed      : 40MHz[0m
[0;32mI (44) boot.esp32: SPI Mode       : DIO[0m
[0;32mI (48) boot.esp32: SPI Flash Size : 2MB[0m
[0;32mI (53) boot: Enabling RNG early entropy source...[0m
[0;32mI (58) boot: Partition Table:[0m
[0;32mI (62) boot: ## Label            Usage          Type ST Offset   Length[0m
[0;32mI (69) boot:  0 nvs              WiFi data        01 02 00009000 00006000[0m
[0;32mI (76) boot:  1 phy_init         RF data          01 01 0000f000 00001000[0m
[0;32mI (84) boot:  2 factory          factory app      00 00 00010000 00100000[0m
[0;32mI (91) boot: End of partition table[0m
[0;32mI (96) esp_image: segment 0: paddr=00010020 vaddr=3f400020 size=09c48h ( 40008) map[0m
[0;32mI (118) esp_image: segment 1: paddr=00019c70 vaddr=3ffb0000 size=0220ch (  8716) load[0m
[0;32mI (121) esp_image: segment 2: paddr=0001be84 vaddr=40080000 size=04194h ( 16788) load[0m
[0;32mI (130) esp_image: segment 3: paddr=00020020 vaddr=400d0020 size=142a0h ( 82592) map[0m
[0;32mI (160) esp_image: segment 4: paddr=000342c8 vaddr=40084194 size=08588h ( 34184) load[0m
[0;32mI (180) boot: Loaded app from partition at offset 0x10000[0m
[0;32mI (180) boot: Disabling RNG early entropy source...[0m
[0;32mI (192) cpu_start: Multicore app[0m
[0;32mI (201) cpu_start: Pro cpu start user code[0m
[0;32mI (201) cpu_start: cpu freq: 160000000 Hz[0m
[0;32mI (201) cpu_start: Application information:[0m
[0;32mI (204) cpu_start: Project name:     main[0m
[0;32mI (208) cpu_start: App version:      1[0m
[0;32mI (213) cpu_start: Compile time:     May  6 2024 18:07:22[0m
[0;32mI (219) cpu_start: ELF file SHA256:  9ef79e1be...[0m
[0;32mI (224) cpu_start: ESP-IDF:          v5.2.1[0m
[0;32mI (229) cpu_start: Min chip rev:     v0.0[0m
[0;32mI (234) cpu_start: Max chip rev:     v3.99 [0m
[0;32mI (239) cpu_start: Chip rev:         v3.1[0m
[0;32mI (244) heap_init: Initializing. RAM available for dynamic allocation:[0m
[0;32mI (251) heap_init: At 3FFAE6E0 len 00001920 (6 KiB): DRAM[0m
[0;32mI (257) heap_init: At 3FFB2AD8 len 0002D528 (181 KiB): DRAM[0m
[0;32mI (263) heap_init: At 3FFE0440 len 00003AE0 (14 KiB): D/IRAM[0m
[0;32mI (269) heap_init: At 3FFE4350 len 0001BCB0 (111 KiB): D/IRAM[0m
[0;32mI (276) heap_init: At 4008C71C len 000138E4 (78 KiB): IRAM[0m
[0;32mI (283) spi_flash: detected chip: generic[0m
[0;32mI (287) spi_flash: flash io: dio[0m
[0;33mW (290) spi_flash: Detected size(4096k) larger than the size in the binary image header(2048k). Using the size in the binary image header.[0m
[0;33mW (304) ADC: legacy driver is deprecated, please migrate to `esp_adc/adc_oneshot.h`[0m
[0;32mI (313) main_task: Started on CPU0[0m
[0;32mI (323) main_task: Calling app_main()[0m
>>  0 1298
[0;32mI (323) main_task: Returned from app_main()[0m
>>  1 1394
>>  2 1487
>>  3 1505
>>  4 1499
>>  5 1523
>>  6 1505
>>  7 1511
>>  8 1506
>>  9 1510
>>  10 1495
>>  11 1511
>>  12 1520
>>  13 1509
>>  14 1535
>>  15 1520
>>  16 1525
>>  17 1503
>>  18 1506
>>  19 1518
>>  20 1512
>>  21 1520
>>  22 1511
>>  23 1533
>>  24 1522
>>  25 1509
>>  26 1502
>>  27 1522
>>  28 1518
>>  29 1527
>>  30 1527
>>  31 1532
>>  32 1532
>>  33 1517
>>  34 1533
>>  35 1535
>>  36 1531
>>  37 1531
>>  38 1532
>>  39 1525
>>  40 1520
>>  41 1517
>>  42 1527
>>  43 1529
>>  44 1501
>>  45 1520
>>  46 1511
>>  47 1523
>>  48 1533
>>  49 1511
>>  50 1502
>>  51 1520
>>  52 1504
>>  53 1524
>>  54 1522
>>  55 1530
>>  56 1511
>>  57 1503
>>  58 1503
>>  59 1520
>>  60 1488
>>  61 1531
>>  62 1516
>>  63 1520
>>  64 1495
>>  65 1515
>>  66 1519
>>  67 1507
>>  68 1520
>>  69 1510
>>  70 1511
>>  71 1509
>>  72 1520
>>  73 1519
>>  74 1515
>>  75 1519
>>  76 1522
>>  77 1522
>>  78 1507
>>  79 1511
>>  80 1514
>>  81 1517
>>  82 1520
>>  83 1526
>>  84 1523
>>  85 1520
>>  86 1521
>>  87 1529
>>  88 1511
>>  89 1520
>>  90 1535
>>  91 1526
>>  92 1535
>>  93 1535
>>  94 1518
>>  95 1535
>>  96 1535
>>  97 1523
>>  98 1533
>>  99 1518
[0;31mE (1323) FreeRTOS: FreeRTOS Task "adc_task" should not return, Aborting now![0m

abort() was called at PC 0x4008603f on core 0


Backtrace: 0x400815ea:0x3ffb7a20 0x400857bd:0x3ffb7a40 0x4008b0ad:0x3ffb7a60 0x4008603f:0x3ffb7ad0




ELF file SHA256: 9ef79e1be

Rebooting...
ets Jul 29 2019 12:21:46

rst:0xc (SW_CPU_RESET),boot:0x13 (SPI_FAST_FLASH_BOOT)
configsip: 0, SPIWP:0xee
clk_drv:0x00,q_drv:0x00,d_drv:0x00,cs0_drv:0x00,hd_drv:0x00,wp_drv:0x00
mode:DIO, clock div:2
load:0x3fff0030,len:7172
load:0x40078000,len:15540
load:0x40080400,len:4
ho 8 tail 4 room 4
load:0x40080404,len:3904
entry 0x40080640
[0;32mI (31) boot: ESP-IDF v5.2.1 2nd stage bootloader[0m
[0;32mI (31) boot: compile time May  6 2024 18:07:38[0m
[0;32mI (31) boot: Multicore bootloader[0m
[0;32mI (35) boot: chip revision: v3.1[0m
[0;32mI (39) boot.esp32: SPI Speed      : 40MHz[0m
[0;32mI (44) boot.esp32: SPI Mode       : DIO[0m
[0;32mI (48) boot.esp32: SPI Flash Size : 2MB[0m
[0;32mI (53) boot: Enabling RNG early entropy source...[0m
[0;32mI (58) boot: Partition Table:[0m
[0;32mI (62) boot: ## Label            Usage          Type ST Offset   Length[0m
[0;32mI (69) boot:  0 nvs              WiFi data        01 02 00009000 00006000[0m
[0;32mI (76) boot:  1 phy_init         RF data          01 01 0000f000 00001000[0m
[0;32mI (84) boot:  2 factory          factory app      00 00 00010000 00100000[0m
[0;32mI (91) boot: End of partition table[0m
[0;32mI (96) esp_image: segment 0: paddr=00010020 vaddr=3f400020 size=09c48h ( 40008) map[0m
[0;32mI (118) esp_image: segment 1: paddr=00019c70 vaddr=3ffb0000 size=0220ch (  8716) load[0m
[0;32mI (121) esp_image: segment 2: paddr=0001be84 vaddr=40080000 size=04194h ( 16788) load[0m
[0;32mI (130) esp_image: segment 3: paddr=00020020 vaddr=400d0020 size=142a0h ( 82592) map[0m
[0;32mI (160) esp_image: segment 4: paddr=000342c8 vaddr=40084194 size=08588h ( 34184) load[0m
[0;32mI (180) boot: Loaded app from partition at offset 0x10000[0m
[0;32mI (180) boot: Disabling RNG early entropy source...[0m
[0;32mI (192) cpu_start: Multicore app[0m
[0;32mI (201) cpu_start: Pro cpu start user code[0m
[0;32mI (201) cpu_start: cpu freq: 160000000 Hz[0m
[0;32mI (201) cpu_start: Application information:[0m
[0;32mI (204) cpu_start: Project name:     main[0m
[0;32mI (208) cpu_start: App version:      1[0m
[0;32mI (213) cpu_start: Compile time:     May  6 2024 18:07:22[0m
[0;32mI (219) cpu_start: ELF file SHA256:  9ef79e1be...[0m
[0;32mI (224) cpu_start: ESP-IDF:          v5.2.1[0m
[0;32mI (229) cpu_start: Min chip rev:     v0.0[0m
[0;32mI (234) cpu_start: Max chip rev:     v3.99 [0m
[0;32mI (239) cpu_start: Chip rev:         v3.1[0m
[0;32mI (244) heap_init: Initializing. RAM available for dynamic allocation:[0m
[0;32mI (251) heap_init: At 3FFAE6E0 len 00001920 (6 KiB): DRAM[0m
[0;32mI (257) heap_init: At 3FFB2AD8 len 0002D528 (181 KiB): DRAM[0m
[0;32mI (263) heap_init: At 3FFE0440 len 00003AE0 (14 KiB): D/IRAM[0m
[0;32mI (269) heap_init: At 3FFE4350 len 0001BCB0 (111 KiB): D/IRAM[0m
[0;32mI (276) heap_init: At 4008C71C len 000138E4 (78 KiB): IRAM[0m
[0;32mI (283) spi_flash: detected chip: generic[0m
[0;32mI (287) spi_flash: flash io: dio[0m
[0;33mW (290) spi_flash: Detected size(4096k) larger than the size in the binary image header(2048k). Using the size in the binary image header.[0m
[0;33mW (304) ADC: legacy driver is deprecated, please migrate to `esp_adc/adc_oneshot.h`[0m
[0;32mI (313) main_task: Started on CPU0[0m
[0;32mI (323) main_task: Calling app_main()[0m
>>  0 1328
[0;32mI (323) main_task: Returned from app_main()[0m
>>  1 1391
>>  2 1481
>>  3 1499
>>  4 1493
>>  5 1523
>>  6 1502
>>  7 1495
>>  8 1517
>>  9 1523
>>  10 1529
>>  11 1525
>>  12 1518
>>  13 1514
>>  14 1524
>>  15 1506
>>  16 1521
>>  17 1521
>>  18 1520
>>  19 1521
>>  20 1520
>>  21 1527
>>  22 1519
>>  23 1520
>>  24 1518
>>  25 1520
>>  26 1535
>>  27 1535
>>  28 1535
>>  29 1528
>>  30 1506
>>  31 1510
>>  32 1521
>>  33 1535
>>  34 1527
>>  35 1513
>>  36 1527
>>  37 1535
>>  38 1533
>>  39 1534
>>  40 1527
>>  41 1535
>>  42 1520
>>  43 1525
>>  44 1527
>>  45 1535
>>  46 1523
>>  47 1520
>>  48 1530
>>  49 1526
>>  50 1519
>>  51 1527
>>  52 1522
>>  53 1535
>>  54 1535
>>  55 1533
>>  56 1532
>>  57 1535
>>  58 1529
>>  59 1535
>>  60 1535
>>  61 1521
>>  62 1520
>>  63 1531
>>  64 1522
>>  65 1535
>>  66 1529
>>  67 1521
>>  68 1518
>>  69 1527
>>  70 1522
>>  71 1531
>>  72 1526
>>  73 1520
>>  74 1535
>>  75 1535
>>  76 1531
>>  77 1535
>>  78 1531
>>  79 1509
>>  80 1510
>>  81 1522
>>  82 1531
>>  83 1504
>>  84 1495
