(268) heap_init: Aï¿½ets Jul 29 2019 12:21:46

rst:0x1 (POWERON_RESET),boot:0x13 (SPI_FAST_FLASH_BOOT)
configsip: 0, SPIWP:0xee
clk_drv:0x00,q_drv:0x00,d_drv:0x00,cs0_drv:0x00,hd_drv:0x00,wp_drv:0x00
mode:DIO, clock div:2
load:0x3fff0030,len:7172
load:0x40078000,len:15540
load:0x40080400,len:4
ho 8 tail 4 room 4
load:0x40080404,len:3904
entry 0x40080640
[0;32mI (31) boot: ESP-IDF v5.2.1 2nd stage bootloader[0m
[0;32mI (31) boot: compile time May  6 2024 18:07:38[0m
[0;32mI (31) boot: Multicore bootloader[0m
[0;32mI (35) boot: chip revision: v3.1[0m
[0;32mI (39) boot.esp32: SPI Speed      : 40MHz[0m
[0;32mI (44) boot.esp32: SPI Mode       : DIO[0m
[0;32mI (48) boot.esp32: SPI Flash Size : 2MB[0m
[0;32mI (53) boot: Enabling RNG early entropy source...[0m
[0;32mI (58) boot: Partition Table:[0m
[0;32mI (62) boot: ## Label            Usage          Type ST Offset   Length[0m
[0;32mI (69) boot:  0 nvs              WiFi data        01 02 00009000 00006000[0m
[0;32mI (77) boot:  1 phy_init         RF data          01 01 0000f000 00001000[0m
[0;32mI (84) boot:  2 factory          factory app      00 00 00010000 00100000[0m
[0;32mI (92) boot: End of partition table[0m
[0;32mI (96) esp_image: segment 0: paddr=00010020 vaddr=3f400020 size=09e98h ( 40600) map[0m
[0;32mI (118) esp_image: segment 1: paddr=00019ec0 vaddr=3ffb0000 size=0220ch (  8716) load[0m
[0;32mI (122) esp_image: segment 2: paddr=0001c0d4 vaddr=40080000 size=03f44h ( 16196) load[0m
[0;32mI (130) esp_image: segment 3: paddr=00020020 vaddr=400d0020 size=176a0h ( 95904) map[0m
[0;32mI (165) esp_image: segment 4: paddr=000376c8 vaddr=40083f44 size=087d8h ( 34776) load[0m
[0;32mI (185) boot: Loaded app from partition at offset 0x10000[0m
[0;32mI (186) boot: Disabling RNG early entropy source...[0m
[0;32mI (197) cpu_start: Multicore app[0m
[0;32mI (206) cpu_start: Pro cpu start user code[0m
[0;32mI (206) cpu_start: cpu freq: 160000000 Hz[0m
[0;32mI (206) cpu_start: Application information:[0m
[0;32mI (209) cpu_start: Project name:     main[0m
[0;32mI (213) cpu_start: App version:      1[0m
[0;32mI (218) cpu_start: Compile time:     May  6 2024 18:07:22[0m
[0;32mI (224) cpu_start: ELF file SHA256:  a75256225...[0m
[0;32mI (229) cpu_start: ESP-IDF:          v5.2.1[0m
[0;32mI (234) cpu_start: Min chip rev:     v0.0[0m
[0;32mI (239) cpu_start: Max chip rev:     v3.99 [0m
[0;32mI (244) cpu_start: Chip rev:         v3.1[0m
[0;32mI (249) heap_init: Initializing. RAM available for dynamic allocation:[0m
[0;32mI (256) heap_init: At 3FFAE6E0 len 00001920 (6 KiB): DRAM[0m
[0;32mI (262) heap_init: At 3FFB2AD8 len 0002D528 (181 KiB): DRAM[0m
[0;32mI (268) heap_init: At 3FFE0440 len 00003AE0 (14 KiB): D/IRAM[0m
[0;32mI (274) heap_init: At 3FFE4350 len 0001BCB0 (111 KiB): D/IRAM[0m
[0;32mI (281) heap_init: At 4008C71C len 000138E4 (78 KiB): IRAM[0m
[0;32mI (288) spi_flash: detected chip: generic[0m
[0;32mI (292) spi_flash: flash io: dio[0m
[0;33mW (296) spi_flash: Detected size(4096k) larger than the size in the binary image header(2048k). Using the size in the binary image header.[0m
[0;33mW (309) ADC: legacy driver is deprecated, please migrate to `esp_adc/adc_oneshot.h`[0m
[0;32mI (318) main_task: Started on CPU0[0m
[0;32mI (328) main_task: Calling app_main()[0m
>>  0 2416
[0;32mI (328) main_task: Returned from app_main()[0m
>>  1 1609
>>  2 1563
>>  3 1535
>>  4 1557
>>  5 1535
>>  6 1535
>>  7 1552
>>  8 1557
>>  9 1562
>>  10 1555
>>  11 1533
>>  12 1534
>>  13 1535
>>  14 1533
>>  15 1552
>>  16 1552
>>  17 1556
>>  18 1552
>>  19 1527
>>  20 1529
>>  21 1535
>>  22 1535
>>  23 1535
>>  24 1564
>>  25 1553
>>  26 1554
>>  27 1565
>>  28 1535
>>  29 1535
>>  30 1562
>>  31 1535
>>  32 1526
>>  33 1531
>>  34 1535
>>  35 1558
>>  36 1559
>>  37 1559
>>  38 1558
>>  39 1534
>>  40 1531
>>  41 1554
>>  42 1555
>>  43 1555
>>  44 1557
>>  45 1535
>>  46 1527
>>  47 1525
>>  48 1535
>>  49 1535
>>  50 1535
>>  51 1535
>>  52 1535
>>  53 1535
>>  54 1556
>>  55 1521
>>  56 1535
>>  57 1526
>>  58 1535
>>  59 1535
>>  60 1525
>>  61 1535
>>  62 1535
>>  63 1520
>>  64 1522
>>  65 1519
>>  66 1535
>>  67 1531
>>  68 1535
>>  69 1520
>>  70 1533
>>  71 1535
>>  72 1535
>>  73 1525
>>  74 1535
>>  75 1535
>>  76 1535
>>  77 1533
>>  78 1535
>>  79 1531
>>  80 1534
>>  81 1510
>>  82 1517
>>  83 1535
>>  84 1527
>>  85 1531
>>  86 1535
>>  87 1534
>>  88 1524
>>  89 1535
>>  90 1521
>>  91 1534
>>  92 1489
>>  93 1523
>>  94 1530
>>  95 1531
>>  96 1535
>>  97 1535
>>  98 1535
>>  99 1535
>>  0 1535
>>  1 1533
>>  2 1535
>>  3 1516
>>  4 1500
>>  5 1519
>>  6 1529
>>  7 1531
>>  8 1535
>>  9 1535
>>  10 1535
>>  11 1535
>>  12 1535
>>  13 1535
>>  14 1535
>>  15 1535
>>  16 1555
>>  17 1527
>>  18 1535
>>  19 1535
>>  20 1535
>>  21 1557
>>  22 1535
>>  23 1535
>>  24 1520
>>  25 1526
>>  26 1531
>>  27 1526
>>  28 1535
>>  29 1534
>>  30 1515
>>  31 1533
>>  32 1530
>>  33 1535
>>  34 1535
>>  35 1534
>>  36 1535
>>  37 1535
>>  38 1535
>>  39 1535
>>  40 1557
>>  41 1535
>>  42 1552
>>  43 1535
>>  44 1552
>>  45 1535
>>  46 1558
>>  47 1535
>>  48 1535
>>  49 1530
>>  50 1535
>>  51 1534
>>  52 1533
>>  53 1535
>>  54 1535
>>  55 1535
>>  56 1519
>>  57 1535
>>  58 1554
>>  59 1521
>>  60 1535
>>  61 1525
>>  62 1553
>>  63 1533
>>  64 1515
>>  65 1502
>>  66 1520
>>  67 1531
>>  68 1534
>>  69 1523
>>  70 1535
>>  71 1531
>>  72 1535
>>  73 1514
>>  74 1535
>>  75 1534
>>  76 1525
>>  77 1523
>>  78 1533
>>  79 1522
>>  80 1522
>>  81 1535
>>  82 1535
>>  83 1529
>>  84 1517
>>  85 1505
>>  86 1492
>>  87 1519
>>  88 1533
>>  89 1535
>>  90 1535
>>  91 1532
>>  92 1508
>>  93 1529
>>  94 1519
>>  95 1523
>>  96 1520
>>  97 1515
>>  98 1518
>>  99 1518
>>  0 1535
>>  1 1520
>>  2 1519
>>  3 1530
>>  4 1522
>>  5 1521
>>  6 1531
>>  7 1535
>>  8 1520
>>  9 1520
>>  10 1520
>>  11 1520
>>  12 1526
>>  13 1531
>>  14 1535
>>  15 1527
>>  16 1527
>>  17 1535
>>  18 1526
>>  19 1525
>>  20 1530
>>  21 1534
>>  22 1534
>>  23 1535
>>  24 1526
>>  25 1535
>>  26 1531
>>  27 1535
>>  28 1535
>>  29 1534
>>  30 1520
>>  31 1523
>>  32 1526
>>  33 1530
>>  34 1509
>>  35 1522
>>  36 1523
>>  37 1525
>>  38 1531
>>  39 1521
>>  40 1520
>>  41 1516
>>  42 1521
>>  43 1520
>>  44 1523
>>  45 1522
>>  46 1535
>>  47 1531
>>  48 1529
>>  49 1523
>>  50 1535
>>  51 1530
>>  52 1525
>>  53 1520
>>  54 1533
>>  55 1515
>>  56 1526
>>  57 1533
>>  58 1530
>>  59 1529
>>  60 1520
>>  61 1520
>>  62 1517
>>  63 1519
>>  64 1521
>>  65 1527
>>  66 1535
>>  67 1520
>>  68 1506
>>  69 1515
>>  70 1535
>>  71 1535
>>  72 1535
>>  73 1535
>>  74 1508
>>  75 1535
>>  76 1526
>>  77 1529
>>  78 1535
>>  79 1520
>>  80 1533
>>  81 1523
>>  82 1535
>>  83 1520
>>  84 1517
>>  85 1535
>>  86 1516
>>  87 1523
>>  88 1520
>>  89 1506
>>  90 1502
>>  91 1517
>>  92 1511
>>  93 1526
>>  94 1535
>>  95 1534
>>  96 1515
>>  97 1531
>>  98 1527
>>  99 1510
>>  0 1520
>>  1 1523
>>  2 1535
>>  3 1530
>>  4 1507
>>  5 1519
>>  6 1520
>>  7 1522
>>  8 1526
>>  9 1519
>>  10 1531
>>  11 1519
>>  12 1523
>>  13 1522
>>  14 1527
>>  15 1525
>>  16 1526
>>  17 1521
>>  18 1527
>>  19 1525
>>  20 1522
>>  21 1525
>>  22 1520
>>  23 1513
>>  24 1535
>>  25 1519
>>  26 1526
>>  27 1530
>>  28 1529
>>  29 1530
>>  30 1511
>>  31 1520
>>  32 1519
>>  33 1516
>>  34 1522
>>  35 1534
>>  36 1535
>>  37 1534
>>  38 1499
>>  39 1510
>>  40 1506
>>  41 1518
>>  42 1519
>>  43 1501
>>  44 1527
>>  45 1520
>>  46 1520
>>  47 1511
>>  48 1529
>>  49 1531
>>  50 1515
>>  51 1504
>>  52 1505
>>  53 1520
>>  54 1520
>>  55 1523
>>  56 1507
>>  57 1521
>>  58 1535
>>  59 1518
>>  60 1520
>>  61 1505
>>  62 1534
>>  63 1498
>>  64 1535
>>  65 1526
>>  66 1535
>>  67 1522
>>  68 1527
>>  69 1514
>>  70 1501
>>  71 1515
>>  72 1527
>>  73 1507
>>  74 1530
>>  75 1520
>>  76 1515
>>  77 1526
>>  78 1525
>>  79 1504
>>  80 1535
>>  81 1535
>>  82 1516
>>  83 1520
>>  84 1535
>>  85 1518
>>  86 1511
>>  87 1520
>>  88 1525
>>  89 1525
>>  90 1531
>>  91 1520
>>  92 1520
>>  93 1516
>>  94 1511
>>  95 1504
>>  96 1513
>>  97 1520
>>  98 1514
>>  99 1521
>>  0 1531
>>  1 1517
>>  2 1520
>>  3 1535
>>  4 1525
>>  5 1522
>>  6 1527
>>  7 1522
>>  8 1520
>>  9 1520
>>  10 1523
>>  11 1530
>>  12 1535
>>  13 1531
>>  14 1535
>>  15 1520
>>  16 1520
>>  17 1518
>>  18 1511
>>  19 1524
>>  20 1529
>>  21 1521
>>  22 1535
>>  23 1535
>>  24 1520
>>  25 1519
>>  26 1508
>>  27 1535
>>  28 1525
>>  29 1531
>>  30 1527
>>  31 1535
>>  32 1520
>>  33 1515
>>  34 1513
>>  35 1527
>>  36 1525
>>  37 1521
>>  38 1506
>>  39 1521
>>  40 1520
>>  41 1515
>>  42 1521
>>  43 1514
>>  44 1535
>>  45 1506
>>  46 1529
>>  47 1520
>>  48 1491
>>  49 1492
>>  50 1521
>>  51 1527
>>  52 1527
>>  53 1535
>>  54 1534
>>  55 1509
>>  56 1508
>>  57 1527
>>  58 1526
>>  59 1531
>>  60 1535
>>  61 1515
>>  62 1534
>>  63 1535
>>  64 1535
>>  65 1535
>>  66 1535
>>  67 1535
>>  68 1525
>>  69 1534
>>  70 1516
>>  71 1520
>>  72 1535
>>  73 1535
>>  74 1553
>>  75 1517
>>  76 1534
>>  77 1529
>>  78 1535
>>  79 1535
>>  80 1535
>>  81 1526
>>  82 1510
>>  83 1510
>>  84 1530
>>  85 1535
>>  86 1535
>>  87 1535
>>  88 1553
>>  89 1535
>>  90 1535
>>  91 1520
>>  92 1535
>>  93 1519
>>  94 1533
>>  95 1518
>>  96 1520
>>  97 1535
>>  98 1526
>>  99 1519
>>  0 1527
>>  1 1535
>>  2 1535
>>  3 1535
>>  4 1523
>>  5 1530
>>  6 1535
>>  7 1523
>>  8 1533
>>  9 1523
>>  10 1535
>>  11 1535
>>  12 1520
>>  13 1526
>>  14 1535
>>  15 1530
>>  16 1526
>>  17 1525
>>  18 1535
>>  19 1533
>>  20 1535
>>  21 1526
>>  22 1535
>>  23 1534
>>  24 1554
>>  25 1530
>>  26 1520
>>  27 1522
>>  28 1535
>>  29 1535
>>  30 1535
>>  31 1522
>>  32 1553
>>  33 1535
>>  34 1535
>>  35 1522
>>  36 1535
>>  37 1553
>>  38 1535
>>  39 1533
>>  40 1535
>>  41 1523
>>  42 1532
>>  43 1531
>>  44 1529
>>  45 1535
>>  46 1535
>>  47 1525
>>  48 1535
>>  49 1535
>>  50 1535
>>  51 1520
>>  52 1521
>>  53 1535
>>  54 1520
>>  55 1521
>>  56 1535
>>  57 1535
>>  58 1535
>>  59 1530
>>  60 1535
>>  61 1525
>>  62 1535
>>  63 1535
>>  64 1555
>>  65 1535
>>  66 1535
>>  67 1535
>>  68 1535
>>  69 1535
>>  70 1529
>>  71 1535
>>  72 1535
>>  73 1526
>>  74 1535
>>  75 1535
>>  76 1527
>>  77 1504
>>  78 1527
>>  79 1533
>>  80 1533
>>  81 1520
>>  82 1532
>>  83 1517
>>  84 1507
>>  85 1526
>>  86 1531
>>  87 1535
>>  88 1526
>>  89 1521
>>  90 1510
>>  91 1522
>>  92 1533
>>  93 1527
>>  94 1519
>>  95 1520
>>  96 1521
>>  97 1535
>>  98 1529
>>  99 1523
>>  0 1519
>>  1 1511
>>  2 1509
>>  3 1495
>>  4 1526
>>  5 1535
>>  6 1521
>>  7 1526
>>  8 1518
>>  9 1531
>>  10 1517
>>  11 1523
>>  12 1535
>>  13 1535
>>  14 1529
>>  15 1535
>>  16 1522
>>  17 1526
>>  18 1522
>>  19 1526
>>  20 1535
>>  21 1511
>>  22 1511
>>  23 1530
>>  24 1522
>>  25 1531
>>  26 1527
>>  27 1517
>>  28 1531
>>  29 1520
>>  30 1505
>>  31 1503
>>  32 1523
>>  33 1507
>>  34 1515
>>  35 1520
>>  36 1533
>>  37 1507
>>  38 1523
>>  39 1520
>>  40 1526
>>  41 1527
>>  42 1527
>>  43 1531
>>  44 1535
>>  45 1535
>>  46 1529
