[0;32mI (13) boot: ESP-IDF v5.2.1 2nd stage bootloader[0m
[0;32mI (13) boot: compile time May  6 2024 18:07:38[0m
[0;32mI (13) boot: Multicore bootloader[0m
[0;32mI (17) boot: chip revision: v3.1[0m
[0;32mI (20) boot.esp32: SPI Speed      : 40MHz[0m
[0;32mI (25) boot.esp32: SPI Mode       : DIO[0m
[0;32mI (30) boot.esp32: SPI Flash Size : 2MB[0m
[0;32mI (34) boot: Enabling RNG early entropy source...[0m
[0;32mI (40) boot: Partition Table:[0m
[0;32mI (43) boot: ## Label            Usage          Type ST Offset   Length[0m
[0;32mI (50) boot:  0 nvs              WiFi data        01 02 00009000 00006000[0m
[0;32mI (58) boot:  1 phy_init         RF data          01 01 0000f000 00001000[0m
[0;32mI (65) boot:  2 factory          factory app      00 00 00010000 00100000[0m
[0;32mI (73) boot: End of partition table[0m
[0;32mI (77) esp_image: segment 0: paddr=00010020 vaddr=3f400020 size=09c38h ( 39992) map[0m
[0;32mI (99) esp_image: segment 1: paddr=00019c60 vaddr=3ffb0000 size=0220ch (  8716) load[0m
[0;32mI (103) esp_image: segment 2: paddr=0001be74 vaddr=40080000 size=041a4h ( 16804) load[0m
[0;32mI (112) esp_image: segment 3: paddr=00020020 vaddr=400d0020 size=1425ch ( 82524) map[0m
[0;32mI (142) esp_image: segment 4: paddr=00034284 vaddr=400841a4 size=08578h ( 34168) load[0m
[0;32mI (162) boot: Loaded app from partition at offset 0x10000[0m
[0;32mI (162) boot: Disabling RNG early entropy source...[0m
[0;32mI (173) cpu_start: Multicore app[0m
[0;32mI (182) cpu_start: Pro cpu start user code[0m
[0;32mI (182) cpu_start: cpu freq: 160000000 Hz[0m
[0;32mI (182) cpu_start: Application information:[0m
[0;32mI (185) cpu_start: Project name:     main[0m
[0;32mI (190) cpu_start: App version:      1[0m
[0;32mI (194) cpu_start: Compile time:     May  6 2024 18:07:22[0m
[0;32mI (200) cpu_start: ELF file SHA256:  a4dcf6f39...[0m
[0;32mI (206) cpu_start: ESP-IDF:          v5.2.1[0m
[0;32mI (210) cpu_start: Min chip rev:     v0.0[0m
[0;32mI (215) cpu_start: Max chip rev:     v3.99 [0m
[0;32mI (220) cpu_start: Chip rev:         v3.1[0m
[0;32mI (225) heap_init: Initializing. RAM available for dynamic allocation:[0m
[0;32mI (232) heap_init: At 3FFAE6E0 len 00001920 (6 KiB): DRAM[0m
[0;32mI (238) heap_init: At 3FFB2AD8 len 0002D528 (181 KiB): DRAM[0m
[0;32mI (244) heap_init: At 3FFE0440 len 00003AE0 (14 KiB): D/IRAM[0m
[0;32mI (251) heap_init: At 3FFE4350 len 0001BCB0 (111 KiB): D/IRAM[0m
[0;32mI (257) heap_init: At 4008C71C len 000138E4 (78 KiB): IRAM[0m
[0;32mI (265) spi_flash: detected chip: generic[0m
[0;32mI (268) spi_flash: flash io: dio[0m
[0;33mW (272) spi_flash: Detected size(4096k) larger than the size in the binary image header(2048k). Using the size in the binary image header.[0m
[0;33mW (285) ADC: legacy driver is deprecated, please migrate to `esp_adc/adc_oneshot.h`[0m
[0;32mI (294) main_task: Started on CPU0[0m
[0;32mI (304) main_task: Calling app_main()[0m
2695
2655
2687
1813
2672
1807
2674
1811
2686
1836
2684
1840
2681
1815
2683
1828
2690
1851
2709
1881
2815
1936
2896
1987
2944
2011
2957
2027
2915
2059
2993
2081
2939
2106
3014
2114
2977
2129
3021
2145
3044
2135
2985
2133
2951
2133
2960
2118
2941
2103
2875
2069
2846
2034
2810
2027
2785
2000
2773
2000
2738
1977
2738
1971
2747
1955
2706
1922
2704
1904
2661
1861
2622
1844
2590
1824
2496
1773
2486
1726
2320
1629
2231
1520
0
0
0
0
0
0
0
0
0
0
0
0
0
0
0
0
0
0
0
0
0
0
2442
1629
2423
1615
2494
1795
2501
1794
2477
1774
1650
1143
2445
1776
2415
1677
2416
1679
2410
1681
2281
752
2367
1626
2391
1726
2375
1725
2389
1754
2384
1735
2065
1479
1059
656
974
604
690
400
775
427
818
433
735
448
2224
1648
2219
1653
1441
1007
1359
935
1301
895
1415
983
2167
1623
1713
1405
2391
1776
2466
1799
2501
1845
2559
1883
2645
1936
2667
1963
2698
1975
2742
1991
2789
2011
2868
2079
2918
2079
2978
2111
3039
2135
3082
2131
3120
2160
3186
2176
3238
2183
3293
2207
3340
2224
3392
2223
3447
2249
3463
2275
3549
2273
3535
2272
3545
2275
3501
2241
3552
2250
3534
2247
3506
2211
3472
2207
3451
2214
3408
2189
3393
2192
3380
2192
3347
2182
3295
2176
3261
2184
3213
2163
3168
2131
3117
2118
3088
2125
3036
2115
3035
2112
3011
2098
2995
2093
2961
2096
2944
2083
2912
2075
2886
2030
2879
2036
2881
2047
2858
2033
2847
2026
2833
2015
2833
2007
2806
2016
2779
2017
2770
2000
2795
1999
2800
2000
2797
2000
2771
1994
2765
1981
2763
1987
2785
2000
2764
1995
2785
2000
2773
1987
2777
2019
2787
2027
2875
2099
2947
2142
2970
2139
2996
2160
3015
2172
3056
2203
3146
2236
3161
2255
3239
2266
3295
2267
3307
2281
3344
2292
3405
2287
3403
2282
3511
2314
3506
2314
3634
2357
3664
2359
3719
2354
3701
2368
3680
2355
3687
2323
3685
2336
3681
2332
3742
2366
3632
2295
3600
2273
3583
2256
2987
2021
3006
2038
3024
2059
3295
2163
3313
2192
3371
2205
3322
2208
3280
2179
3226
2166
3206
2159
3207
2164
3195
2170
2851
2000
2758
1968
2721
1930
2669
1942
2681
1933
2643
1917
2637
1910
2605
1911
2608
1890
2606
1898
2595
1897
2606
1893
2603
1897
2622
1907
2629
1897
2639
1899
2643
1915
2653
1895
2646
1907
2657
1902
2659
1910
2654
1893
2655
1903
2672
1904
2662
1907
2674
1910
2643
1917
2672
1891
2661
1904
2666
1889
2675
1899
2687
1913
2691
1920
2720
1915
2742
1927
2768
1968
2589
1925
2862
2032
2770
2000
2786
1994
2786
1991
2800
2000
2800
2007
2814
1998
2870
2043
3046
2158
3121
2191
2866
2005
2835
1984
2805
1968
2817
1969
2800
1943
2794
1941
2794
1953
2806
1949
2762
1929
2841
1967
2846
1951
2839
1952
2839
1952
2796
1951
2813
1936
2801
1925
2772
1909
2762
1909
2764
1915
2765
1886
2731
1873
2727
1875
2735
1872
2701
1879
2704
1879
2716
1894
2704
1872
2707
1889
2711
1895
2709
1884
2707
1891
2691
1872
2688
1884
2682
1882
2678
1874
2672
1875
2672
1873
2643
1862
2605
1843
2611
1847
2593
1847
2623
1864
2640
1872
2627
1873
2663
1887
2658
1872
2645
1898
2615
1883
2654
1898
2640
1891
2647
1904
2624
1891
2589
1899
2623
1894
2613
1874
2617
1869
2593
1877
2625
1892
2623
1889
2622
1877
2613
1872
2615
1883
2624
1893
2617
1859
2614
1875
2612
1884
2583
1860
2621
1867
2624
1863
2617
1875
2614
1872
2608
1866
2641
1894
2626
1872
2640
1872
2638
1884
2640
1879
2644
1879
2641
1894
2628
1873
2643
1883
2657
1895
2650
1895
2647
1894
2641
1890
2619
1887
2624
1883
2650
1878
2647
1887
2655
1887
2608
1872
2642
1874
2646
1877
2643
1879
2651
1888
2662
1873
2658
1875
2624
1874
2672
1884
2643
1890
2653
1887
2623
1887
2670
1894
2672
1907
2704
1921
2687
1919
2730
1943
2746
1945
2763
1941
2766
1951
2729
1937
2767
1959
2766
1957
2777
1959
2768
1973
2738
1942
2752
1943
2760
1926
2761
1931
2748
1943
2752
1947
2738
1936
2768
1949
2774
1966
2795
1968
2755
1934
2758
1950
2763
1934
2742
1950
2759
1935
2707
1920
2749
1923
2767
1929
2761
1950
2703
1917
2739
1909
2736
1909
2710
1916
2736
1915
2739
1908
2735
1917
2738
1911
2751
1901
2795
1936
2771
1933
2795
1931
2768
1904
2758
1902
2721
1891
2753
1904
2699
1883
2749
1902
2736
1904
2738
1905
2695
1897
2739
1894
2745
1894
2739
1881
2741
1887
2732
1887
2741
1904
2711
1891
2753
1894
2745
1894
2759
1899
2749
1903
2764
1892
2752
1901
2752
1902
2763
1895
2738
1888
2714
1875
2746
1895
2764
1882
2741
1893
2749
1901
2750
1898
2757
1889
2755
1881
2737
1882
2751
1887
2751
1887
2729
1872
2729
1889
2714
1872
2721
1866
2731
1879
2716
1856
2709
1871
2727
1872
2735
1870
2726
1870
2714
1878
2720
1872
2721
1872
2711
1856
2717
1849
2714
1871
2730
1877
2714
1855
2704
1855
2709
1858
2699
1860
2713
1877
2768
1879
2751
1874
2691
1840
2704
1869
2720
1850
2666
1840
2725
1863
2672
1871
2741
1843
2749
1885
2747
1872
2722
1844
2736
1862
2686
1857
2746
1873
2762
1878
2757
1890
2754
1869
2736
1868
2705
1872
2703
1858
2694
1865
2710
1857
2701
1859
2662
1879
2710
1854
2701
1864
2700
1875
2707
1879
2716
1871
2736
1888
2779
1900
2749
1902
2797
1898
2802
1895
2737
1903
2769
1899
2736
1899
2752
1873
2754
1883
2736
1872
2754
1873
2734
1887
2693
1883
2752
1887
2685
1877
2742
1875
2736
1898
2729
1882
2746
1879
2730
1886
2735
1904
2752
1901
2758
1903
2750
1904
2722
1876
2747
1904
2757
1902
2736
1913
2742
1901
2739
1919
2747
1918
2726
1899
2767
1921
2764
1934
2761
1938
2800
1940
2734
1925
2736
1911
2742
1914
2731
1910
2726
1911
2736
1919
2725
1917
2716
1899
2736
1908
2736
1936
2749
1919
2761
1949
2754
1919
2752
1925
2692
1918
2704
1887
2750
1920
2740
1922
2733
1918
2735
1911
2685
1895
2727
1887
2703
1887
2688
1870
2670
1872
2624
1860
2640
1840
2597
1841
2637
1835
2647
1851
2640
1845
2646
1837
2620
1835
2624
1842
2624
1826
2559
1836
2615
1840
2559
1840
2610
1833
2590
1841
2627
1837
2559
1836
2622
1840
2581
1840
2559
1835
2627
1835
2621
1835
2603
1845
2588
1844
2622
1834
2608
1834
2593
1825
2624
1827
2623
1827
2559
1840
2615
1824
2634
1835
2581
1849
2618
1840
2618
1841
2580
1843
2603
1813
2608
1837
2559
1821
2590
1840
2631
1830
2637
1837
2629
1827
2611
1845
2611
1839
2613
1839
2624
1836
2637
1831
2639
1846
2638
1849
2644
1849
2640
1841
2627
1831
2653
1839
2611
1805
2603
1797
2608
1795
2559
1751
2559
1777
2581
1778
2610
1802
2636
1810
2628
1811
2622
1823
2655
1825
2647
1809
2673
1823
2645
1819
2626
1805
2671
1804
2663
1808
2691
1807
2672
1805
2670
1819
2672
1807
2671
1819
2651
1795
2672
1811
2678
1815
2675
1819
2673
1826
2699
1839
2724
1840
2718
1853
2735
1831
2704
1843
2727
1855
2719
1858
2736
1866
2718
1859
2706
1851
2735
1872
2730
1847
2735
1862
2736
1857
2735
1886
2736
1887
2674
1876
2725
1897
2742
1909
2747
1904
2768
1911
2759
1915
2752
1903
2685
1904
2753
1909
2751
1920
2741
1913
2727
1902
2761
1917
2741
1927
2743
1911
2701
1879
2670
1859
2618
1846
2637
1836
2622
1826
2606
1823
2619
1846
2614
1842
2608
1823
2617
1827
2546
1808
2603
1818
2608
1845
2592
1812
2592
1829
2623
1837
2613
1827
2640
1827
2643
1835
2629
1813
2646
1840
2643
1829
2625
1831
2628
1813
2631
1834
2609
1840
2651
1837
2650
1823
2646
1821
2623
1836
2643
1821
2643
1838
2610
1803
2608
1819
2559
1813
2630
1811
2640
1815
2623
1803
2608
1791
2559
1776
2544
1753
2559
1775
2612
1786
2590
1776
2640
1792
2660
1794
2649
1808
2687
1814
2692
1804
2685
1805
2693
1791
2690
1793
2688
1786
2686
1797
2691
1779
2710
1803
2705
1808
2735
1821
2720
1829
2755
1842
2780
1847
2787
1858
2800
1875
2776
1872
2791
1872
2789
1894
2785
1879
2762
1871
2768
1885
2768
1904
2778
1900
2800
1920
2807
1920
2814
1949
2829
1951
2813
1943
2790
1949
2784
1939
2769
1935
2774
1925
2779
1913
2773
1922
2753
1906
2704
1895
2666
1853
2608
1828
2559
1810
2621
1827
2638
1827
2642
1823
2646
1839
2619
1814
2626
1825
2638
1833
2637
1807
2559
1838
2624
1798
2675
1840
2701
1841
2638
1831
2653
1823
2608
1827
2658
1829
2636
1828
2613
1822
2559
1830
2643
1831
2651
1837
2638
1822
2656
1827
2608
1818
2640
1826
2622
1821
2607
1808
2654
1827
2670
1831
2672
1828
2672
1830
2677
1834
2676
1818
2659
1811
2667
1821
2610
1791
2615
1782
2587
1776
2621
1779
2559
1778
2651
1808
2657
1795
2640
1781
2641
1798
2642
1796
2646
1795
2641
1806
2631
1786
2664
1783
2655
1797
2640
1783
2640
1779
2647
1761
2652
1761
2668
1769
2676
1779
2673
1791
2687
1792
2686
1802
2726
1803
2730
1824
2722
1823
2745
1842
2733
1822
2767
1850
2786
1856
2783
1851
2771
1856
2787
1866
2745
1862
2719
1846
2721
1833
2707
1853
2718
1849
2693
1830
2716
1840
2646
1840
2721
1842
2722
1843
2693
1850
2713
1851
2735
1862
2736
1865
2736
1867
2736
1881
2747
1890
2749
1876
2751
1887
2693
1891
2767
1900
2768
1897
2739
1901
